Component: Arm Compiler for Embedded 6.24 Tool: armlink [5f371500]

==============================================================================

Section Cross References

    stm32f4xx_nucleo_144.o(.ARM.exidx.text.BSP_GetVersion) refers to stm32f4xx_nucleo_144.o(.text.BSP_GetVersion) for [Anonymous Symbol]
    stm32f4xx_nucleo_144.o(.text.BSP_LED_Init) refers to stm32f4xx_nucleo_144.o(.rodata.GPIO_PIN) for GPIO_PIN
    stm32f4xx_nucleo_144.o(.text.BSP_LED_Init) refers to stm32f4xx_nucleo_144.o(.data.GPIO_PORT) for GPIO_PORT
    stm32f4xx_nucleo_144.o(.text.BSP_LED_Init) refers to stm32f4xx_hal_gpio.o(.text.HAL_GPIO_Init) for HAL_GPIO_Init
    stm32f4xx_nucleo_144.o(.text.BSP_LED_Init) refers to stm32f4xx_hal_gpio.o(.text.HAL_GPIO_WritePin) for HAL_GPIO_WritePin
    stm32f4xx_nucleo_144.o(.ARM.exidx.text.BSP_LED_Init) refers to stm32f4xx_nucleo_144.o(.text.BSP_LED_Init) for [Anonymous Symbol]
    stm32f4xx_nucleo_144.o(.text.BSP_LED_DeInit) refers to stm32f4xx_nucleo_144.o(.data.GPIO_PORT) for GPIO_PORT
    stm32f4xx_nucleo_144.o(.text.BSP_LED_DeInit) refers to stm32f4xx_nucleo_144.o(.rodata.GPIO_PIN) for GPIO_PIN
    stm32f4xx_nucleo_144.o(.text.BSP_LED_DeInit) refers to stm32f4xx_hal_gpio.o(.text.HAL_GPIO_WritePin) for HAL_GPIO_WritePin
    stm32f4xx_nucleo_144.o(.text.BSP_LED_DeInit) refers to stm32f4xx_hal_gpio.o(.text.HAL_GPIO_DeInit) for HAL_GPIO_DeInit
    stm32f4xx_nucleo_144.o(.ARM.exidx.text.BSP_LED_DeInit) refers to stm32f4xx_nucleo_144.o(.text.BSP_LED_DeInit) for [Anonymous Symbol]
    stm32f4xx_nucleo_144.o(.text.BSP_LED_On) refers to stm32f4xx_nucleo_144.o(.data.GPIO_PORT) for GPIO_PORT
    stm32f4xx_nucleo_144.o(.text.BSP_LED_On) refers to stm32f4xx_nucleo_144.o(.rodata.GPIO_PIN) for GPIO_PIN
    stm32f4xx_nucleo_144.o(.text.BSP_LED_On) refers to stm32f4xx_hal_gpio.o(.text.HAL_GPIO_WritePin) for HAL_GPIO_WritePin
    stm32f4xx_nucleo_144.o(.ARM.exidx.text.BSP_LED_On) refers to stm32f4xx_nucleo_144.o(.text.BSP_LED_On) for [Anonymous Symbol]
    stm32f4xx_nucleo_144.o(.text.BSP_LED_Off) refers to stm32f4xx_nucleo_144.o(.data.GPIO_PORT) for GPIO_PORT
    stm32f4xx_nucleo_144.o(.text.BSP_LED_Off) refers to stm32f4xx_nucleo_144.o(.rodata.GPIO_PIN) for GPIO_PIN
    stm32f4xx_nucleo_144.o(.text.BSP_LED_Off) refers to stm32f4xx_hal_gpio.o(.text.HAL_GPIO_WritePin) for HAL_GPIO_WritePin
    stm32f4xx_nucleo_144.o(.ARM.exidx.text.BSP_LED_Off) refers to stm32f4xx_nucleo_144.o(.text.BSP_LED_Off) for [Anonymous Symbol]
    stm32f4xx_nucleo_144.o(.text.BSP_LED_Toggle) refers to stm32f4xx_nucleo_144.o(.data.GPIO_PORT) for GPIO_PORT
    stm32f4xx_nucleo_144.o(.text.BSP_LED_Toggle) refers to stm32f4xx_nucleo_144.o(.rodata.GPIO_PIN) for GPIO_PIN
    stm32f4xx_nucleo_144.o(.text.BSP_LED_Toggle) refers to stm32f4xx_hal_gpio.o(.text.HAL_GPIO_TogglePin) for HAL_GPIO_TogglePin
    stm32f4xx_nucleo_144.o(.ARM.exidx.text.BSP_LED_Toggle) refers to stm32f4xx_nucleo_144.o(.text.BSP_LED_Toggle) for [Anonymous Symbol]
    stm32f4xx_nucleo_144.o(.text.BSP_PB_Init) refers to stm32f4xx_nucleo_144.o(.rodata.BUTTON_PIN) for BUTTON_PIN
    stm32f4xx_nucleo_144.o(.text.BSP_PB_Init) refers to stm32f4xx_nucleo_144.o(.data.BUTTON_PORT) for BUTTON_PORT
    stm32f4xx_nucleo_144.o(.text.BSP_PB_Init) refers to stm32f4xx_hal_gpio.o(.text.HAL_GPIO_Init) for HAL_GPIO_Init
    stm32f4xx_nucleo_144.o(.text.BSP_PB_Init) refers to stm32f4xx_nucleo_144.o(.rodata.BUTTON_IRQn) for BUTTON_IRQn
    stm32f4xx_nucleo_144.o(.text.BSP_PB_Init) refers to stm32f4xx_hal_cortex.o(.text.HAL_NVIC_SetPriority) for HAL_NVIC_SetPriority
    stm32f4xx_nucleo_144.o(.text.BSP_PB_Init) refers to stm32f4xx_hal_cortex.o(.text.HAL_NVIC_EnableIRQ) for HAL_NVIC_EnableIRQ
    stm32f4xx_nucleo_144.o(.ARM.exidx.text.BSP_PB_Init) refers to stm32f4xx_nucleo_144.o(.text.BSP_PB_Init) for [Anonymous Symbol]
    stm32f4xx_nucleo_144.o(.text.BSP_PB_DeInit) refers to stm32f4xx_nucleo_144.o(.rodata.BUTTON_PIN) for BUTTON_PIN
    stm32f4xx_nucleo_144.o(.text.BSP_PB_DeInit) refers to stm32f4xx_nucleo_144.o(.rodata.BUTTON_IRQn) for BUTTON_IRQn
    stm32f4xx_nucleo_144.o(.text.BSP_PB_DeInit) refers to stm32f4xx_hal_cortex.o(.text.HAL_NVIC_DisableIRQ) for HAL_NVIC_DisableIRQ
    stm32f4xx_nucleo_144.o(.text.BSP_PB_DeInit) refers to stm32f4xx_nucleo_144.o(.data.BUTTON_PORT) for BUTTON_PORT
    stm32f4xx_nucleo_144.o(.text.BSP_PB_DeInit) refers to stm32f4xx_hal_gpio.o(.text.HAL_GPIO_DeInit) for HAL_GPIO_DeInit
    stm32f4xx_nucleo_144.o(.ARM.exidx.text.BSP_PB_DeInit) refers to stm32f4xx_nucleo_144.o(.text.BSP_PB_DeInit) for [Anonymous Symbol]
    stm32f4xx_nucleo_144.o(.text.BSP_PB_GetState) refers to stm32f4xx_nucleo_144.o(.data.BUTTON_PORT) for BUTTON_PORT
    stm32f4xx_nucleo_144.o(.text.BSP_PB_GetState) refers to stm32f4xx_nucleo_144.o(.rodata.BUTTON_PIN) for BUTTON_PIN
    stm32f4xx_nucleo_144.o(.text.BSP_PB_GetState) refers to stm32f4xx_hal_gpio.o(.text.HAL_GPIO_ReadPin) for HAL_GPIO_ReadPin
[...]
    [Anonymous Symbol]                       0x08002570   Section        0  LCD_Driver.o(.text.LCD_WriteParam)
    LCD_WriteParameters                      0x08002589   Thumb Code   112  LCD_Driver.o(.text.LCD_WriteParameters)
    [Anonymous Symbol]                       0x08002588   Section        0  LCD_Driver.o(.text.LCD_WriteParameters)
    [Anonymous Symbol]                       0x080025f8   Section        0  LCD_Driver.o(.text.LCD_clear)
    [Anonymous Symbol]                       0x0800261c   Section        0  LCD_Driver.o(.text.LCD_fillRectangleBW)
    [Anonymous Symbol]                       0x080027ac   Section        0  LCD_Driver.o(.text.LCD_fillRectangleMC)
    [Anonymous Symbol]                       0x08002878   Section        0  LCD_Driver.o(.text.LCD_init)
    LCD_setWindow                            0x080028e9   Thumb Code    88  LCD_Driver.o(.text.LCD_setWindow)
    [Anonymous Symbol]                       0x080028e8   Section        0  LCD_Driver.o(.text.LCD_setWindow)
    MX_GPIO_Init                             0x08002941   Thumb Code   414  LCD_GPIO.o(.text.MX_GPIO_Init)
    [Anonymous Symbol]                       0x08002940   Section        0  LCD_GPIO.o(.text.MX_GPIO_Init)
    MX_TIM4_Init                             0x08002ae1   Thumb Code   170  LCD_TIM.o(.text.MX_TIM4_Init)
    [Anonymous Symbol]                       0x08002ae0   Section        0  LCD_TIM.o(.text.MX_TIM4_Init)
    [Anonymous Symbol]                       0x08002b8c   Section        0  stm32f4xx_it.o(.text.MemManage_Handler)
    [Anonymous Symbol]                       0x08002b90   Section        0  stm32f4xx_it.o(.text.NMI_Handler)
    NVIC_EncodePriority                      0x08002b95   Thumb Code   108  stm32f4xx_hal_cortex.o(.text.NVIC_EncodePriority)
    [Anonymous Symbol]                       0x08002b94   Section        0  stm32f4xx_hal_cortex.o(.text.NVIC_EncodePriority)
    [Anonymous Symbol]                       0x08002c00   Section        0  LCD_TIM.o(.text.PWM_SetValue)
    [Anonymous Symbol]                       0x08002c38   Section        0  stm32f4xx_it.o(.text.PendSV_Handler)
    [Anonymous Symbol]                       0x08002c3c   Section        0  LCD_SPI.o(.text.SPI4W_Write_Byte)
    SPIInitDevWithoutHAL                     0x08002cf5   Thumb Code    76  LCD_SPI.o(.text.SPIInitDevWithoutHAL)
    [Anonymous Symbol]                       0x08002cf4   Section        0  LCD_SPI.o(.text.SPIInitDevWithoutHAL)
    SPIInitGPIOsWithoutHAL                   0x08002d41   Thumb Code   218  LCD_SPI.o(.text.SPIInitGPIOsWithoutHAL)
    [Anonymous Symbol]                       0x08002d40   Section        0  LCD_SPI.o(.text.SPIInitGPIOsWithoutHAL)
    [Anonymous Symbol]                       0x08002e1c   Section        0  LCD_SPI.o(.text.SPIinit)
    [Anonymous Symbol]                       0x08002e2c   Section        0  stm32f4xx_it.o(.text.SVC_Handler)
    SysTick_Config                           0x08002e31   Thumb Code    82  stm32f4xx_hal_cortex.o(.text.SysTick_Config)
    [Anonymous Symbol]                       0x08002e30   Section        0  stm32f4xx_hal_cortex.o(.text.SysTick_Config)
    [Anonymous Symbol]                       0x08002e84   Section        0  stm32f4xx_it.o(.text.SysTick_Handler)
    SystemClock_Config                       0x08002e8d   Thumb Code   184  init.o(.text.SystemClock_Config)
    [Anonymous Symbol]                       0x08002e8c   Section        0  init.o(.text.SystemClock_Config)
    [Anonymous Symbol]                       0x08002f44   Section        0  system_stm32f4xx.o(.text.SystemInit)
    [Anonymous Symbol]                       0x08002fb4   Section        0  LCD_TIM.o(.text.TIM4_Init)
    [Anonymous Symbol]                       0x08002fbc   Section        0  stm32f4xx_hal_tim.o(.text.TIM_Base_SetConfig)
    [Anonymous Symbol]                       0x08003158   Section        0  stm32f4xx_hal_tim.o(.text.TIM_CCxChannelCmd)
    TIM_OC1_SetConfig                        0x08003191   Thumb Code   234  stm32f4xx_hal_tim.o(.text.TIM_OC1_SetConfig)
    [Anonymous Symbol]                       0x08003190   Section        0  stm32f4xx_hal_tim.o(.text.TIM_OC1_SetConfig)
    [Anonymous Symbol]                       0x0800327c   Section        0  stm32f4xx_hal_tim.o(.text.TIM_OC2_SetConfig)
    TIM_OC3_SetConfig                        0x08003371   Thumb Code   242  stm32f4xx_hal_tim.o(.text.TIM_OC3_SetConfig)
    [Anonymous Symbol]                       0x08003370   Section        0  stm32f4xx_hal_tim.o(.text.TIM_OC3_SetConfig)
    TIM_OC4_SetConfig                        0x08003465   Thumb Code   164  stm32f4xx_hal_tim.o(.text.TIM_OC4_SetConfig)
    [Anonymous Symbol]                       0x08003464   Section        0  stm32f4xx_hal_tim.o(.text.TIM_OC4_SetConfig)
    [Anonymous Symbol]                       0x08003508   Section        0  LCD_Touch.o(.text.TP_InitBasic)
    TP_SetDefaultCalibration                 0x0800353d   Thumb Code    42  LCD_Touch.o(.text.TP_SetDefaultCalibration)
    [Anonymous Symbol]                       0x0800353c   Section        0  LCD_Touch.o(.text.TP_SetDefaultCalibration)
    USART3_Control                           0x08003569   Thumb Code    28  USART_STM32F4xx.o(.text.USART3_Control)
    [Anonymous Symbol]                       0x08003568   Section        0  USART_STM32F4xx.o(.text.USART3_Control)
    USART3_GetCapabilities                   0x08003585   Thumb Code    24  USART_STM32F4xx.o(.text.USART3_GetCapabilities)
    [Anonymous Symbol]                       0x08003584   Section        0  USART_STM32F4xx.o(.text.USART3_GetCapabilities)
    USART3_GetModemStatus                    0x0800359d   Thumb Code    24  USART_STM32F4xx.o(.text.USART3_GetModemStatus)
    [Anonymous Symbol]                       0x0800359c   Section        0  USART_STM32F4xx.o(.text.USART3_GetModemStatus)
    USART3_GetRxCount                        0x080035b5   Thumb Code    16  USART_STM32F4xx.o(.text.USART3_GetRxCount)
    [Anonymous Symbol]                       0x080035b4   Section        0  USART_STM32F4xx.o(.text.USART3_GetRxCount)
    USART3_GetStatus                         0x080035c5   Thumb Code    24  USART_STM32F4xx.o(.text.USART3_GetStatus)
    [Anonymous Symbol]                       0x080035c4   Section        0  USART_STM32F4xx.o(.text.USART3_GetStatus)
    USART3_GetTxCount                        0x080035dd   Thumb Code    16  USART_STM32F4xx.o(.text.USART3_GetTxCount)
    [Anonymous Symbol]                       0x080035dc   Section        0  USART_STM32F4xx.o(.text.USART3_GetTxCount)
    [Anonymous Symbol]                       0x080035ec   Section        0  USART_STM32F4xx.o(.text.USART3_IRQHandler)
    USART3_Initialize                        0x080035fd   Thumb Code    24  USART_STM32F4xx.o(.text.USART3_Initialize)
    [Anonymous Symbol]                       0x080035fc   Section        0  USART_STM32F4xx.o(.text.USART3_Initialize)
    USART3_PowerControl                      0x08003615   Thumb Code    28  USART_STM32F4xx.o(.text.USART3_PowerControl)
    [Anonymous Symbol]                       0x08003614   Section        0  USART_STM32F4xx.o(.text.USART3_PowerControl)
    USART3_Receive                           0x08003631   Thumb Code    28  USART_STM32F4xx.o(.text.USART3_Receive)
    [Anonymous Symbol]                       0x08003630   Section        0  USART_STM32F4xx.o(.text.USART3_Receive)
    USART3_Send                              0x0800364d   Thumb Code    28  USART_STM32F4xx.o(.text.USART3_Send)
    [Anonymous Symbol]                       0x0800364c   Section        0  USART_STM32F4xx.o(.text.USART3_Send)
    USART3_SetModemControl                   0x08003669   Thumb Code    28  USART_STM32F4xx.o(.text.USART3_SetModemControl)
    [Anonymous Symbol]                       0x08003668   Section        0  USART_STM32F4xx.o(.text.USART3_SetModemControl)
    USART3_Transfer                          0x08003685   Thumb Code    32  USART_STM32F4xx.o(.text.USART3_Transfer)
    [Anonymous Symbol]                       0x08003684   Section        0  USART_STM32F4xx.o(.text.USART3_Transfer)
    USART3_Uninitialize                      0x080036a5   Thumb Code    16  USART_STM32F4xx.o(.text.USART3_Uninitialize)
    [Anonymous Symbol]                       0x080036a4   Section        0  USART_STM32F4xx.o(.text.USART3_Uninitialize)
    USART_Control                            0x080036b5   Thumb Code  3462  USART_STM32F4xx.o(.text.USART_Control)
    [Anonymous Symbol]                       0x080036b4   Section        0  USART_STM32F4xx.o(.text.USART_Control)
    USART_GetCapabilities                    0x0800443d   Thumb Code    16  USART_STM32F4xx.o(.text.USART_GetCapabilities)
    [Anonymous Symbol]                       0x0800443c   Section        0  USART_STM32F4xx.o(.text.USART_GetCapabilities)
    USART_GetModemStatus                     0x0800444d   Thumb Code   106  USART_STM32F4xx.o(.text.USART_GetModemStatus)
    [Anonymous Symbol]                       0x0800444c   Section        0  USART_STM32F4xx.o(.text.USART_GetModemStatus)
    USART_GetRxCount                         0x080044b9   Thumb Code    14  USART_STM32F4xx.o(.text.USART_GetRxCount)
    [Anonymous Symbol]                       0x080044b8   Section        0  USART_STM32F4xx.o(.text.USART_GetRxCount)
    USART_GetStatus                          0x080044c9   Thumb Code   212  USART_STM32F4xx.o(.text.USART_GetStatus)
    [Anonymous Symbol]                       0x080044c8   Section        0  USART_STM32F4xx.o(.text.USART_GetStatus)
    USART_GetTxCount                         0x0800459d   Thumb Code    14  USART_STM32F4xx.o(.text.USART_GetTxCount)
    [Anonymous Symbol]                       0x0800459c   Section        0  USART_STM32F4xx.o(.text.USART_GetTxCount)
    [Anonymous Symbol]                       0x080045ac   Section        0  USART_STM32F4xx.o(.text.USART_IRQHandler)
    USART_Initialize                         0x080049b1   Thumb Code   224  USART_STM32F4xx.o(.text.USART_Initialize)
    [Anonymous Symbol]                       0x080049b0   Section        0  USART_STM32F4xx.o(.text.USART_Initialize)
    USART_PeripheralReset                    0x08004a91   Thumb Code   588  USART_STM32F4xx.o(.text.USART_PeripheralReset)
    [Anonymous Symbol]                       0x08004a90   Section        0  USART_STM32F4xx.o(.text.USART_PeripheralReset)
    USART_PowerControl                       0x08004cdd   Thumb Code  1118  USART_STM32F4xx.o(.text.USART_PowerControl)
    [Anonymous Symbol]                       0x08004cdc   Section        0  USART_STM32F4xx.o(.text.USART_PowerControl)
    USART_Receive                            0x0800513d   Thumb Code   228  USART_STM32F4xx.o(.text.USART_Receive)
    [Anonymous Symbol]                       0x0800513c   Section        0  USART_STM32F4xx.o(.text.USART_Receive)
    USART_Send                               0x08005221   Thumb Code   182  USART_STM32F4xx.o(.text.USART_Send)
    [Anonymous Symbol]                       0x08005220   Section        0  USART_STM32F4xx.o(.text.USART_Send)
    USART_SetModemControl                    0x080052d9   Thumb Code   226  USART_STM32F4xx.o(.text.USART_SetModemControl)
    [Anonymous Symbol]                       0x080052d8   Section        0  USART_STM32F4xx.o(.text.USART_SetModemControl)
    USART_Transfer                           0x080053bd   Thumb Code   150  USART_STM32F4xx.o(.text.USART_Transfer)
    [Anonymous Symbol]                       0x080053bc   Section        0  USART_STM32F4xx.o(.text.USART_Transfer)
    USART_Uninitialize                       0x08005455   Thumb Code   192  USART_STM32F4xx.o(.text.USART_Uninitialize)
    [Anonymous Symbol]                       0x08005454   Section        0  USART_STM32F4xx.o(.text.USART_Uninitialize)
    USARTx_GetVersion                        0x08005515   Thumb Code    18  USART_STM32F4xx.o(.text.USARTx_GetVersion)
    [Anonymous Symbol]                       0x08005514   Section        0  USART_STM32F4xx.o(.text.USARTx_GetVersion)
    [Anonymous Symbol]                       0x08005528   Section        0  stm32f4xx_it.o(.text.UsageFault_Handler)
    __NVIC_ClearPendingIRQ                   0x0800552d   Thumb Code    48  USART_STM32F4xx.o(.text.__NVIC_ClearPendingIRQ)
    [Anonymous Symbol]                       0x0800552c   Section        0  USART_STM32F4xx.o(.text.__NVIC_ClearPendingIRQ)
    __NVIC_DisableIRQ                        0x0800555d   Thumb Code    56  stm32f4xx_hal_cortex.o(.text.__NVIC_DisableIRQ)
    [Anonymous Symbol]                       0x0800555c   Section        0  stm32f4xx_hal_cortex.o(.text.__NVIC_DisableIRQ)
    __NVIC_EnableIRQ                         0x08005595   Thumb Code    48  USART_STM32F4xx.o(.text.__NVIC_EnableIRQ)
    [Anonymous Symbol]                       0x08005594   Section        0  USART_STM32F4xx.o(.text.__NVIC_EnableIRQ)
    __NVIC_GetPriorityGrouping               0x080055c5   Thumb Code    16  stm32f4xx_hal_cortex.o(.text.__NVIC_GetPriorityGrouping)
    [Anonymous Symbol]                       0x080055c4   Section        0  stm32f4xx_hal_cortex.o(.text.__NVIC_GetPriorityGrouping)
    __NVIC_SetPriority                       0x080055d5   Thumb Code    66  stm32f4xx_hal_cortex.o(.text.__NVIC_SetPriority)
    [Anonymous Symbol]                       0x080055d4   Section        0  stm32f4xx_hal_cortex.o(.text.__NVIC_SetPriority)
    __NVIC_SetPriorityGrouping               0x08005619   Thumb Code    60  stm32f4xx_hal_cortex.o(.text.__NVIC_SetPriorityGrouping)
    [Anonymous Symbol]                       0x08005618   Section        0  stm32f4xx_hal_cortex.o(.text.__NVIC_SetPriorityGrouping)
    [Anonymous Symbol]                       0x08005654   Section        0  fontsFLASH.o(.text.checkVersionFlashFonts)
    check_SPI_SR                             0x08005675   Thumb Code    72  LCD_SPI.o(.text.check_SPI_SR)
    [Anonymous Symbol]                       0x08005674   Section        0  LCD_SPI.o(.text.check_SPI_SR)
    initBlueButton                           0x080056bd   Thumb Code    72  main.o(.text.initBlueButton)
    [Anonymous Symbol]                       0x080056bc   Section        0  main.o(.text.initBlueButton)
    initGPIOs                                0x08005705   Thumb Code   320  init.o(.text.initGPIOs)
    [Anonymous Symbol]                       0x08005704   Section        0  init.o(.text.initGPIOs)
    [Anonymous Symbol]                       0x08005844   Section        0  init.o(.text.initITSboard)
    [Anonymous Symbol]                       0x08005858   Section        0  LCD_Tools.o(.text.itoa)
    [Anonymous Symbol]                       0x0800590c   Section        0  lcd.o(.text.lcdPrintS)
    [Anonymous Symbol]                       0x08005ae0   Section        0  lcd.o(.text.lcdPrintlnS)
    [Anonymous Symbol]                       0x08005b34   Section        0  main.o(.text.main)
    [Anonymous Symbol]                       0x08005bc0   Section        0  LCD_Debug.o(.text.printDebugMsg)
    runTest                                  0x08005c75   Thumb Code   186  main.o(.text.runTest)
    [Anonymous Symbol]                       0x08005c74   Section        0  main.o(.text.runTest)
    save_restore_AltFn_SPI1_MOSI_Pin         0x08005d31   Thumb Code    48  LCD_SPI.o(.text.save_restore_AltFn_SPI1_MOSI_Pin)
    [Anonymous Symbol]                       0x08005d30   Section        0  LCD_SPI.o(.text.save_restore_AltFn_SPI1_MOSI_Pin)
    statusBlueButton                         0x08005d61   Thumb Code   130  main.o(.text.statusBlueButton)
    [Anonymous Symbol]                       0x08005d60   Section        0  main.o(.text.statusBlueButton)
    [Anonymous Symbol]                       0x08005de4   Section        0  stdinout_USART.o(.text.stdinout_init)
    stringCopy                               0x08005e95   Thumb Code    70  lcd.o(.text.stringCopy)
    [Anonymous Symbol]                       0x08005e94   Section        0  lcd.o(.text.stringCopy)
    waitUntilButtonPressedAndReleased        0x08005edd   Thumb Code    30  main.o(.text.waitUntilButtonPressedAndReleased)
    [Anonymous Symbol]                       0x08005edc   Section        0  main.o(.text.waitUntilButtonPressedAndReleased)
    i.__scatterload_copy                     0x08005efa   Section       14  handlers.o(i.__scatterload_copy)
    i.__scatterload_null                     0x08005f08   Section        2  handlers.o(i.__scatterload_null)
    i.__scatterload_zeroinit                 0x08005f0a   Section       14  handlers.o(i.__scatterload_zeroinit)
    Consolas40_Table                         0x08005f30   Data       11685  Consolas40.o(.rodata.Consolas40_Table)
    [Anonymous Symbol]                       0x08005f30   Section        0  Consolas40.o(.rodata.Consolas40_Table)
    Consolas60_Table                         0x08008cd5   Data       28975  Consolas60.o(.rodata.Consolas60_Table)
    [Anonymous Symbol]                       0x08008cd5   Section        0  Consolas60.o(.rodata.Consolas60_Table)
    Consolas80_Table                         0x0800fe04   Data       46170  Consolas80.o(.rodata.Consolas80_Table)
    [Anonymous Symbol]                       0x0800fe04   Section        0  Consolas80.o(.rodata.Consolas80_Table)
    Consolas90_Table                         0x0801b25e   Data       60515  Consolas90.o(.rodata.Consolas90_Table)
    [Anonymous Symbol]                       0x0801b25e   Section        0  Consolas90.o(.rodata.Consolas90_Table)
    ConsolasBold40_Table                     0x08029ec1   Data       11685  ConsolasBold40.o(.rodata.ConsolasBold40_Table)
    [Anonymous Symbol]                       0x08029ec1   Section        0  ConsolasBold40.o(.rodata.ConsolasBold40_Table)
    ConsolasBold60_Table                     0x0802cc66   Data       28975  ConsolasBold60.o(.rodata.ConsolasBold60_Table)
    [Anonymous Symbol]                       0x0802cc66   Section        0  ConsolasBold60.o(.rodata.ConsolasBold60_Table)
    ConsolasBold80_Table                     0x08033d95   Data       46170  ConsolasBold80.o(.rodata.ConsolasBold80_Table)
    [Anonymous Symbol]                       0x08033d95   Section        0  ConsolasBold80.o(.rodata.ConsolasBold80_Table)
    ConsolasBold90_Table                     0x0803f1ef   Data       60515  ConsolasBold90.o(.rodata.ConsolasBold90_Table)
    [Anonymous Symbol]                       0x0803f1ef   Section        0  ConsolasBold90.o(.rodata.ConsolasBold90_Table)
    CourierNew48_Table                       0x0804de52   Data       17860  CourierNew48.o(.rodata.CourierNew48_Table)
    [Anonymous Symbol]                       0x0804de52   Section        0  CourierNew48.o(.rodata.CourierNew48_Table)
    CourierNewBold40_Table                   0x08052416   Data       15960  CourierNewBold40.o(.rodata.CourierNewBold40_Table)
    [Anonymous Symbol]                       0x08052416   Section        0  CourierNewBold40.o(.rodata.CourierNewBold40_Table)
    CourierNewBold60_Table                   0x0805626e   Data       35340  CourierNewBold60.o(.rodata.CourierNewBold60_Table)
    [Anonymous Symbol]                       0x0805626e   Section        0  CourierNewBold60.o(.rodata.CourierNewBold60_Table)
    FiraMono40_Table                         0x0805ecb4   Data       16340  FiraMono40.o(.rodata.FiraMono40_Table)
    [Anonymous Symbol]                       0x0805ecb4   Section        0  FiraMono40.o(.rodata.FiraMono40_Table)
    FiraMono60_Table                         0x08062c88   Data       30400  FiraMono60.o(.rodata.FiraMono60_Table)
    [Anonymous Symbol]                       0x08062c88   Section        0  FiraMono60.o(.rodata.FiraMono60_Table)
    FiraMono80_Table                         0x0806a348   Data       56525  FiraMono80.o(.rodata.FiraMono80_Table)
    [Anonymous Symbol]                       0x0806a348   Section        0  FiraMono80.o(.rodata.FiraMono80_Table)
    FiraMono90_Table                         0x08078015   Data       64505  FiraMono90.o(.rodata.FiraMono90_Table)
    [Anonymous Symbol]                       0x08078015   Section        0  FiraMono90.o(.rodata.FiraMono90_Table)
    FiraMonoMedium40_Table                   0x08087c0e   Data       16720  FiraMonoMedium40.o(.rodata.FiraMonoMedium40_Table)
    [Anonymous Symbol]                       0x08087c0e   Section        0  FiraMonoMedium40.o(.rodata.FiraMonoMedium40_Table)
    FiraMonoMedium60_Table                   0x0808bd5e   Data       30875  FiraMonoMedium60.o(.rodata.FiraMonoMedium60_Table)
    [Anonymous Symbol]                       0x0808bd5e   Section        0  FiraMonoMedium60.o(.rodata.FiraMonoMedium60_Table)
    FiraMonoMedium80_Table                   0x080935f9   Data       57855  FiraMonoMedium80.o(.rodata.FiraMonoMedium80_Table)
    [Anonymous Symbol]                       0x080935f9   Section        0  FiraMonoMedium80.o(.rodata.FiraMonoMedium80_Table)
    FiraMonoMedium90_Table                   0x080a17f8   Data       64505  FiraMonoMedium90.o(.rodata.FiraMonoMedium90_Table)
    [Anonymous Symbol]                       0x080a17f8   Section        0  FiraMonoMedium90.o(.rodata.FiraMonoMedium90_Table)
    USART3_Resources                         0x080b50d0   Data          52  USART_STM32F4xx.o(.rodata.USART3_Resources)
    [Anonymous Symbol]                       0x080b50d0   Section        0  USART_STM32F4xx.o(.rodata.USART3_Resources)
    USART3_rx                                0x080b5104   Data          12  USART_STM32F4xx.o(.rodata.USART3_rx)
    [Anonymous Symbol]                       0x080b5104   Section        0  USART_STM32F4xx.o(.rodata.USART3_rx)
    USART3_tx                                0x080b5110   Data          12  USART_STM32F4xx.o(.rodata.USART3_tx)
    [Anonymous Symbol]                       0x080b5110   Section        0  USART_STM32F4xx.o(.rodata.USART3_tx)
    .L.str                                   0x080b5183   Data          76  LCD_GUI.o(.rodata.str1.1)
    [Anonymous Symbol]                       0x080b5183   Section        0  LCD_GUI.o(.rodata.str1.1)
    .L.str                                   0x080b51cf   Data          76  LCD_SPI.o(.rodata.str1.1)
    [Anonymous Symbol]                       0x080b51cf   Section        0  LCD_SPI.o(.rodata.str1.1)
    .L.str                                   0x080b521b   Data          76  LCD_TIM.o(.rodata.str1.1)
    [Anonymous Symbol]                       0x080b521b   Section        0  LCD_TIM.o(.rodata.str1.1)
    .L.str.1                                 0x080b5267   Data           6  LCD_Debug.o(.rodata.str1.1)
    [Anonymous Symbol]                       0x080b5267   Section        0  LCD_Debug.o(.rodata.str1.1)
    .L.str                                   0x080b526d   Data          22  LCD_Debug.o(.rodata.str1.1)
    .L.str.1                                 0x080b5283   Data          37  main.o(.rodata.str1.1)
    [Anonymous Symbol]                       0x080b5283   Section        0  main.o(.rodata.str1.1)
    .L.str                                   0x080b52a8   Data          49  main.o(.rodata.str1.1)
    crd                                      0x20000184   Data           4  lcd.o(.data.crd)
    [Anonymous Symbol]                       0x20000184   Section        0  lcd.o(.data.crd)
    fontHeight                               0x20000188   Data           4  lcd.o(.data.fontHeight)
    [Anonymous Symbol]                       0x20000188   Section        0  lcd.o(.data.fontHeight)
    fontWidth                                0x2000024c   Data           4  lcd.o(.data.fontWidth)
    [Anonymous Symbol]                       0x2000024c   Section        0  lcd.o(.data.fontWidth)
    lcdFont                                  0x20000250   Data           4  lcd.o(.data.lcdFont)
    [Anonymous Symbol]                       0x20000250   Section        0  lcd.o(.data.lcdFont)
    lcdmaxx                                  0x20000254   Data           4  lcd.o(.data.lcdmaxx)
    [Anonymous Symbol]                       0x20000254   Section        0  lcd.o(.data.lcdmaxx)
    lcdmaxy                                  0x20000258   Data           4  lcd.o(.data.lcdmaxy)
    [Anonymous Symbol]                       0x20000258   Section        0  lcd.o(.data.lcdmaxy)
    save_restore_AltFn_SPI1_MOSI_Pin.saved_AF 0x2000025c   Data           4  LCD_SPI.o(.data.save_restore_AltFn_SPI1_MOSI_Pin.saved_AF)
    [Anonymous Symbol]                       0x2000025c   Section        0  LCD_SPI.o(.data.save_restore_AltFn_SPI1_MOSI_Pin.saved_AF)
    USART3_Info                              0x200002b0   Data          20  USART_STM32F4xx.o(.bss.USART3_Info)
    [Anonymous Symbol]                       0x200002b0   Section        0  USART_STM32F4xx.o(.bss.USART3_Info)
    USART3_TransferInfo                      0x200002c4   Data          36  USART_STM32F4xx.o(.bss.USART3_TransferInfo)
    [Anonymous Symbol]                       0x200002c4   Section        0  USART_STM32F4xx.o(.bss.USART3_TransferInfo)
    htim4                                    0x200002e8   Data          64  LCD_TIM.o(.bss.htim4)
    [Anonymous Symbol]                       0x200002e8   Section        0  LCD_TIM.o(.bss.htim4)
    lcdColor                                 0x20000328   Data           2  lcd.o(.bss.lcdColor)
    [Anonymous Symbol]                       0x20000328   Section        0  lcd.o(.bss.lcdColor)
    sTP_DEV                                  0x2000032c   Data          24  LCD_Touch.o(.bss.sTP_DEV)
    [Anonymous Symbol]                       0x2000032c   Section        0  LCD_Touch.o(.bss.sTP_DEV)
    STACK                                    0x20000348   Section     1024  startup_stm32f429xx.o(STACK)

    Global Symbols

    Symbol Name                              Value     Ov Type        Size  Object(Section)

    BuildAttributes$$THM_ISAv4$E$P$D$K$B$S$7EM$VFPi3$EXTD16$VFPS$VFMA$PE$A:L22UL41UL21$X:L11$S22US41US21$IEEE1$IW$~IW$USESV6$~STKCKD$USESV7$~SHL$OTIME$ROPI$IEEEJ$EBA8$MICROLIB$REQ8$PRES8$EABIv2 0x00000000   Number         0  anon$$obj.o ABSOLUTE
    __cpp_initialize__aeabi_                  - Undefined Weak Reference
    __cxa_finalize                            - Undefined Weak Reference
    _clock_init                               - Undefined Weak Reference
    _microlib_exit                            - Undefined Weak Reference
    __Vectors_Size                           0x000001ac   Number         0  startup_stm32f429xx.o ABSOLUTE
    __Vectors                                0x08000000   Data           4  startup_stm32f429xx.o(RESET)
    __Vectors_End                            0x080001ac   Data           0  startup_stm32f429xx.o(RESET)
    __main                                   0x080001ad   Thumb Code     0  entry.o(.ARM.Collect$$$$00000000)
    _main_stk                                0x080001ad   Thumb Code     0  entry2.o(.ARM.Collect$$$$00000001)
    _main_scatterload                        0x080001b1   Thumb Code     0  entry5.o(.ARM.Collect$$$$00000004)
    __main_after_scatterload                 0x080001b5   Thumb Code     0  entry5.o(.ARM.Collect$$$$00000004)
    _main_clock                              0x080001b5   Thumb Code     0  entry7b.o(.ARM.Collect$$$$00000008)
    _main_cpp_init                           0x080001b5   Thumb Code     0  entry8b.o(.ARM.Collect$$$$0000000A)
    _main_init                               0x080001b5   Thumb Code     0  entry9a.o(.ARM.Collect$$$$0000000B)
    __rt_final_cpp                           0x080001bd   Thumb Code     0  entry10a.o(.ARM.Collect$$$$0000000D)
    __rt_final_exit                          0x080001bd   Thumb Code     0  entry11a.o(.ARM.Collect$$$$0000000F)
    Reset_Handler                            0x080001c1   Thumb Code     8  startup_stm32f429xx.o(.text)
    ADC_IRQHandler                           0x080001db   Thumb Code     0  startup_stm32f429xx.o(.text)
    CAN1_RX0_IRQHandler                      0x080001db   Thumb Code     0  startup_stm32f429xx.o(.text)
    CAN1_RX1_IRQHandler                      0x080001db   Thumb Code     0  startup_stm32f429xx.o(.text)
    CAN1_SCE_IRQHandler                      0x080001db   Thumb Code     0  startup_stm32f429xx.o(.text)
    CAN1_TX_IRQHandler                       0x080001db   Thumb Code     0  startup_stm32f429xx.o(.text)
    CAN2_RX0_IRQHandler                      0x080001db   Thumb Code     0  startup_stm32f429xx.o(.text)
    CAN2_RX1_IRQHandler                      0x080001db   Thumb Code     0  startup_stm32f429xx.o(.text)
    CAN2_SCE_IRQHandler                      0x080001db   Thumb Code     0  startup_stm32f429xx.o(.text)
    CAN2_TX_IRQHandler                       0x080001db   Thumb Code     0  startup_stm32f429xx.o(.text)
    DCMI_IRQHandler                          0x080001db   Thumb Code     0  startup_stm32f429xx.o(.text)
    DMA1_Stream0_IRQHandler                  0x080001db   Thumb Code     0  startup_stm32f429xx.o(.text)
    DMA1_Stream1_IRQHandler                  0x080001db   Thumb Code     0  startup_stm32f429xx.o(.text)
    DMA1_Stream2_IRQHandler                  0x080001db   Thumb Code     0  startup_stm32f429xx.o(.text)
    DMA1_Stream3_IRQHandler                  0x080001db   Thumb Code     0  startup_stm32f429xx.o(.text)
    DMA1_Stream4_IRQHandler                  0x080001db   Thumb Code     0  startup_stm32f429xx.o(.text)
    DMA1_Stream5_IRQHandler                  0x080001db   Thumb Code     0  startup_stm32f429xx.o(.text)
    DMA1_Stream6_IRQHandler                  0x080001db   Thumb Code     0  startup_stm32f429xx.o(.text)
    DMA1_Stream7_IRQHandler                  0x080001db   Thumb Code     0  startup_stm32f429xx.o(.text)
    DMA2D_IRQHandler                         0x080001db   Thumb Code     0  startup_stm32f429xx.o(.text)
    DMA2_Stream0_IRQHandler                  0x080001db   Thumb Code     0  startup_stm32f429xx.o(.text)
    DMA2_Stream1_IRQHandler                  0x080001db   Thumb Code     0  startup_stm32f429xx.o(.text)
    DMA2_Stream2_IRQHandler                  0x080001db   Thumb Code     0  startup_stm32f429xx.o(.text)
    DMA2_Stream3_IRQHandler                  0x080001db   Thumb Code     0  startup_stm32f429xx.o(.text)
    DMA2_Stream4_IRQHandler                  0x080001db   Thumb Code     0  startup_stm32f429xx.o(.text)
    DMA2_Stream5_IRQHandler                  0x080001db   Thumb Code     0  startup_stm32f429xx.o(.text)
    DMA2_Stream6_IRQHandler                  0x080001db   Thumb Code     0  startup_stm32f429xx.o(.text)
    DMA2_Stream7_IRQHandler                  0x080001db   Thumb Code     0  startup_stm32f429xx.o(.text)
    ETH_WKUP_IRQHandler                      0x080001db   Thumb Code     0  startup_stm32f429xx.o(.text)
    EXTI0_IRQHandler                         0x080001db   Thumb Code     0  startup_stm32f429xx.o(.text)
    EXTI15_10_IRQHandler                     0x080001db   Thumb Code     0  startup_stm32f429xx.o(.text)
    EXTI1_IRQHandler                         0x080001db   Thumb Code     0  startup_stm32f429xx.o(.text)
    EXTI2_IRQHandler                         0x080001db   Thumb Code     0  startup_stm32f429xx.o(.text)
    EXTI3_IRQHandler                         0x080001db   Thumb Code     0  startup_stm32f429xx.o(.text)
    EXTI4_IRQHandler                         0x080001db   Thumb Code     0  startup_stm32f429xx.o(.text)
    EXTI9_5_IRQHandler                       0x080001db   Thumb Code     0  startup_stm32f429xx.o(.text)
    FLASH_IRQHandler                         0x080001db   Thumb Code     0  startup_stm32f429xx.o(.text)
    FMC_IRQHandler                           0x080001db   Thumb Code     0  startup_stm32f429xx.o(.text)
    FPU_IRQHandler                           0x080001db   Thumb Code     0  startup_stm32f429xx.o(.text)
    HASH_RNG_IRQHandler                      0x080001db   Thumb Code     0  startup_stm32f429xx.o(.text)
    I2C1_ER_IRQHandler                       0x080001db   Thumb Code     0  startup_stm32f429xx.o(.text)
    I2C1_EV_IRQHandler                       0x080001db   Thumb Code     0  startup_stm32f429xx.o(.text)
    I2C2_ER_IRQHandler                       0x080001db   Thumb Code     0  startup_stm32f429xx.o(.text)
    I2C2_EV_IRQHandler                       0x080001db   Thumb Code     0  startup_stm32f429xx.o(.text)
    I2C3_ER_IRQHandler                       0x080001db   Thumb Code     0  startup_stm32f429xx.o(.text)
    I2C3_EV_IRQHandler                       0x080001db   Thumb Code     0  startup_stm32f429xx.o(.text)
    LTDC_ER_IRQHandler                       0x080001db   Thumb Code     0  startup_stm32f429xx.o(.text)
    LTDC_IRQHandler                          0x080001db   Thumb Code     0  startup_stm32f429xx.o(.text)
    OTG_FS_IRQHandler                        0x080001db   Thumb Code     0  startup_stm32f429xx.o(.text)
    OTG_FS_WKUP_IRQHandler                   0x080001db   Thumb Code     0  startup_stm32f429xx.o(.text)
    OTG_HS_EP1_IN_IRQHandler                 0x080001db   Thumb Code     0  startup_stm32f429xx.o(.text)
    OTG_HS_EP1_OUT_IRQHandler                0x080001db   Thumb Code     0  startup_stm32f429xx.o(.text)
    OTG_HS_IRQHandler                        0x080001db   Thumb Code     0  startup_stm32f429xx.o(.text)
    OTG_HS_WKUP_IRQHandler                   0x080001db   Thumb Code     0  startup_stm32f429xx.o(.text)
    PVD_IRQHandler                           0x080001db   Thumb Code     0  startup_stm32f429xx.o(.text)
    RCC_IRQHandler                           0x080001db   Thumb Code     0  startup_stm32f429xx.o(.text)
    RTC_Alarm_IRQHandler                     0x080001db   Thumb Code     0  startup_stm32f429xx.o(.text)
    RTC_WKUP_IRQHandler                      0x080001db   Thumb Code     0  startup_stm32f429xx.o(.text)
    SAI1_IRQHandler                          0x080001db   Thumb Code     0  startup_stm32f429xx.o(.text)
    SDIO_IRQHandler                          0x080001db   Thumb Code     0  startup_stm32f429xx.o(.text)
    SPI1_IRQHandler                          0x080001db   Thumb Code     0  startup_stm32f429xx.o(.text)
    SPI2_IRQHandler                          0x080001db   Thumb Code     0  startup_stm32f429xx.o(.text)
    SPI3_IRQHandler                          0x080001db   Thumb Code     0  startup_stm32f429xx.o(.text)
    SPI4_IRQHandler                          0x080001db   Thumb Code     0  startup_stm32f429xx.o(.text)
    SPI5_IRQHandler                          0x080001db   Thumb Code     0  startup_stm32f429xx.o(.text)
    SPI6_IRQHandler                          0x080001db   Thumb Code     0  startup_stm32f429xx.o(.text)
    TAMP_STAMP_IRQHandler                    0x080001db   Thumb Code     0  startup_stm32f429xx.o(.text)
    TIM1_BRK_TIM9_IRQHandler                 0x080001db   Thumb Code     0  startup_stm32f429xx.o(.text)
    TIM1_CC_IRQHandler                       0x080001db   Thumb Code     0  startup_stm32f429xx.o(.text)
    TIM1_TRG_COM_TIM11_IRQHandler            0x080001db   Thumb Code     0  startup_stm32f429xx.o(.text)
    TIM1_UP_TIM10_IRQHandler                 0x080001db   Thumb Code     0  startup_stm32f429xx.o(.text)
    TIM2_IRQHandler                          0x080001db   Thumb Code     0  startup_stm32f429xx.o(.text)
    TIM3_IRQHandler                          0x080001db   Thumb Code     0  startup_stm32f429xx.o(.text)
    TIM4_IRQHandler                          0x080001db   Thumb Code     0  startup_stm32f429xx.o(.text)
    TIM5_IRQHandler                          0x080001db   Thumb Code     0  startup_stm32f429xx.o(.text)
    TIM6_DAC_IRQHandler                      0x080001db   Thumb Code     0  startup_stm32f429xx.o(.text)
    TIM7_IRQHandler                          0x080001db   Thumb Code     0  startup_stm32f429xx.o(.text)
    TIM8_BRK_TIM12_IRQHandler                0x080001db   Thumb Code     0  startup_stm32f429xx.o(.text)
    TIM8_CC_IRQHandler                       0x080001db   Thumb Code     0  startup_stm32f429xx.o(.text)
    TIM8_TRG_COM_TIM14_IRQHandler            0x080001db   Thumb Code     0  startup_stm32f429xx.o(.text)
    TIM8_UP_TIM13_IRQHandler                 0x080001db   Thumb Code     0  startup_stm32f429xx.o(.text)
    UART4_IRQHandler                         0x080001db   Thumb Code     0  startup_stm32f429xx.o(.text)
    UART5_IRQHandler                         0x080001db   Thumb Code     0  startup_stm32f429xx.o(.text)
    UART7_IRQHandler                         0x080001db   Thumb Code     0  startup_stm32f429xx.o(.text)
    UART8_IRQHandler                         0x080001db   Thumb Code     0  startup_stm32f429xx.o(.text)
    USART1_IRQHandler                        0x080001db   Thumb Code     0  startup_stm32f429xx.o(.text)
    USART2_IRQHandler                        0x080001db   Thumb Code     0  startup_stm32f429xx.o(.text)
    USART6_IRQHandler                        0x080001db   Thumb Code     0  startup_stm32f429xx.o(.text)
    WWDG_IRQHandler                          0x080001db   Thumb Code     0  startup_stm32f429xx.o(.text)
    __aeabi_uldivmod                         0x080001e5   Thumb Code    98  uldiv.o(.text)
    __aeabi_ldivmod                          0x08000247   Thumb Code    98  ldiv.o(.text)
    __aeabi_memset                           0x080002a9   Thumb Code    14  memseta.o(.text)
    __aeabi_memset4                          0x080002a9   Thumb Code     0  memseta.o(.text)
    __aeabi_memset8                          0x080002a9   Thumb Code     0  memseta.o(.text)
    __aeabi_memclr                           0x080002b7   Thumb Code     4  memseta.o(.text)
    __aeabi_memclr4                          0x080002b7   Thumb Code     0  memseta.o(.text)
    __aeabi_memclr8                          0x080002b7   Thumb Code     0  memseta.o(.text)
    _memset$wrapper                          0x080002bb   Thumb Code    18  memseta.o(.text)
    strlen                                   0x080002cd   Thumb Code    14  strlen.o(.text)
    __aeabi_llsl                             0x080002db   Thumb Code    30  llshl.o(.text)
    _ll_shift_l                              0x080002db   Thumb Code     0  llshl.o(.text)
    __aeabi_llsr                             0x080002f9   Thumb Code    32  llushr.o(.text)
    _ll_ushift_r                             0x080002f9   Thumb Code     0  llushr.o(.text)
    __scatterload                            0x08000319   Thumb Code    38  init.o(.text)
    __scatterload_rt2                        0x08000319   Thumb Code     0  init.o(.text)
    __decompress                             0x08000349   Thumb Code     0  __dczerorl2.o(.text)
    __decompress1                            0x08000349   Thumb Code    86  __dczerorl2.o(.text)
    BusFault_Handler                         0x080003a1   Thumb Code     4  stm32f4xx_it.o(.text.BusFault_Handler)
    DebugMon_Handler                         0x080003a5   Thumb Code     2  stm32f4xx_it.o(.text.DebugMon_Handler)
    Driver_Delay_ms                          0x080003a9   Thumb Code    16  LCD_Tools.o(.text.Driver_Delay_ms)
    Driver_Delay_us                          0x080003b9   Thumb Code    32  LCD_Tools.o(.text.Driver_Delay_us)
    ETH_IRQHandler                           0x080003d9   Thumb Code    16  stm32f4xx_it.o(.text.ETH_IRQHandler)
    Error_Handler                            0x080005c5   Thumb Code   232  error.o(.text.Error_Handler)
    GPIO_Init                                0x080006ad   Thumb Code     8  LCD_GPIO.o(.text.GPIO_Init)
    GUI_clear                                0x080006b5   Thumb Code    20  LCD_GUI.o(.text.GUI_clear)
    GUI_disChar                              0x080006c9   Thumb Code   188  LCD_GUI.o(.text.GUI_disChar)
    GUI_disNum                               0x08000785   Thumb Code   104  LCD_GUI.o(.text.GUI_disNum)
    GUI_disStr                               0x080007ed   Thumb Code   276  LCD_GUI.o(.text.GUI_disStr)
    GUI_drawRectangle                        0x08000901   Thumb Code   426  LCD_GUI.o(.text.GUI_drawRectangle)
    GUI_init                                 0x08000aad   Thumb Code    28  LCD_GUI.o(.text.GUI_init)
    HAL_DMA_Abort                            0x08000ac9   Thumb Code   234  stm32f4xx_hal_dma.o(.text.HAL_DMA_Abort)
    HAL_Delay                                0x08000bb5   Thumb Code    66  stm32f4xx_hal.o(.text.HAL_Delay)
    HAL_ETH_ErrorCallback                    0x08000bf9   Thumb Code     8  stm32f4xx_hal_eth.o(.text.HAL_ETH_ErrorCallback)
    HAL_ETH_IRQHandler                       0x08000c01   Thumb Code   194  stm32f4xx_hal_eth.o(.text.HAL_ETH_IRQHandler)
    HAL_ETH_RxCpltCallback                   0x08000cc5   Thumb Code     8  stm32f4xx_hal_eth.o(.text.HAL_ETH_RxCpltCallback)
    HAL_ETH_TxCpltCallback                   0x08000ccd   Thumb Code     8  stm32f4xx_hal_eth.o(.text.HAL_ETH_TxCpltCallback)
    HAL_GPIO_DeInit                          0x08000cd5   Thumb Code   604  stm32f4xx_hal_gpio.o(.text.HAL_GPIO_DeInit)
    HAL_GPIO_Init                            0x08000f31   Thumb Code  1008  stm32f4xx_hal_gpio.o(.text.HAL_GPIO_Init)
    HAL_GPIO_ReadPin                         0x08001321   Thumb Code    46  stm32f4xx_hal_gpio.o(.text.HAL_GPIO_ReadPin)
    HAL_GPIO_TogglePin                       0x08001351   Thumb Code    50  stm32f4xx_hal_gpio.o(.text.HAL_GPIO_TogglePin)
    HAL_GPIO_WritePin                        0x08001385   Thumb Code    46  stm32f4xx_hal_gpio.o(.text.HAL_GPIO_WritePin)
    HAL_GetTick                              0x080013b5   Thumb Code    12  stm32f4xx_hal.o(.text.HAL_GetTick)
    HAL_IncTick                              0x080013c1   Thumb Code    26  stm32f4xx_hal.o(.text.HAL_IncTick)
    HAL_Init                                 0x080013dd   Thumb Code    46  stm32f4xx_hal.o(.text.HAL_Init)
    HAL_InitTick                             0x0800140d   Thumb Code   112  stm32f4xx_hal.o(.text.HAL_InitTick)
    HAL_MspInit                              0x0800147d   Thumb Code     2  stm32f4xx_hal.o(.text.HAL_MspInit)
    HAL_NVIC_DisableIRQ                      0x08001481   Thumb Code    20  stm32f4xx_hal_cortex.o(.text.HAL_NVIC_DisableIRQ)
    HAL_NVIC_SetPriority                     0x08001495   Thumb Code    50  stm32f4xx_hal_cortex.o(.text.HAL_NVIC_SetPriority)
    HAL_NVIC_SetPriorityGrouping             0x080014c9   Thumb Code    16  stm32f4xx_hal_cortex.o(.text.HAL_NVIC_SetPriorityGrouping)
    HAL_PWREx_EnableOverDrive                0x080014d9   Thumb Code   190  stm32f4xx_hal_pwr_ex.o(.text.HAL_PWREx_EnableOverDrive)
    HAL_RCC_ClockConfig                      0x08001599   Thumb Code   610  stm32f4xx_hal_rcc.o(.text.HAL_RCC_ClockConfig)
    HAL_RCC_GetHCLKFreq                      0x080017fd   Thumb Code    12  stm32f4xx_hal_rcc.o(.text.HAL_RCC_GetHCLKFreq)
    HAL_RCC_GetPCLK1Freq                     0x08001809   Thumb Code    34  stm32f4xx_hal_rcc.o(.text.HAL_RCC_GetPCLK1Freq)
    HAL_RCC_GetSysClockFreq                  0x0800182d   Thumb Code   230  stm32f4xx_hal_rcc.o(.text.HAL_RCC_GetSysClockFreq)
    HAL_RCC_OscConfig                        0x08001915   Thumb Code  1700  stm32f4xx_hal_rcc.o(.text.HAL_RCC_OscConfig)
    HAL_SYSTICK_Config                       0x08001fb9   Thumb Code    16  stm32f4xx_hal_cortex.o(.text.HAL_SYSTICK_Config)
    HAL_TIMEx_MasterConfigSynchronization    0x08001fc9   Thumb Code   290  stm32f4xx_hal_tim_ex.o(.text.HAL_TIMEx_MasterConfigSynchronization)
    HAL_TIM_PWM_ConfigChannel                0x08002135   Thumb Code   324  stm32f4xx_hal_tim.o(.text.HAL_TIM_PWM_ConfigChannel)
    HAL_TIM_PWM_Init                         0x08002279   Thumb Code    88  stm32f4xx_hal_tim.o(.text.HAL_TIM_PWM_Init)
    HAL_TIM_PWM_MspInit                      0x080022d1   Thumb Code    62  LCD_TIM.o(.text.HAL_TIM_PWM_MspInit)
    HAL_TIM_PWM_Start                        0x08002311   Thumb Code   128  stm32f4xx_hal_tim.o(.text.HAL_TIM_PWM_Start)
    HardFault_Handler                        0x08002391   Thumb Code     4  stm32f4xx_it.o(.text.HardFault_Handler)
    LCDErrHandler                            0x08002395   Thumb Code   182  LCD_Tools.o(.text.LCDErrHandler)
    LCD_clear                                0x080025f9   Thumb Code    34  LCD_Driver.o(.text.LCD_clear)
    LCD_fillRectangleBW                      0x0800261d   Thumb Code   398  LCD_Driver.o(.text.LCD_fillRectangleBW)
    LCD_fillRectangleMC                      0x080027ad   Thumb Code   202  LCD_Driver.o(.text.LCD_fillRectangleMC)
    LCD_init                                 0x08002879   Thumb Code   112  LCD_Driver.o(.text.LCD_init)
    MemManage_Handler                        0x08002b8d   Thumb Code     4  stm32f4xx_it.o(.text.MemManage_Handler)
    NMI_Handler                              0x08002b91   Thumb Code     2  stm32f4xx_it.o(.text.NMI_Handler)
    PWM_SetValue                             0x08002c01   Thumb Code    56  LCD_TIM.o(.text.PWM_SetValue)
    PendSV_Handler                           0x08002c39   Thumb Code     2  stm32f4xx_it.o(.text.PendSV_Handler)
    SPI4W_Write_Byte                         0x08002c3d   Thumb Code   184  LCD_SPI.o(.text.SPI4W_Write_Byte)
    SPIinit                                  0x08002e1d   Thumb Code    14  LCD_SPI.o(.text.SPIinit)
    SVC_Handler                              0x08002e2d   Thumb Code     2  stm32f4xx_it.o(.text.SVC_Handler)
    SysTick_Handler                          0x08002e85   Thumb Code     8  stm32f4xx_it.o(.text.SysTick_Handler)
    SystemInit                               0x08002f45   Thumb Code   110  system_stm32f4xx.o(.text.SystemInit)
    TIM4_Init                                0x08002fb5   Thumb Code     8  LCD_TIM.o(.text.TIM4_Init)
    TIM_Base_SetConfig                       0x08002fbd   Thumb Code   410  stm32f4xx_hal_tim.o(.text.TIM_Base_SetConfig)
    TIM_CCxChannelCmd                        0x08003159   Thumb Code    54  stm32f4xx_hal_tim.o(.text.TIM_CCxChannelCmd)
    TIM_OC2_SetConfig                        0x0800327d   Thumb Code   244  stm32f4xx_hal_tim.o(.text.TIM_OC2_SetConfig)
    TP_InitBasic                             0x08003509   Thumb Code    50  LCD_Touch.o(.text.TP_InitBasic)
    USART3_IRQHandler                        0x080035ed   Thumb Code    16  USART_STM32F4xx.o(.text.USART3_IRQHandler)
    USART_IRQHandler                         0x080045ad   Thumb Code  1026  USART_STM32F4xx.o(.text.USART_IRQHandler)
    UsageFault_Handler                       0x08005529   Thumb Code     4  stm32f4xx_it.o(.text.UsageFault_Handler)
    checkVersionFlashFonts                   0x08005655   Thumb Code    32  fontsFLASH.o(.text.checkVersionFlashFonts)
    initITSboard                             0x08005845   Thumb Code    20  init.o(.text.initITSboard)
    itoa                                     0x08005859   Thumb Code   180  LCD_Tools.o(.text.itoa)
    lcdPrintS                                0x0800590d   Thumb Code   466  lcd.o(.text.lcdPrintS)
    lcdPrintlnS                              0x08005ae1   Thumb Code    84  lcd.o(.text.lcdPrintlnS)
    main                                     0x08005b35   Thumb Code   138  main.o(.text.main)
    printDebugMsg                            0x08005bc1   Thumb Code   178  LCD_Debug.o(.text.printDebugMsg)
    stdinout_init                            0x08005de5   Thumb Code   174  stdinout_USART.o(.text.stdinout_init)
    __scatterload_copy                       0x08005efb   Thumb Code    14  handlers.o(i.__scatterload_copy)
    __scatterload_null                       0x08005f09   Thumb Code     2  handlers.o(i.__scatterload_null)
    __scatterload_zeroinit                   0x08005f0b   Thumb Code    14  handlers.o(i.__scatterload_zeroinit)
    AHBPrescTable                            0x08005f18   Data          16  system_stm32f4xx.o(.rodata.AHBPrescTable)
    APBPrescTable                            0x08005f28   Data           8  system_stm32f4xx.o(.rodata.APBPrescTable)
    Driver_USART3                            0x0805ec7c   Data          56  USART_STM32F4xx.o(.rodata.Driver_USART3)
    Font12_Table                             0x080b13f1   Data        1140  font12.o(.rodata.Font12_Table)
    Font16_Table                             0x080b1865   Data        3040  font16.o(.rodata.Font16_Table)
    Font20_Table                             0x080b2445   Data        3800  font20.o(.rodata.Font20_Table)
    Font24_Table                             0x080b331d   Data        6840  font24.o(.rodata.Font24_Table)
    Font8_Table                              0x080b4dd5   Data         760  font8.o(.rodata.Font8_Table)
    initCmds                                 0x080b511c   Data         103  LCD_Driver.o(.rodata.initCmds)
    Region$$Table$$Base                      0x080b52dc   Number         0  anon$$obj.o(Region$$Table)
    Region$$Table$$Limit                     0x080b52fc   Number         0  anon$$obj.o(Region$$Table)
    Consolas40                               0x20000000   Data           8  Consolas40.o(.data.Consolas40)
    Consolas40FLASH                          0x20000008   Data           8  fontsFLASH.o(.data.Consolas40FLASH)
    Consolas60                               0x20000010   Data           8  Consolas60.o(.data.Consolas60)
    Consolas60FLASH                          0x20000018   Data           8  fontsFLASH.o(.data.Consolas60FLASH)
    Consolas80                               0x20000020   Data           8  Consolas80.o(.data.Consolas80)
    Consolas80FLASH                          0x20000028   Data           8  fontsFLASH.o(.data.Consolas80FLASH)
    Consolas90                               0x20000030   Data           8  Consolas90.o(.data.Consolas90)
    Consolas90FLASH                          0x20000038   Data           8  fontsFLASH.o(.data.Consolas90FLASH)
    ConsolasBold40                           0x20000040   Data           8  ConsolasBold40.o(.data.ConsolasBold40)
    ConsolasBold40FLASH                      0x20000048   Data           8  fontsFLASH.o(.data.ConsolasBold40FLASH)
    ConsolasBold60                           0x20000050   Data           8  ConsolasBold60.o(.data.ConsolasBold60)
    ConsolasBold60FLASH                      0x20000058   Data           8  fontsFLASH.o(.data.ConsolasBold60FLASH)
    ConsolasBold80                           0x20000060   Data           8  ConsolasBold80.o(.data.ConsolasBold80)
    ConsolasBold80FLASH                      0x20000068   Data           8  fontsFLASH.o(.data.ConsolasBold80FLASH)
    ConsolasBold90                           0x20000070   Data           8  ConsolasBold90.o(.data.ConsolasBold90)
    ConsolasBold90FLASH                      0x20000078   Data           8  fontsFLASH.o(.data.ConsolasBold90FLASH)
    CourierNew48                             0x20000080   Data           8  CourierNew48.o(.data.CourierNew48)
    CourierNew48FLASH                        0x20000088   Data           8  fontsFLASH.o(.data.CourierNew48FLASH)
    CourierNewBold40                         0x20000090   Data           8  CourierNewBold40.o(.data.CourierNewBold40)
    CourierNewBold40FLASH                    0x20000098   Data           8  fontsFLASH.o(.data.CourierNewBold40FLASH)
    CourierNewBold60                         0x200000a0   Data           8  CourierNewBold60.o(.data.CourierNewBold60)
    CourierNewBold60FLASH                    0x200000a8   Data           8  fontsFLASH.o(.data.CourierNewBold60FLASH)
    FiraMono40                               0x200000b0   Data           8  FiraMono40.o(.data.FiraMono40)
    FiraMono40FLASH                          0x200000b8   Data           8  fontsFLASH.o(.data.FiraMono40FLASH)
    FiraMono60                               0x200000c0   Data           8  FiraMono60.o(.data.FiraMono60)
    FiraMono60FLASH                          0x200000c8   Data           8  fontsFLASH.o(.data.FiraMono60FLASH)
    FiraMono80                               0x200000d0   Data           8  FiraMono80.o(.data.FiraMono80)
    FiraMono80FLASH                          0x200000d8   Data           8  fontsFLASH.o(.data.FiraMono80FLASH)
    FiraMono90                               0x200000e0   Data           8  FiraMono90.o(.data.FiraMono90)
    FiraMono90FLASH                          0x200000e8   Data           8  fontsFLASH.o(.data.FiraMono90FLASH)
    FiraMonoMedium40                         0x200000f0   Data           8  FiraMonoMedium40.o(.data.FiraMonoMedium40)
    FiraMonoMedium40FLASH                    0x200000f8   Data           8  fontsFLASH.o(.data.FiraMonoMedium40FLASH)
    FiraMonoMedium60                         0x20000100   Data           8  FiraMonoMedium60.o(.data.FiraMonoMedium60)
    FiraMonoMedium60FLASH                    0x20000108   Data           8  fontsFLASH.o(.data.FiraMonoMedium60FLASH)
    FiraMonoMedium80                         0x20000110   Data           8  FiraMonoMedium80.o(.data.FiraMonoMedium80)
    FiraMonoMedium80FLASH                    0x20000118   Data           8  fontsFLASH.o(.data.FiraMonoMedium80FLASH)
    FiraMonoMedium90                         0x20000120   Data           8  FiraMonoMedium90.o(.data.FiraMonoMedium90)
    FiraMonoMedium90FLASH                    0x20000128   Data           8  fontsFLASH.o(.data.FiraMonoMedium90FLASH)
    Font12                                   0x20000130   Data           8  font12.o(.data.Font12)
    Font12FLASH                              0x20000138   Data           8  fontsFLASH.o(.data.Font12FLASH)
    Font16                                   0x20000140   Data           8  font16.o(.data.Font16)
    Font16FLASH                              0x20000148   Data           8  fontsFLASH.o(.data.Font16FLASH)
    Font20                                   0x20000150   Data           8  font20.o(.data.Font20)
    Font20FLASH                              0x20000158   Data           8  fontsFLASH.o(.data.Font20FLASH)
    Font24                                   0x20000160   Data           8  font24.o(.data.Font24)
    Font24FLASH                              0x20000168   Data           8  fontsFLASH.o(.data.Font24FLASH)
    Font8                                    0x20000170   Data           8  font8.o(.data.Font8)
    Font8FLASH                               0x20000178   Data           8  fontsFLASH.o(.data.Font8FLASH)
    SystemCoreClock                          0x20000180   Data           4  system_stm32f4xx.o(.data.SystemCoreClock)
    fontList                                 0x2000018c   Data         192  main.o(.data.fontList)
    uwTickFreq                               0x20000260   Data           1  stm32f4xx_hal.o(.data.uwTickFreq)
    uwTickPrio                               0x20000264   Data           4  stm32f4xx_hal.o(.data.uwTickPrio)
    EthHandle                                0x20000268   Data          72  stm32f4xx_it.o(.bss.EthHandle)
    uwTick                                   0x20000344   Data           4  stm32f4xx_hal.o(.bss.uwTick)
    __initial_sp                             0x20000748   Data           0  startup_stm32f429xx.o(STACK)



==============================================================================

Memory Map of the image

  Image Entry point : 0x080001c1

  Load Region LR_IROM1 (Base: 0x08000000, Size: 0x000b5568, Max: 0x00200000, ABSOLUTE, COMPRESSED[0x000b54d0])

    Execution Region ER_IROM1 (Exec base: 0x08000000, Load base: 0x08000000, Size: 0x000b52fc, Max: 0x00200000, ABSOLUTE)

    Exec Addr    Load Addr    Size         Type   Attr      Idx    E Section Name        Object

    0x08000000   0x08000000   0x000001ac   Data   RO           63    RESET               startup_stm32f429xx.o
    0x080001ac   0x080001ac   0x00000000   Code   RO         1601  * .ARM.Collect$$$$00000000  mc_w.l(entry.o)
    0x080001ac   0x080001ac   0x00000004   Code   RO         1644    .ARM.Collect$$$$00000001  mc_w.l(entry2.o)
    0x080001b0   0x080001b0   0x00000004   Code   RO         1647    .ARM.Collect$$$$00000004  mc_w.l(entry5.o)
    0x080001b4   0x080001b4   0x00000000   Code   RO         1649    .ARM.Collect$$$$00000008  mc_w.l(entry7b.o)
    0x080001b4   0x080001b4   0x00000000   Code   RO         1651    .ARM.Collect$$$$0000000A  mc_w.l(entry8b.o)
    0x080001b4   0x080001b4   0x00000008   Code   RO         1652    .ARM.Collect$$$$0000000B  mc_w.l(entry9a.o)
    0x080001bc   0x080001bc   0x00000000   Code   RO         1654    .ARM.Collect$$$$0000000D  mc_w.l(entry10a.o)
    0x080001bc   0x080001bc   0x00000000   Code   RO         1656    .ARM.Collect$$$$0000000F  mc_w.l(entry11a.o)
    0x080001bc   0x080001bc   0x00000004   Code   RO         1645    .ARM.Collect$$$$00002712  mc_w.l(entry2.o)
    0x080001c0   0x080001c0   0x00000024   Code   RO           64  * .text               startup_stm32f429xx.o
    0x080001e4   0x080001e4   0x00000062   Code   RO         1604    .text               mc_w.l(uldiv.o)
    0x08000246   0x08000246   0x00000062   Code   RO         1606    .text               mc_w.l(ldiv.o)
    0x080002a8   0x080002a8   0x00000024   Code   RO         1608    .text               mc_w.l(memseta.o)
    0x080002cc   0x080002cc   0x0000000e   Code   RO         1610    .text               mc_w.l(strlen.o)
    0x080002da   0x080002da   0x0000001e   Code   RO         1674    .text               mc_w.l(llshl.o)
    0x080002f8   0x080002f8   0x00000020   Code   RO         1676    .text               mc_w.l(llushr.o)
    0x08000318   0x08000318   0x00000030   Code   RO         1700    .text               mc_w.l(init.o)
    0x08000348   0x08000348   0x00000056   Code   RO         1714    .text               mc_w.l(__dczerorl2.o)
    0x0800039e   0x0800039e   0x00000002   PAD
    0x080003a0   0x080003a0   0x00000004   Code   RO           91    .text.BusFault_Handler  stm32f4xx_it.o
    0x080003a4   0x080003a4   0x00000002   Code   RO           97    .text.DebugMon_Handler  stm32f4xx_it.o
    0x080003a6   0x080003a6   0x00000002   PAD
    0x080003a8   0x080003a8   0x00000010   Code   RO         1295    .text.Driver_Delay_ms  LCD_Tools.o
    0x080003b8   0x080003b8   0x00000020   Code   RO         1297    .text.Driver_Delay_us  LCD_Tools.o
    0x080003d8   0x080003d8   0x00000010   Code   RO          103    .text.ETH_IRQHandler  stm32f4xx_it.o
    0x080003e8   0x080003e8   0x000001da   Code   RO         1531    .text.Enable_GPIO_Clock  USART_STM32F4xx.o
    0x080005c2   0x080005c2   0x00000002   PAD
    0x080005c4   0x080005c4   0x000000e8   Code   RO         1359    .text.Error_Handler  error.o
    0x080006ac   0x080006ac   0x00000008   Code   RO         1263    .text.GPIO_Init     LCD_GPIO.o
    0x080006b4   0x080006b4   0x00000014   Code   RO         1168    .text.GUI_clear     LCD_GUI.o
    0x080006c8   0x080006c8   0x000000bc   Code   RO         1174    .text.GUI_disChar   LCD_GUI.o
    0x08000784   0x08000784   0x00000068   Code   RO         1178    .text.GUI_disNum    LCD_GUI.o
    0x080007ec   0x080007ec   0x00000114   Code   RO         1176    .text.GUI_disStr    LCD_GUI.o
    0x08000900   0x08000900   0x000001aa   Code   RO         1172    .text.GUI_drawRectangle  LCD_GUI.o
    0x08000aaa   0x08000aaa   0x00000002   PAD
    0x08000aac   0x08000aac   0x0000001c   Code   RO         1166    .text.GUI_init      LCD_GUI.o
    0x08000ac8   0x08000ac8   0x000000ea   Code   RO          750    .text.HAL_DMA_Abort  stm32f4xx_hal_dma.o
    0x08000bb2   0x08000bb2   0x00000002   PAD
    0x08000bb4   0x08000bb4   0x00000042   Code   RO          293    .text.HAL_Delay     stm32f4xx_hal.o
    0x08000bf6   0x08000bf6   0x00000002   PAD
    0x08000bf8   0x08000bf8   0x00000008   Code   RO          889    .text.HAL_ETH_ErrorCallback  stm32f4xx_hal_eth.o
    0x08000c00   0x08000c00   0x000000c2   Code   RO          883    .text.HAL_ETH_IRQHandler  stm32f4xx_hal_eth.o
    0x08000cc2   0x08000cc2   0x00000002   PAD
    0x08000cc4   0x08000cc4   0x00000008   Code   RO          885    .text.HAL_ETH_RxCpltCallback  stm32f4xx_hal_eth.o
    0x08000ccc   0x08000ccc   0x00000008   Code   RO          887    .text.HAL_ETH_TxCpltCallback  stm32f4xx_hal_eth.o
    0x08000cd4   0x08000cd4   0x0000025c   Code   RO          227    .text.HAL_GPIO_DeInit  stm32f4xx_hal_gpio.o
    0x08000f30   0x08000f30   0x000003f0   Code   RO          225    .text.HAL_GPIO_Init  stm32f4xx_hal_gpio.o
    0x08001320   0x08001320   0x0000002e   Code   RO          229    .text.HAL_GPIO_ReadPin  stm32f4xx_hal_gpio.o
    0x0800134e   0x0800134e   0x00000002   PAD
    0x08001350   0x08001350   0x00000032   Code   RO          233    .text.HAL_GPIO_TogglePin  stm32f4xx_hal_gpio.o
    0x08001382   0x08001382   0x00000002   PAD
    0x08001384   0x08001384   0x0000002e   Code   RO          231    .text.HAL_GPIO_WritePin  stm32f4xx_hal_gpio.o
    0x080013b2   0x080013b2   0x00000002   PAD
    0x080013b4   0x080013b4   0x0000000c   Code   RO          285    .text.HAL_GetTick   stm32f4xx_hal.o
    0x080013c0   0x080013c0   0x0000001a   Code   RO          283    .text.HAL_IncTick   stm32f4xx_hal.o
    0x080013da   0x080013da   0x00000002   PAD
    0x080013dc   0x080013dc   0x0000002e   Code   RO          273    .text.HAL_Init      stm32f4xx_hal.o
    0x0800140a   0x0800140a   0x00000002   PAD
    0x0800140c   0x0800140c   0x00000070   Code   RO          275    .text.HAL_InitTick  stm32f4xx_hal.o
    0x0800147c   0x0800147c   0x00000002   Code   RO          277    .text.HAL_MspInit   stm32f4xx_hal.o
    0x0800147e   0x0800147e   0x00000002   PAD
    0x08001480   0x08001480   0x00000014   Code   RO          129    .text.HAL_NVIC_DisableIRQ  stm32f4xx_hal_cortex.o
    0x08001494   0x08001494   0x00000032   Code   RO          117    .text.HAL_NVIC_SetPriority  stm32f4xx_hal_cortex.o
    0x080014c6   0x080014c6   0x00000002   PAD
    0x080014c8   0x080014c8   0x00000010   Code   RO          113    .text.HAL_NVIC_SetPriorityGrouping  stm32f4xx_hal_cortex.o
    0x080014d8   0x080014d8   0x000000be   Code   RO          260    .text.HAL_PWREx_EnableOverDrive  stm32f4xx_hal_pwr_ex.o
    0x08001596   0x08001596   0x00000002   PAD
    0x08001598   0x08001598   0x00000262   Code   RO          345    .text.HAL_RCC_ClockConfig  stm32f4xx_hal_rcc.o
    0x080017fa   0x080017fa   0x00000002   PAD
    0x080017fc   0x080017fc   0x0000000c   Code   RO          355    .text.HAL_RCC_GetHCLKFreq  stm32f4xx_hal_rcc.o
    0x08001808   0x08001808   0x00000022   Code   RO          357    .text.HAL_RCC_GetPCLK1Freq  stm32f4xx_hal_rcc.o
    0x0800182a   0x0800182a   0x00000002   PAD
    0x0800182c   0x0800182c   0x000000e6   Code   RO          347    .text.HAL_RCC_GetSysClockFreq  stm32f4xx_hal_rcc.o
    0x08001912   0x08001912   0x00000002   PAD
    0x08001914   0x08001914   0x000006a4   Code   RO          343    .text.HAL_RCC_OscConfig  stm32f4xx_hal_rcc.o
    0x08001fb8   0x08001fb8   0x00000010   Code   RO          137    .text.HAL_SYSTICK_Config  stm32f4xx_hal_cortex.o
    0x08001fc8   0x08001fc8   0x00000122   Code   RO          838    .text.HAL_TIMEx_MasterConfigSynchronization  stm32f4xx_hal_tim_ex.o
    0x080020ea   0x080020ea   0x00000002   PAD
    0x080020ec   0x080020ec   0x00000048   Code   RO         1284    .text.HAL_TIM_MspPostInit  LCD_TIM.o
    0x08002134   0x08002134   0x00000144   Code   RO          542    .text.HAL_TIM_PWM_ConfigChannel  stm32f4xx_hal_tim.o
    0x08002278   0x08002278   0x00000058   Code   RO          430    .text.HAL_TIM_PWM_Init  stm32f4xx_hal_tim.o
    0x080022d0   0x080022d0   0x0000003e   Code   RO         1278    .text.HAL_TIM_PWM_MspInit  LCD_TIM.o
    0x0800230e   0x0800230e   0x00000002   PAD
    0x08002310   0x08002310   0x00000080   Code   RO          438    .text.HAL_TIM_PWM_Start  stm32f4xx_hal_tim.o
    0x08002390   0x08002390   0x00000004   Code   RO           87    .text.HardFault_Handler  stm32f4xx_it.o
    0x08002394   0x08002394   0x000000b6   Code   RO         1299    .text.LCDErrHandler  LCD_Tools.o
    0x0800244a   0x0800244a   0x00000002   PAD
    0x0800244c   0x0800244c   0x0000004a   Code   RO         1132    .text.LCD_Reset     LCD_Driver.o
    0x08002496   0x08002496   0x00000002   PAD
    0x08002498   0x08002498   0x00000014   Code   RO         1134    .text.LCD_SetBackLight  LCD_Driver.o
    0x080024ac   0x080024ac   0x00000022   Code   RO         1138    .text.LCD_SetGramScanWay  LCD_Driver.o
    0x080024ce   0x080024ce   0x00000002   PAD
    0x080024d0   0x080024d0   0x00000048   Code   RO         1140    .text.LCD_WriteCMD  LCD_Driver.o
    0x08002518   0x08002518   0x00000056   Code   RO         1136    .text.LCD_WriteCMDList  LCD_Driver.o
    0x0800256e   0x0800256e   0x00000002   PAD
    0x08002570   0x08002570   0x00000016   Code   RO         1150    .text.LCD_WriteParam  LCD_Driver.o
    0x08002586   0x08002586   0x00000002   PAD
    0x08002588   0x08002588   0x00000070   Code   RO         1146    .text.LCD_WriteParameters  LCD_Driver.o
    0x080025f8   0x080025f8   0x00000022   Code   RO         1152    .text.LCD_clear     LCD_Driver.o
    0x0800261a   0x0800261a   0x00000002   PAD
    0x0800261c   0x0800261c   0x0000018e   Code   RO         1148    .text.LCD_fillRectangleBW  LCD_Driver.o
    0x080027aa   0x080027aa   0x00000002   PAD
    0x080027ac   0x080027ac   0x000000ca   Code   RO         1142    .text.LCD_fillRectangleMC  LCD_Driver.o
    0x08002876   0x08002876   0x00000002   PAD
    0x08002878   0x08002878   0x00000070   Code   RO         1130    .text.LCD_init      LCD_Driver.o
    0x080028e8   0x080028e8   0x00000058   Code   RO         1144    .text.LCD_setWindow  LCD_Driver.o
    0x08002940   0x08002940   0x0000019e   Code   RO         1265    .text.MX_GPIO_Init  LCD_GPIO.o
    0x08002ade   0x08002ade   0x00000002   PAD
    0x08002ae0   0x08002ae0   0x000000aa   Code   RO         1276    .text.MX_TIM4_Init  LCD_TIM.o
    0x08002b8a   0x08002b8a   0x00000002   PAD
    0x08002b8c   0x08002b8c   0x00000004   Code   RO           89    .text.MemManage_Handler  stm32f4xx_it.o
    0x08002b90   0x08002b90   0x00000002   Code   RO           85    .text.NMI_Handler   stm32f4xx_it.o
    0x08002b92   0x08002b92   0x00000002   PAD
    0x08002b94   0x08002b94   0x0000006c   Code   RO          123    .text.NVIC_EncodePriority  stm32f4xx_hal_cortex.o
    0x08002c00   0x08002c00   0x00000038   Code   RO         1282    .text.PWM_SetValue  LCD_TIM.o
    0x08002c38   0x08002c38   0x00000002   Code   RO           99    .text.PendSV_Handler  stm32f4xx_it.o
    0x08002c3a   0x08002c3a   0x00000002   PAD
    0x08002c3c   0x08002c3c   0x000000b8   Code   RO         1246    .text.SPI4W_Write_Byte  LCD_SPI.o
    0x08002cf4   0x08002cf4   0x0000004c   Code   RO         1240    .text.SPIInitDevWithoutHAL  LCD_SPI.o
    0x08002d40   0x08002d40   0x000000da   Code   RO         1238    .text.SPIInitGPIOsWithoutHAL  LCD_SPI.o
    0x08002e1a   0x08002e1a   0x00000002   PAD
    0x08002e1c   0x08002e1c   0x0000000e   Code   RO         1236    .text.SPIinit       LCD_SPI.o
    0x08002e2a   0x08002e2a   0x00000002   PAD
    0x08002e2c   0x08002e2c   0x00000002   Code   RO           95    .text.SVC_Handler   stm32f4xx_it.o
    0x08002e2e   0x08002e2e   0x00000002   PAD
    0x08002e30   0x08002e30   0x00000052   Code   RO          139    .text.SysTick_Config  stm32f4xx_hal_cortex.o
    0x08002e82   0x08002e82   0x00000002   PAD
    0x08002e84   0x08002e84   0x00000008   Code   RO          101    .text.SysTick_Handler  stm32f4xx_it.o
    0x08002e8c   0x08002e8c   0x000000b8   Code   RO         1401    .text.SystemClock_Config  init.o
    0x08002f44   0x08002f44   0x0000006e   Code   RO           71    .text.SystemInit    system_stm32f4xx.o
    0x08002fb2   0x08002fb2   0x00000002   PAD
    0x08002fb4   0x08002fb4   0x00000008   Code   RO         1274    .text.TIM4_Init     LCD_TIM.o
    0x08002fbc   0x08002fbc   0x0000019a   Code   RO          380    .text.TIM_Base_SetConfig  stm32f4xx_hal_tim.o
    0x08003156   0x08003156   0x00000002   PAD
    0x08003158   0x08003158   0x00000036   Code   RO          414    .text.TIM_CCxChannelCmd  stm32f4xx_hal_tim.o
    0x0800318e   0x0800318e   0x00000002   PAD
    0x08003190   0x08003190   0x000000ea   Code   RO          524    .text.TIM_OC1_SetConfig  stm32f4xx_hal_tim.o
    0x0800327a   0x0800327a   0x00000002   PAD
    0x0800327c   0x0800327c   0x000000f4   Code   RO          526    .text.TIM_OC2_SetConfig  stm32f4xx_hal_tim.o
    0x08003370   0x08003370   0x000000f2   Code   RO          528    .text.TIM_OC3_SetConfig  stm32f4xx_hal_tim.o
    0x08003462   0x08003462   0x00000002   PAD
    0x08003464   0x08003464   0x000000a4   Code   RO          530    .text.TIM_OC4_SetConfig  stm32f4xx_hal_tim.o
    0x08003508   0x08003508   0x00000032   Code   RO         1208    .text.TP_InitBasic  LCD_Touch.o
    0x0800353a   0x0800353a   0x00000002   PAD
    0x0800353c   0x0800353c   0x0000002a   Code   RO         1210    .text.TP_SetDefaultCalibration  LCD_Touch.o
    0x08003566   0x08003566   0x00000002   PAD
    0x08003568   0x08003568   0x0000001c   Code   RO         1519    .text.USART3_Control  USART_STM32F4xx.o
    0x08003584   0x08003584   0x00000018   Code   RO         1501    .text.USART3_GetCapabilities  USART_STM32F4xx.o
    0x0800359c   0x0800359c   0x00000018   Code   RO         1525    .text.USART3_GetModemStatus  USART_STM32F4xx.o
    0x080035b4   0x080035b4   0x00000010   Code   RO         1517    .text.USART3_GetRxCount  USART_STM32F4xx.o
    0x080035c4   0x080035c4   0x00000018   Code   RO         1521    .text.USART3_GetStatus  USART_STM32F4xx.o
    0x080035dc   0x080035dc   0x00000010   Code   RO         1515    .text.USART3_GetTxCount  USART_STM32F4xx.o
    0x080035ec   0x080035ec   0x00000010   Code   RO         1497    .text.USART3_IRQHandler  USART_STM32F4xx.o
    0x080035fc   0x080035fc   0x00000018   Code   RO         1503    .text.USART3_Initialize  USART_STM32F4xx.o
    0x08003614   0x08003614   0x0000001c   Code   RO         1507    .text.USART3_PowerControl  USART_STM32F4xx.o
    0x08003630   0x08003630   0x0000001c   Code   RO         1511    .text.USART3_Receive  USART_STM32F4xx.o
    0x0800364c   0x0800364c   0x0000001c   Code   RO         1509    .text.USART3_Send   USART_STM32F4xx.o
    0x08003668   0x08003668   0x0000001c   Code   RO         1523    .text.USART3_SetModemControl  USART_STM32F4xx.o
    0x08003684   0x08003684   0x00000020   Code   RO         1513    .text.USART3_Transfer  USART_STM32F4xx.o
    0x080036a4   0x080036a4   0x00000010   Code   RO         1505    .text.USART3_Uninitialize  USART_STM32F4xx.o
    0x080036b4   0x080036b4   0x00000d86   Code   RO         1553    .text.USART_Control  USART_STM32F4xx.o
    0x0800443a   0x0800443a   0x00000002   PAD
    0x0800443c   0x0800443c   0x00000010   Code   RO         1527    .text.USART_GetCapabilities  USART_STM32F4xx.o
    0x0800444c   0x0800444c   0x0000006a   Code   RO         1559    .text.USART_GetModemStatus  USART_STM32F4xx.o
    0x080044b6   0x080044b6   0x00000002   PAD
    0x080044b8   0x080044b8   0x0000000e   Code   RO         1551    .text.USART_GetRxCount  USART_STM32F4xx.o
    0x080044c6   0x080044c6   0x00000002   PAD
    0x080044c8   0x080044c8   0x000000d4   Code   RO         1555    .text.USART_GetStatus  USART_STM32F4xx.o
    0x0800459c   0x0800459c   0x0000000e   Code   RO         1549    .text.USART_GetTxCount  USART_STM32F4xx.o
    0x080045aa   0x080045aa   0x00000002   PAD
    0x080045ac   0x080045ac   0x00000402   Code   RO         1495    .text.USART_IRQHandler  USART_STM32F4xx.o
    0x080049ae   0x080049ae   0x00000002   PAD
    0x080049b0   0x080049b0   0x000000e0   Code   RO         1529    .text.USART_Initialize  USART_STM32F4xx.o
    0x08004a90   0x08004a90   0x0000024c   Code   RO         1541    .text.USART_PeripheralReset  USART_STM32F4xx.o
    0x08004cdc   0x08004cdc   0x0000045e   Code   RO         1535    .text.USART_PowerControl  USART_STM32F4xx.o
    0x0800513a   0x0800513a   0x00000002   PAD
    0x0800513c   0x0800513c   0x000000e4   Code   RO         1545    .text.USART_Receive  USART_STM32F4xx.o
    0x08005220   0x08005220   0x000000b6   Code   RO         1543    .text.USART_Send    USART_STM32F4xx.o
    0x080052d6   0x080052d6   0x00000002   PAD
    0x080052d8   0x080052d8   0x000000e2   Code   RO         1557    .text.USART_SetModemControl  USART_STM32F4xx.o
    0x080053ba   0x080053ba   0x00000002   PAD
    0x080053bc   0x080053bc   0x00000096   Code   RO         1547    .text.USART_Transfer  USART_STM32F4xx.o
    0x08005452   0x08005452   0x00000002   PAD
    0x08005454   0x08005454   0x000000c0   Code   RO         1533    .text.USART_Uninitialize  USART_STM32F4xx.o
    0x08005514   0x08005514   0x00000012   Code   RO         1499    .text.USARTx_GetVersion  USART_STM32F4xx.o
    0x08005526   0x08005526   0x00000002   PAD
    0x08005528   0x08005528   0x00000004   Code   RO           93    .text.UsageFault_Handler  stm32f4xx_it.o
    0x0800552c   0x0800552c   0x00000030   Code   RO         1537    .text.__NVIC_ClearPendingIRQ  USART_STM32F4xx.o
    0x0800555c   0x0800555c   0x00000038   Code   RO          131    .text.__NVIC_DisableIRQ  stm32f4xx_hal_cortex.o
    0x08005594   0x08005594   0x00000030   Code   RO         1539    .text.__NVIC_EnableIRQ  USART_STM32F4xx.o
    0x080055c4   0x080055c4   0x00000010   Code   RO          119    .text.__NVIC_GetPriorityGrouping  stm32f4xx_hal_cortex.o
    0x080055d4   0x080055d4   0x00000042   Code   RO          121    .text.__NVIC_SetPriority  stm32f4xx_hal_cortex.o
    0x08005616   0x08005616   0x00000002   PAD
    0x08005618   0x08005618   0x0000003c   Code   RO          115    .text.__NVIC_SetPriorityGrouping  stm32f4xx_hal_cortex.o
    0x08005654   0x08005654   0x00000020   Code   RO         1098    .text.checkVersionFlashFonts  fontsFLASH.o
    0x08005674   0x08005674   0x00000048   Code   RO         1250    .text.check_SPI_SR  LCD_SPI.o
    0x080056bc   0x080056bc   0x00000048   Code   RO         1577    .text.initBlueButton  main.o
    0x08005704   0x08005704   0x00000140   Code   RO         1403    .text.initGPIOs     init.o
    0x08005844   0x08005844   0x00000014   Code   RO         1399    .text.initITSboard  init.o
    0x08005858   0x08005858   0x000000b4   Code   RO         1301    .text.itoa          LCD_Tools.o
    0x0800590c   0x0800590c   0x000001d2   Code   RO         1367    .text.lcdPrintS     lcd.o
    0x08005ade   0x08005ade   0x00000002   PAD
    0x08005ae0   0x08005ae0   0x00000054   Code   RO         1375    .text.lcdPrintlnS   lcd.o
    0x08005b34   0x08005b34   0x0000008a   Code   RO         1575    .text.main          main.o
    0x08005bbe   0x08005bbe   0x00000002   PAD
    0x08005bc0   0x08005bc0   0x000000b2   Code   RO         1333    .text.printDebugMsg  LCD_Debug.o
    0x08005c72   0x08005c72   0x00000002   PAD
    0x08005c74   0x08005c74   0x000000ba   Code   RO         1579    .text.runTest       main.o
    0x08005d2e   0x08005d2e   0x00000002   PAD
    0x08005d30   0x08005d30   0x00000030   Code   RO         1248    .text.save_restore_AltFn_SPI1_MOSI_Pin  LCD_SPI.o
    0x08005d60   0x08005d60   0x00000082   Code   RO         1583    .text.statusBlueButton  main.o
    0x08005de2   0x08005de2   0x00000002   PAD
    0x08005de4   0x08005de4   0x000000ae   Code   RO         1482    .text.stdinout_init  stdinout_USART.o
    0x08005e92   0x08005e92   0x00000002   PAD
    0x08005e94   0x08005e94   0x00000046   Code   RO         1369    .text.stringCopy    lcd.o
    0x08005eda   0x08005eda   0x00000002   PAD
    0x08005edc   0x08005edc   0x0000001e   Code   RO         1581    .text.waitUntilButtonPressedAndReleased  main.o
    0x08005efa   0x08005efa   0x0000000e   Code   RO         1708    i.__scatterload_copy  mc_w.l(handlers.o)
    0x08005f08   0x08005f08   0x00000002   Code   RO         1709    i.__scatterload_null  mc_w.l(handlers.o)
    0x08005f0a   0x08005f0a   0x0000000e   Code   RO         1710    i.__scatterload_zeroinit  mc_w.l(handlers.o)
    0x08005f18   0x08005f18   0x00000010   Data   RO           76    .rodata.AHBPrescTable  system_stm32f4xx.o
    0x08005f28   0x08005f28   0x00000008   Data   RO           77    .rodata.APBPrescTable  system_stm32f4xx.o
    0x08005f30   0x08005f30   0x00002da5   Data   RO          966    .rodata.Consolas40_Table  Consolas40.o
    0x08008cd5   0x08008cd5   0x0000712f   Data   RO          973    .rodata.Consolas60_Table  Consolas60.o
    0x0800fe04   0x0800fe04   0x0000b45a   Data   RO          980    .rodata.Consolas80_Table  Consolas80.o
    0x0801b25e   0x0801b25e   0x0000ec63   Data   RO          987    .rodata.Consolas90_Table  Consolas90.o
    0x08029ec1   0x08029ec1   0x00002da5   Data   RO          994    .rodata.ConsolasBold40_Table  ConsolasBold40.o
    0x0802cc66   0x0802cc66   0x0000712f   Data   RO         1001    .rodata.ConsolasBold60_Table  ConsolasBold60.o
    0x08033d95   0x08033d95   0x0000b45a   Data   RO         1008    .rodata.ConsolasBold80_Table  ConsolasBold80.o
    0x0803f1ef   0x0803f1ef   0x0000ec63   Data   RO         1015    .rodata.ConsolasBold90_Table  ConsolasBold90.o
    0x0804de52   0x0804de52   0x000045c4   Data   RO         1022    .rodata.CourierNew48_Table  CourierNew48.o
    0x08052416   0x08052416   0x00003e58   Data   RO         1029    .rodata.CourierNewBold40_Table  CourierNewBold40.o
    0x0805626e   0x0805626e   0x00008a0c   Data   RO         1036    .rodata.CourierNewBold60_Table  CourierNewBold60.o
    0x0805ec7a   0x0805ec7a   0x00000002   PAD
    0x0805ec7c   0x0805ec7c   0x00000038   Data   RO         1561    .rodata.Driver_USART3  USART_STM32F4xx.o
    0x0805ecb4   0x0805ecb4   0x00003fd4   Data   RO         1043    .rodata.FiraMono40_Table  FiraMono40.o
    0x08062c88   0x08062c88   0x000076c0   Data   RO         1050    .rodata.FiraMono60_Table  FiraMono60.o
    0x0806a348   0x0806a348   0x0000dccd   Data   RO         1057    .rodata.FiraMono80_Table  FiraMono80.o
    0x08078015   0x08078015   0x0000fbf9   Data   RO         1064    .rodata.FiraMono90_Table  FiraMono90.o
    0x08087c0e   0x08087c0e   0x00004150   Data   RO         1071    .rodata.FiraMonoMedium40_Table  FiraMonoMedium40.o
    0x0808bd5e   0x0808bd5e   0x0000789b   Data   RO         1078    .rodata.FiraMonoMedium60_Table  FiraMonoMedium60.o
    0x080935f9   0x080935f9   0x0000e1ff   Data   RO         1085    .rodata.FiraMonoMedium80_Table  FiraMonoMedium80.o
    0x080a17f8   0x080a17f8   0x0000fbf9   Data   RO         1092    .rodata.FiraMonoMedium90_Table  FiraMonoMedium90.o
    0x080b13f1   0x080b13f1   0x00000474   Data   RO          937    .rodata.Font12_Table  font12.o
    0x080b1865   0x080b1865   0x00000be0   Data   RO          944    .rodata.Font16_Table  font16.o
    0x080b2445   0x080b2445   0x00000ed8   Data   RO          951    .rodata.Font20_Table  font20.o
    0x080b331d   0x080b331d   0x00001ab8   Data   RO          958    .rodata.Font24_Table  font24.o
    0x080b4dd5   0x080b4dd5   0x000002f8   Data   RO          930    .rodata.Font8_Table  font8.o
    0x080b50cd   0x080b50cd   0x00000003   PAD
    0x080b50d0   0x080b50d0   0x00000034   Data   RO         1566    .rodata.USART3_Resources  USART_STM32F4xx.o
    0x080b5104   0x080b5104   0x0000000c   Data   RO         1563    .rodata.USART3_rx   USART_STM32F4xx.o
    0x080b5110   0x080b5110   0x0000000c   Data   RO         1562    .rodata.USART3_tx   USART_STM32F4xx.o
    0x080b511c   0x080b511c   0x00000067   Data   RO         1158    .rodata.initCmds    LCD_Driver.o
    0x080b5183   0x080b5183   0x0000004c   Data   RO         1190    .rodata.str1.1      LCD_GUI.o
    0x080b51cf   0x080b51cf   0x0000004c   Data   RO         1254    .rodata.str1.1      LCD_SPI.o
    0x080b521b   0x080b521b   0x0000004c   Data   RO         1287    .rodata.str1.1      LCD_TIM.o
    0x080b5267   0x080b5267   0x0000001c   Data   RO         1336    .rodata.str1.1      LCD_Debug.o
    0x080b5283   0x080b5283   0x00000056   Data   RO         1586    .rodata.str1.1      main.o
    0x080b52d9   0x080b52d9   0x00000003   PAD
    0x080b52dc   0x080b52dc   0x00000020   Data   RO         1707    Region$$Table       anon$$obj.o


    Execution Region RW_IRAM1 (Exec base: 0x20000000, Load base: 0x080b5300, Size: 0x00000748, Max: 0x00030000, ABSOLUTE, COMPRESSED[0x000001d0])

    Exec Addr    Load Addr    Size         Type   Attr      Idx    E Section Name        Object

    0x20000000   COMPRESSED   0x00000008   Data   RW          965    .data.Consolas40    Consolas40.o
    0x20000008   COMPRESSED   0x00000008   Data   RW         1108    .data.Consolas40FLASH  fontsFLASH.o
    0x20000010   COMPRESSED   0x00000008   Data   RW          972    .data.Consolas60    Consolas60.o
    0x20000018   COMPRESSED   0x00000008   Data   RW         1109    .data.Consolas60FLASH  fontsFLASH.o
    0x20000020   COMPRESSED   0x00000008   Data   RW          979    .data.Consolas80    Consolas80.o
    0x20000028   COMPRESSED   0x00000008   Data   RW         1110    .data.Consolas80FLASH  fontsFLASH.o
    0x20000030   COMPRESSED   0x00000008   Data   RW          986    .data.Consolas90    Consolas90.o
    0x20000038   COMPRESSED   0x00000008   Data   RW         1111    .data.Consolas90FLASH  fontsFLASH.o
    0x20000040   COMPRESSED   0x00000008   Data   RW          993    .data.ConsolasBold40  ConsolasBold40.o
    0x20000048   COMPRESSED   0x00000008   Data   RW         1112    .data.ConsolasBold40FLASH  fontsFLASH.o
    0x20000050   COMPRESSED   0x00000008   Data   RW         1000    .data.ConsolasBold60  ConsolasBold60.o
    0x20000058   COMPRESSED   0x00000008   Data   RW         1113    .data.ConsolasBold60FLASH  fontsFLASH.o
    0x20000060   COMPRESSED   0x00000008   Data   RW         1007    .data.ConsolasBold80  ConsolasBold80.o
    0x20000068   COMPRESSED   0x00000008   Data   RW         1114    .data.ConsolasBold80FLASH  fontsFLASH.o
    0x20000070   COMPRESSED   0x00000008   Data   RW         1014    .data.ConsolasBold90  ConsolasBold90.o
    0x20000078   COMPRESSED   0x00000008   Data   RW         1115    .data.ConsolasBold90FLASH  fontsFLASH.o
    0x20000080   COMPRESSED   0x00000008   Data   RW         1021    .data.CourierNew48  CourierNew48.o
    0x20000088   COMPRESSED   0x00000008   Data   RW         1105    .data.CourierNew48FLASH  fontsFLASH.o
    0x20000090   COMPRESSED   0x00000008   Data   RW         1028    .data.CourierNewBold40  CourierNewBold40.o
    0x20000098   COMPRESSED   0x00000008   Data   RW         1106    .data.CourierNewBold40FLASH  fontsFLASH.o
    0x200000a0   COMPRESSED   0x00000008   Data   RW         1035    .data.CourierNewBold60  CourierNewBold60.o
    0x200000a8   COMPRESSED   0x00000008   Data   RW         1107    .data.CourierNewBold60FLASH  fontsFLASH.o
    0x200000b0   COMPRESSED   0x00000008   Data   RW         1042    .data.FiraMono40    FiraMono40.o
    0x200000b8   COMPRESSED   0x00000008   Data   RW         1116    .data.FiraMono40FLASH  fontsFLASH.o
    0x200000c0   COMPRESSED   0x00000008   Data   RW         1049    .data.FiraMono60    FiraMono60.o
    0x200000c8   COMPRESSED   0x00000008   Data   RW         1117    .data.FiraMono60FLASH  fontsFLASH.o
    0x200000d0   COMPRESSED   0x00000008   Data   RW         1056    .data.FiraMono80    FiraMono80.o
    0x200000d8   COMPRESSED   0x00000008   Data   RW         1118    .data.FiraMono80FLASH  fontsFLASH.o
    0x200000e0   COMPRESSED   0x00000008   Data   RW         1063    .data.FiraMono90    FiraMono90.o
    0x200000e8   COMPRESSED   0x00000008   Data   RW         1119    .data.FiraMono90FLASH  fontsFLASH.o
    0x200000f0   COMPRESSED   0x00000008   Data   RW         1070    .data.FiraMonoMedium40  FiraMonoMedium40.o
    0x200000f8   COMPRESSED   0x00000008   Data   RW         1120    .data.FiraMonoMedium40FLASH  fontsFLASH.o
    0x20000100   COMPRESSED   0x00000008   Data   RW         1077    .data.FiraMonoMedium60  FiraMonoMedium60.o
    0x20000108   COMPRESSED   0x00000008   Data   RW         1121    .data.FiraMonoMedium60FLASH  fontsFLASH.o
    0x20000110   COMPRESSED   0x00000008   Data   RW         1084    .data.FiraMonoMedium80  FiraMonoMedium80.o
    0x20000118   COMPRESSED   0x00000008   Data   RW         1122    .data.FiraMonoMedium80FLASH  fontsFLASH.o
    0x20000120   COMPRESSED   0x00000008   Data   RW         1091    .data.FiraMonoMedium90  FiraMonoMedium90.o
    0x20000128   COMPRESSED   0x00000008   Data   RW         1123    .data.FiraMonoMedium90FLASH  fontsFLASH.o
    0x20000130   COMPRESSED   0x00000008   Data   RW          938    .data.Font12        font12.o
    0x20000138   COMPRESSED   0x00000008   Data   RW         1103    .data.Font12FLASH   fontsFLASH.o
    0x20000140   COMPRESSED   0x00000008   Data   RW          945    .data.Font16        font16.o
    0x20000148   COMPRESSED   0x00000008   Data   RW         1102    .data.Font16FLASH   fontsFLASH.o
    0x20000150   COMPRESSED   0x00000008   Data   RW          952    .data.Font20        font20.o
    0x20000158   COMPRESSED   0x00000008   Data   RW         1101    .data.Font20FLASH   fontsFLASH.o
    0x20000160   COMPRESSED   0x00000008   Data   RW          959    .data.Font24        font24.o
    0x20000168   COMPRESSED   0x00000008   Data   RW         1100    .data.Font24FLASH   fontsFLASH.o
    0x20000170   COMPRESSED   0x00000008   Data   RW          931    .data.Font8         font8.o
    0x20000178   COMPRESSED   0x00000008   Data   RW         1104    .data.Font8FLASH    fontsFLASH.o
    0x20000180   COMPRESSED   0x00000004   Data   RW           75    .data.SystemCoreClock  system_stm32f4xx.o
    0x20000184   COMPRESSED   0x00000004   Data   RW         1385    .data.crd           lcd.o
    0x20000188   COMPRESSED   0x00000004   Data   RW         1386    .data.fontHeight    lcd.o
    0x2000018c   COMPRESSED   0x000000c0   Data   RW         1585    .data.fontList      main.o
    0x2000024c   COMPRESSED   0x00000004   Data   RW         1384    .data.fontWidth     lcd.o
    0x20000250   COMPRESSED   0x00000004   Data   RW         1387    .data.lcdFont       lcd.o
    0x20000254   COMPRESSED   0x00000004   Data   RW         1383    .data.lcdmaxx       lcd.o
    0x20000258   COMPRESSED   0x00000004   Data   RW         1389    .data.lcdmaxy       lcd.o
    0x2000025c   COMPRESSED   0x00000004   Data   RW         1255    .data.save_restore_AltFn_SPI1_MOSI_Pin.saved_AF  LCD_SPI.o
    0x20000260   COMPRESSED   0x00000001   Data   RW          332    .data.uwTickFreq    stm32f4xx_hal.o
    0x20000261   COMPRESSED   0x00000003   PAD
    0x20000264   COMPRESSED   0x00000004   Data   RW          331    .data.uwTickPrio    stm32f4xx_hal.o
    0x20000268        -       0x00000048   Zero   RW          105    .bss.EthHandle      stm32f4xx_it.o
    0x200002b0        -       0x00000014   Zero   RW         1564    .bss.USART3_Info    USART_STM32F4xx.o
    0x200002c4        -       0x00000024   Zero   RW         1565    .bss.USART3_TransferInfo  USART_STM32F4xx.o
    0x200002e8        -       0x00000040   Zero   RW         1286    .bss.htim4          LCD_TIM.o
    0x20000328        -       0x00000002   Zero   RW         1388    .bss.lcdColor       lcd.o
    0x2000032a   COMPRESSED   0x00000002   PAD
    0x2000032c        -       0x00000018   Zero   RW         1227    .bss.sTP_DEV        LCD_Touch.o
    0x20000344        -       0x00000004   Zero   RW          333    .bss.uwTick         stm32f4xx_hal.o
    0x20000348        -       0x00000400   Zero   RW           61    STACK               startup_stm32f429xx.o


==============================================================================

Image component sizes


      Code (inc. data)   RO Data    RW Data    ZI Data      Debug   Object Name

         0          0      11685          8          0       1009   Consolas40.o
         0          0      28975          8          0       1009   Consolas60.o
         0          0      46170          8          0       1009   Consolas80.o
         0          0      60515          8          0       1009   Consolas90.o
         0          0      11685          8          0       1025   ConsolasBold40.o
         0          0      28975          8          0       1025   ConsolasBold60.o
         0          0      46170          8          0       1025   ConsolasBold80.o
         0          0      60515          8          0       1025   ConsolasBold90.o
         0          0      17860          8          0       1017   CourierNew48.o
         0          0      15960          8          0       1033   CourierNewBold40.o
         0          0      35340          8          0       1033   CourierNewBold60.o
         0          0      16340          8          0       1009   FiraMono40.o
         0          0      30400          8          0       1009   FiraMono60.o
         0          0      56525          8          0       1009   FiraMono80.o
         0          0      64505          8          0       1009   FiraMono90.o
         0          0      16720          8          0       1033   FiraMonoMedium40.o
         0          0      30875          8          0       1033   FiraMonoMedium60.o
         0          0      57855          8          0       1033   FiraMonoMedium80.o
         0          0      64505          8          0       1033   FiraMonoMedium90.o
       178          0         28          0          0       1175   LCD_Debug.o
      1254          0        103          0          0       4542   LCD_Driver.o
       422          0          0          0          0       2676   LCD_GPIO.o
      1042          0         76          0          0       6688   LCD_GUI.o
       612          0         76          4          0       5436   LCD_SPI.o
       368          0         76          0         64       6132   LCD_TIM.o
       410          0          0          0          0       3084   LCD_Tools.o
        92          0          0          0         24       6427   LCD_Touch.o
      8678         52        132          0         56      22488   USART_STM32F4xx.o
       232          0          0          0          0       2411   error.o
         0          0       1140          8          0        917   font12.o
         0          0       3040          8          0        917   font16.o
         0          0       3800          8          0        917   font20.o
         0          0       6840          8          0        917   font24.o
         0          0        760          8          0        913   font8.o
        32          0          0        192          0       1913   fontsFLASH.o
       524          0          0          0          0       3870   init.o
       620          0          0         24          2       3860   lcd.o
       556          0         86        192          0       3537   main.o
        36          8        428          0       1024        996   startup_stm32f429xx.o
       174          0          0          0          0       1540   stdinout_USART.o
       264          0          0          5          4       7893   stm32f4xx_hal.o
       490          0          0          0          0       9954   stm32f4xx_hal_cortex.o
       234          0          0          0          0       8825   stm32f4xx_hal_dma.o
       218          0          0          0          0      16123   stm32f4xx_hal_eth.o
      1754          0          0          0          0       5542   stm32f4xx_hal_gpio.o
       190          0          0          0          0       4798   stm32f4xx_hal_pwr_ex.o
      2586          0          0          0          0       8079   stm32f4xx_hal_rcc.o
      1888         14          0          0          0      31897   stm32f4xx_hal_tim.o
       290          0          0          0          0      13151   stm32f4xx_hal_tim_ex.o
        48          0          0          0         72       4862   stm32f4xx_it.o
       110          0         24          4          0       2855   system_stm32f4xx.o

    ----------------------------------------------------------------------
     23422         74     718224        616       1248     214722   Object Totals
         0          0         32          0          0          0   (incl. Generated)
       120          0          8          3          2          0   (incl. Padding)

    ----------------------------------------------------------------------

      Code (inc. data)   RO Data    RW Data    ZI Data      Debug   Library Member Name

        86          0          0          0          0          0   __dczerorl2.o
         0          0          0          0          0          0   entry.o
         0          0          0          0          0          0   entry10a.o
         0          0          0          0          0          0   entry11a.o
         8          4          0          0          0          0   entry2.o
         4          0          0          0          0          0   entry5.o
         0          0          0          0          0          0   entry7b.o
         0          0          0          0          0          0   entry8b.o
         8          4          0          0          0          0   entry9a.o
        30          0          0          0          0          0   handlers.o
        48         10          0          0          0         68   init.o
        98          0          0          0          0         84   ldiv.o
        30          0          0          0          0         68   llshl.o
        32          0          0          0          0         68   llushr.o
        36          0          0          0          0        108   memseta.o
        14          0          0          0          0         68   strlen.o
        98          0          0          0          0         92   uldiv.o

    ----------------------------------------------------------------------
       494         18          0          0          0        556   Library Totals
         2          0          0          0          0          0   (incl. Padding)

    ----------------------------------------------------------------------

      Code (inc. data)   RO Data    RW Data    ZI Data      Debug   Library Name

       492         18          0          0          0        556   mc_w.l

    ----------------------------------------------------------------------
       494         18          0          0          0        556   Library Totals

    ----------------------------------------------------------------------

==============================================================================


      Code (inc. data)   RO Data    RW Data    ZI Data      Debug   

     23916         92     718224        616       1248     214906   Grand Totals
     23916         92     718224        464       1248     214906   ELF Image Totals (compressed)
     23916         92     718224        464          0          0   ROM Totals

==============================================================================

    Total RO  Size (Code + RO Data)               742140 ( 724.75kB)
    Total RW  Size (RW Data + ZI Data)              1864 (   1.82kB)
    Total ROM Size (Code + RO Data + RW Data)     742604 ( 725.20kB)

==============================================================================

