Component: Arm Compiler for Embedded 6.24 Tool: armlink [5f371500]

==============================================================================

Section Cross References

    stm32f4xx_nucleo_144.o(.ARM.exidx.text.BSP_GetVersion) refers to stm32f4xx_nucleo_144.o(.text.BSP_GetVersion) for [Anonymous Symbol]
    stm32f4xx_nucleo_144.o(.text.BSP_LED_Init) refers to stm32f4xx_nucleo_144.o(.rodata.GPIO_PIN) for GPIO_PIN
    stm32f4xx_nucleo_144.o(.text.BSP_LED_Init) refers to stm32f4xx_nucleo_144.o(.data.GPIO_PORT) for GPIO_PORT
    stm32f4xx_nucleo_144.o(.text.BSP_LED_Init) refers to stm32f4xx_hal_gpio.o(.text.HAL_GPIO_Init) for HAL_GPIO_Init
    stm32f4xx_nucleo_144.o(.text.BSP_LED_Init) refers to stm32f4xx_hal_gpio.o(.text.HAL_GPIO_WritePin) for HAL_GPIO_WritePin
    stm32f4xx_nucleo_144.o(.ARM.exidx.text.BSP_LED_Init) refers to stm32f4xx_nucleo_144.o(.text.BSP_LED_Init) for [Anonymous Symbol]
    stm32f4xx_nucleo_144.o(.text.BSP_LED_DeInit) refers to stm32f4xx_nucleo_144.o(.data.GPIO_PORT) for GPIO_PORT
    stm32f4xx_nucleo_144.o(.text.BSP_LED_DeInit) refers to stm32f4xx_nucleo_144.o(.rodata.GPIO_PIN) for GPIO_PIN
    stm32f4xx_nucleo_144.o(.text.BSP_LED_DeInit) refers to stm32f4xx_hal_gpio.o(.text.HAL_GPIO_WritePin) for HAL_GPIO_WritePin
    stm32f4xx_nucleo_144.o(.text.BSP_LED_DeInit) refers to stm32f4xx_hal_gpio.o(.text.HAL_GPIO_DeInit) for HAL_GPIO_DeInit
    stm32f4xx_nucleo_144.o(.ARM.exidx.text.BSP_LED_DeInit) refers to stm32f4xx_nucleo_144.o(.text.BSP_LED_DeInit) for [Anonymous Symbol]
    stm32f4xx_nucleo_144.o(.text.BSP_LED_On) refers to stm32f4xx_nucleo_144.o(.data.GPIO_PORT) for GPIO_PORT
    stm32f4xx_nucleo_144.o(.text.BSP_LED_On) refers to stm32f4xx_nucleo_144.o(.rodata.GPIO_PIN) for GPIO_PIN
    stm32f4xx_nucleo_144.o(.text.BSP_LED_On) refers to stm32f4xx_hal_gpio.o(.text.HAL_GPIO_WritePin) for HAL_GPIO_WritePin
    stm32f4xx_nucleo_144.o(.ARM.exidx.text.BSP_LED_On) refers to stm32f4xx_nucleo_144.o(.text.BSP_LED_On) for [Anonymous Symbol]
    stm32f4xx_nucleo_144.o(.text.BSP_LED_Off) refers to stm32f4xx_nucleo_144.o(.data.GPIO_PORT) for GPIO_PORT
    stm32f4xx_nucleo_144.o(.text.BSP_LED_Off) refers to stm32f4xx_nucleo_144.o(.rodata.GPIO_PIN) for GPIO_PIN
    stm32f4xx_nucleo_144.o(.text.BSP_LED_Off) refers to stm32f4xx_hal_gpio.o(.text.HAL_GPIO_WritePin) for HAL_GPIO_WritePin
    stm32f4xx_nucleo_144.o(.ARM.exidx.text.BSP_LED_Off) refers to stm32f4xx_nucleo_144.o(.text.BSP_LED_Off) for [Anonymous Symbol]
    stm32f4xx_nucleo_144.o(.text.BSP_LED_Toggle) refers to stm32f4xx_nucleo_144.o(.data.GPIO_PORT) for GPIO_PORT
    stm32f4xx_nucleo_144.o(.text.BSP_LED_Toggle) refers to stm32f4xx_nucleo_144.o(.rodata.GPIO_PIN) for GPIO_PIN
    stm32f4xx_nucleo_144.o(.text.BSP_LED_Toggle) refers to stm32f4xx_hal_gpio.o(.text.HAL_GPIO_TogglePin) for HAL_GPIO_TogglePin
    stm32f4xx_nucleo_144.o(.ARM.exidx.text.BSP_LED_Toggle) refers to stm32f4xx_nucleo_144.o(.text.BSP_LED_Toggle) for [Anonymous Symbol]
    stm32f4xx_nucleo_144.o(.text.BSP_PB_Init) refers to stm32f4xx_nucleo_144.o(.rodata.BUTTON_PIN) for BUTTON_PIN
    stm32f4xx_nucleo_144.o(.text.BSP_PB_Init) refers to stm32f4xx_nucleo_144.o(.data.BUTTON_PORT) for BUTTON_PORT
    stm32f4xx_nucleo_144.o(.text.BSP_PB_Init) refers to stm32f4xx_hal_gpio.o(.text.HAL_GPIO_Init) for HAL_GPIO_Init
    stm32f4xx_nucleo_144.o(.text.BSP_PB_Init) refers to stm32f4xx_nucleo_144.o(.rodata.BUTTON_IRQn) for BUTTON_IRQn
    stm32f4xx_nucleo_144.o(.text.BSP_PB_Init) refers to stm32f4xx_hal_cortex.o(.text.HAL_NVIC_SetPriority) for HAL_NVIC_SetPriority
    stm32f4xx_nucleo_144.o(.text.BSP_PB_Init) refers to stm32f4xx_hal_cortex.o(.text.HAL_NVIC_EnableIRQ) for HAL_NVIC_EnableIRQ
    stm32f4xx_nucleo_144.o(.ARM.exidx.text.BSP_PB_Init) refers to stm32f4xx_nucleo_144.o(.text.BSP_PB_Init) for [Anonymous Symbol]
    stm32f4xx_nucleo_144.o(.text.BSP_PB_DeInit) refers to stm32f4xx_nucleo_144.o(.rodata.BUTTON_PIN) for BUTTON_PIN
    stm32f4xx_nucleo_144.o(.text.BSP_PB_DeInit) refers to stm32f4xx_nucleo_144.o(.rodata.BUTTON_IRQn) for BUTTON_IRQn
    stm32f4xx_nucleo_144.o(.text.BSP_PB_DeInit) refers to stm32f4xx_hal_cortex.o(.text.HAL_NVIC_DisableIRQ) for HAL_NVIC_DisableIRQ
    stm32f4xx_nucleo_144.o(.text.BSP_PB_DeInit) refers to stm32f4xx_nucleo_144.o(.data.BUTTON_PORT) for BUTTON_PORT
    stm32f4xx_nucleo_144.o(.text.BSP_PB_DeInit) refers to stm32f4xx_hal_gpio.o(.text.HAL_GPIO_DeInit) for HAL_GPIO_DeInit
    stm32f4xx_nucleo_144.o(.ARM.exidx.text.BSP_PB_DeInit) refers to stm32f4xx_nucleo_144.o(.text.BSP_PB_DeInit) for [Anonymous Symbol]
    stm32f4xx_nucleo_144.o(.text.BSP_PB_GetState) refers to stm32f4xx_nucleo_144.o(.data.BUTTON_PORT) for BUTTON_PORT
    stm32f4xx_nucleo_144.o(.text.BSP_PB_GetState) refers to stm32f4xx_nucleo_144.o(.rodata.BUTTON_PIN) for BUTTON_PIN
    stm32f4xx_nucleo_144.o(.text.BSP_PB_GetState) refers to stm32f4xx_hal_gpio.o(.text.HAL_GPIO_ReadPin) for HAL_GPIO_ReadPin
[...]
    .text                                    0x080001e4   Section        0  uldiv.o(.text)
    .text                                    0x08000246   Section        0  ldiv.o(.text)
    .text                                    0x080002a8   Section        0  memseta.o(.text)
    .text                                    0x080002cc   Section        0  strlen.o(.text)
    .text                                    0x080002da   Section        0  llshl.o(.text)
    .text                                    0x080002f8   Section        0  llushr.o(.text)
    .text                                    0x08000318   Section       48  init.o(.text)
    [Anonymous Symbol]                       0x08000348   Section        0  stm32f4xx_it.o(.text.BusFault_Handler)
    [Anonymous Symbol]                       0x0800034c   Section        0  stack.o(.text.C)
    [Anonymous Symbol]                       0x08000360   Section        0  stm32f4xx_it.o(.text.DebugMon_Handler)
    [Anonymous Symbol]                       0x08000364   Section        0  LCD_Tools.o(.text.Driver_Delay_ms)
    [Anonymous Symbol]                       0x08000374   Section        0  LCD_Tools.o(.text.Driver_Delay_us)
    [Anonymous Symbol]                       0x08000394   Section        0  stm32f4xx_it.o(.text.ETH_IRQHandler)
    Enable_GPIO_Clock                        0x080003a5   Thumb Code   474  USART_STM32F4xx.o(.text.Enable_GPIO_Clock)
    [Anonymous Symbol]                       0x080003a4   Section        0  USART_STM32F4xx.o(.text.Enable_GPIO_Clock)
    [Anonymous Symbol]                       0x08000580   Section        0  error.o(.text.Error_Handler)
    [Anonymous Symbol]                       0x08000668   Section        0  LCD_GPIO.o(.text.GPIO_Init)
    [Anonymous Symbol]                       0x08000670   Section        0  LCD_GUI.o(.text.GUI_clear)
    [Anonymous Symbol]                       0x08000684   Section        0  LCD_GUI.o(.text.GUI_disChar)
    [Anonymous Symbol]                       0x08000740   Section        0  LCD_GUI.o(.text.GUI_disNum)
    [Anonymous Symbol]                       0x080007a8   Section        0  LCD_GUI.o(.text.GUI_disStr)
    [Anonymous Symbol]                       0x080008bc   Section        0  LCD_GUI.o(.text.GUI_drawPoint)
    [Anonymous Symbol]                       0x080009b0   Section        0  LCD_GUI.o(.text.GUI_drawRectangle)
    [Anonymous Symbol]                       0x08000b5c   Section        0  LCD_GUI.o(.text.GUI_init)
    [Anonymous Symbol]                       0x08000b78   Section        0  stm32f4xx_hal_dma.o(.text.HAL_DMA_Abort)
    [Anonymous Symbol]                       0x08000c64   Section        0  stm32f4xx_hal.o(.text.HAL_Delay)
    [Anonymous Symbol]                       0x08000ca8   Section        0  stm32f4xx_hal_eth.o(.text.HAL_ETH_ErrorCallback)
    [Anonymous Symbol]                       0x08000cb0   Section        0  stm32f4xx_hal_eth.o(.text.HAL_ETH_IRQHandler)
    [Anonymous Symbol]                       0x08000d74   Section        0  stm32f4xx_hal_eth.o(.text.HAL_ETH_RxCpltCallback)
    [Anonymous Symbol]                       0x08000d7c   Section        0  stm32f4xx_hal_eth.o(.text.HAL_ETH_TxCpltCallback)
    [Anonymous Symbol]                       0x08000d84   Section        0  stm32f4xx_hal_gpio.o(.text.HAL_GPIO_DeInit)
    [Anonymous Symbol]                       0x08000fe0   Section        0  stm32f4xx_hal_gpio.o(.text.HAL_GPIO_Init)
    [Anonymous Symbol]                       0x080013d0   Section        0  stm32f4xx_hal_gpio.o(.text.HAL_GPIO_ReadPin)
    [Anonymous Symbol]                       0x08001400   Section        0  stm32f4xx_hal_gpio.o(.text.HAL_GPIO_TogglePin)
    [Anonymous Symbol]                       0x08001434   Section        0  stm32f4xx_hal_gpio.o(.text.HAL_GPIO_WritePin)
    [Anonymous Symbol]                       0x08001464   Section        0  stm32f4xx_hal.o(.text.HAL_GetTick)
    [Anonymous Symbol]                       0x08001470   Section        0  stm32f4xx_hal.o(.text.HAL_IncTick)
    [Anonymous Symbol]                       0x0800148c   Section        0  stm32f4xx_hal.o(.text.HAL_Init)
    [Anonymous Symbol]                       0x080014bc   Section        0  stm32f4xx_hal.o(.text.HAL_InitTick)
    [Anonymous Symbol]                       0x0800152c   Section        0  stm32f4xx_hal.o(.text.HAL_MspInit)
    [Anonymous Symbol]                       0x08001530   Section        0  stm32f4xx_hal_cortex.o(.text.HAL_NVIC_DisableIRQ)
    [Anonymous Symbol]                       0x08001544   Section        0  stm32f4xx_hal_cortex.o(.text.HAL_NVIC_SetPriority)
    [Anonymous Symbol]                       0x08001578   Section        0  stm32f4xx_hal_cortex.o(.text.HAL_NVIC_SetPriorityGrouping)
    [Anonymous Symbol]                       0x08001588   Section        0  stm32f4xx_hal_pwr_ex.o(.text.HAL_PWREx_EnableOverDrive)
    [Anonymous Symbol]                       0x08001648   Section        0  stm32f4xx_hal_rcc.o(.text.HAL_RCC_ClockConfig)
    [Anonymous Symbol]                       0x080018ac   Section        0  stm32f4xx_hal_rcc.o(.text.HAL_RCC_GetHCLKFreq)
    [Anonymous Symbol]                       0x080018b8   Section        0  stm32f4xx_hal_rcc.o(.text.HAL_RCC_GetPCLK1Freq)
    [Anonymous Symbol]                       0x080018dc   Section        0  stm32f4xx_hal_rcc.o(.text.HAL_RCC_GetSysClockFreq)
    [Anonymous Symbol]                       0x080019c4   Section        0  stm32f4xx_hal_rcc.o(.text.HAL_RCC_OscConfig)
    [Anonymous Symbol]                       0x08002068   Section        0  stm32f4xx_hal_cortex.o(.text.HAL_SYSTICK_Config)
    [Anonymous Symbol]                       0x08002078   Section        0  stm32f4xx_hal_tim_ex.o(.text.HAL_TIMEx_MasterConfigSynchronization)
    HAL_TIM_MspPostInit                      0x0800219d   Thumb Code    72  LCD_TIM.o(.text.HAL_TIM_MspPostInit)
    [Anonymous Symbol]                       0x0800219c   Section        0  LCD_TIM.o(.text.HAL_TIM_MspPostInit)
    [Anonymous Symbol]                       0x080021e4   Section        0  stm32f4xx_hal_tim.o(.text.HAL_TIM_PWM_ConfigChannel)
    [Anonymous Symbol]                       0x08002328   Section        0  stm32f4xx_hal_tim.o(.text.HAL_TIM_PWM_Init)
    [Anonymous Symbol]                       0x08002380   Section        0  LCD_TIM.o(.text.HAL_TIM_PWM_MspInit)
    [Anonymous Symbol]                       0x080023c0   Section        0  stm32f4xx_hal_tim.o(.text.HAL_TIM_PWM_Start)
    [Anonymous Symbol]                       0x08002440   Section        0  stm32f4xx_it.o(.text.HardFault_Handler)
    [Anonymous Symbol]                       0x08002444   Section        0  LCD_Tools.o(.text.LCDErrHandler)
    LCD_Reset                                0x080024fd   Thumb Code    74  LCD_Driver.o(.text.LCD_Reset)
    [Anonymous Symbol]                       0x080024fc   Section        0  LCD_Driver.o(.text.LCD_Reset)
    LCD_SetBackLight                         0x08002549   Thumb Code    20  LCD_Driver.o(.text.LCD_SetBackLight)
    [Anonymous Symbol]                       0x08002548   Section        0  LCD_Driver.o(.text.LCD_SetBackLight)
    LCD_SetGramScanWay                       0x0800255d   Thumb Code    34  LCD_Driver.o(.text.LCD_SetGramScanWay)
    [Anonymous Symbol]                       0x0800255c   Section        0  LCD_Driver.o(.text.LCD_SetGramScanWay)
    LCD_WriteCMD                             0x08002581   Thumb Code    72  LCD_Driver.o(.text.LCD_WriteCMD)
    [Anonymous Symbol]                       0x08002580   Section        0  LCD_Driver.o(.text.LCD_WriteCMD)
    LCD_WriteCMDList                         0x080025c9   Thumb Code    86  LCD_Driver.o(.text.LCD_WriteCMDList)
    [Anonymous Symbol]                       0x080025c8   Section        0  LCD_Driver.o(.text.LCD_WriteCMDList)
    LCD_WriteParam                           0x08002621   Thumb Code    22  LCD_Driver.o(.text.LCD_WriteParam)
    [Anonymous Symbol]                       0x08002620   Section        0  LCD_Driver.o(.text.LCD_WriteParam)
    LCD_WriteParameters                      0x08002639   Thumb Code   112  LCD_Driver.o(.text.LCD_WriteParameters)
    [Anonymous Symbol]                       0x08002638   Section        0  LCD_Driver.o(.text.LCD_WriteParameters)
    [Anonymous Symbol]                       0x080026a8   Section        0  LCD_Driver.o(.text.LCD_clear)
    [Anonymous Symbol]                       0x080026cc   Section        0  LCD_Driver.o(.text.LCD_fillRectangleBW)
    [Anonymous Symbol]                       0x0800285c   Section        0  LCD_Driver.o(.text.LCD_fillRectangleMC)
    [Anonymous Symbol]                       0x08002928   Section        0  LCD_Driver.o(.text.LCD_init)
    LCD_setWindow                            0x08002999   Thumb Code    88  LCD_Driver.o(.text.LCD_setWindow)
    [Anonymous Symbol]                       0x08002998   Section        0  LCD_Driver.o(.text.LCD_setWindow)
    MX_GPIO_Init                             0x080029f1   Thumb Code   414  LCD_GPIO.o(.text.MX_GPIO_Init)
    [Anonymous Symbol]                       0x080029f0   Section        0  LCD_GPIO.o(.text.MX_GPIO_Init)
    MX_TIM4_Init                             0x08002b91   Thumb Code   170  LCD_TIM.o(.text.MX_TIM4_Init)
    [Anonymous Symbol]                       0x08002b90   Section        0  LCD_TIM.o(.text.MX_TIM4_Init)
    [Anonymous Symbol]                       0x08002c3c   Section        0  stm32f4xx_it.o(.text.MemManage_Handler)
    [Anonymous Symbol]                       0x08002c40   Section        0  stm32f4xx_it.o(.text.NMI_Handler)
    NVIC_EncodePriority                      0x08002c45   Thumb Code   108  stm32f4xx_hal_cortex.o(.text.NVIC_EncodePriority)
    [Anonymous Symbol]                       0x08002c44   Section        0  stm32f4xx_hal_cortex.o(.text.NVIC_EncodePriority)
    [Anonymous Symbol]                       0x08002cb0   Section        0  stack.o(.text.P)
    [Anonymous Symbol]                       0x08002d00   Section        0  LCD_TIM.o(.text.PWM_SetValue)
    [Anonymous Symbol]                       0x08002d38   Section        0  stm32f4xx_it.o(.text.PendSV_Handler)
    [Anonymous Symbol]                       0x08002d3c   Section        0  LCD_SPI.o(.text.SPI4W_Read_Byte)
    [Anonymous Symbol]                       0x08002d48   Section        0  LCD_SPI.o(.text.SPI4W_Write_Byte)
    SPIInitDevWithoutHAL                     0x08002e01   Thumb Code    76  LCD_SPI.o(.text.SPIInitDevWithoutHAL)
    [Anonymous Symbol]                       0x08002e00   Section        0  LCD_SPI.o(.text.SPIInitDevWithoutHAL)
    SPIInitGPIOsWithoutHAL                   0x08002e4d   Thumb Code   218  LCD_SPI.o(.text.SPIInitGPIOsWithoutHAL)
    [Anonymous Symbol]                       0x08002e4c   Section        0  LCD_SPI.o(.text.SPIInitGPIOsWithoutHAL)
    [Anonymous Symbol]                       0x08002f28   Section        0  LCD_SPI.o(.text.SPIinit)
    [Anonymous Symbol]                       0x08002f38   Section        0  LCD_SPI.o(.text.SPIsetLCDSpeed)
    [Anonymous Symbol]                       0x08002f44   Section        0  LCD_SPI.o(.text.SPIsetTPSpeed)
    [Anonymous Symbol]                       0x08002f90   Section        0  stm32f4xx_it.o(.text.SVC_Handler)
    SysTick_Config                           0x08002f95   Thumb Code    82  stm32f4xx_hal_cortex.o(.text.SysTick_Config)
    [Anonymous Symbol]                       0x08002f94   Section        0  stm32f4xx_hal_cortex.o(.text.SysTick_Config)
    [Anonymous Symbol]                       0x08002fe8   Section        0  stm32f4xx_it.o(.text.SysTick_Handler)
    SystemClock_Config                       0x08002ff1   Thumb Code   184  init.o(.text.SystemClock_Config)
    [Anonymous Symbol]                       0x08002ff0   Section        0  init.o(.text.SystemClock_Config)
    [Anonymous Symbol]                       0x080030a8   Section        0  system_stm32f4xx.o(.text.SystemInit)
    [Anonymous Symbol]                       0x08003118   Section        0  LCD_TIM.o(.text.TIM4_Init)
    [Anonymous Symbol]                       0x08003120   Section        0  stm32f4xx_hal_tim.o(.text.TIM_Base_SetConfig)
    [Anonymous Symbol]                       0x080032bc   Section        0  stm32f4xx_hal_tim.o(.text.TIM_CCxChannelCmd)
    TIM_OC1_SetConfig                        0x080032f5   Thumb Code   234  stm32f4xx_hal_tim.o(.text.TIM_OC1_SetConfig)
    [Anonymous Symbol]                       0x080032f4   Section        0  stm32f4xx_hal_tim.o(.text.TIM_OC1_SetConfig)
    [Anonymous Symbol]                       0x080033e0   Section        0  stm32f4xx_hal_tim.o(.text.TIM_OC2_SetConfig)
    TIM_OC3_SetConfig                        0x080034d5   Thumb Code   242  stm32f4xx_hal_tim.o(.text.TIM_OC3_SetConfig)
    [Anonymous Symbol]                       0x080034d4   Section        0  stm32f4xx_hal_tim.o(.text.TIM_OC3_SetConfig)
    TIM_OC4_SetConfig                        0x080035c9   Thumb Code   164  stm32f4xx_hal_tim.o(.text.TIM_OC4_SetConfig)
    [Anonymous Symbol]                       0x080035c8   Section        0  stm32f4xx_hal_tim.o(.text.TIM_OC4_SetConfig)
    [Anonymous Symbol]                       0x0800366c   Section        0  LCD_Touch.o(.text.TP_InitBasic)
    TP_Read_ADC                              0x080036a1   Thumb Code   110  LCD_Touch.o(.text.TP_Read_ADC)
    [Anonymous Symbol]                       0x080036a0   Section        0  LCD_Touch.o(.text.TP_Read_ADC)
    TP_Read_ADC_Average                      0x08003711   Thumb Code   296  LCD_Touch.o(.text.TP_Read_ADC_Average)
    [Anonymous Symbol]                       0x08003710   Section        0  LCD_Touch.o(.text.TP_Read_ADC_Average)
    TP_Read_ADC_XY                           0x08003839   Thumb Code    32  LCD_Touch.o(.text.TP_Read_ADC_XY)
    [Anonymous Symbol]                       0x08003838   Section        0  LCD_Touch.o(.text.TP_Read_ADC_XY)
    TP_Read_TwiceADC                         0x08003859   Thumb Code   244  LCD_Touch.o(.text.TP_Read_TwiceADC)
    [Anonymous Symbol]                       0x08003858   Section        0  LCD_Touch.o(.text.TP_Read_TwiceADC)
    TP_Scan                                  0x0800394d   Thumb Code   244  LCD_Touch.o(.text.TP_Scan)
    [Anonymous Symbol]                       0x0800394c   Section        0  LCD_Touch.o(.text.TP_Scan)
    TP_SetDefaultCalibration                 0x08003a49   Thumb Code    42  LCD_Touch.o(.text.TP_SetDefaultCalibration)
    [Anonymous Symbol]                       0x08003a48   Section        0  LCD_Touch.o(.text.TP_SetDefaultCalibration)
    [Anonymous Symbol]                       0x08003a74   Section        0  LCD_Touch.o(.text.TP_get)
    [Anonymous Symbol]                       0x08003a90   Section        0  LCD_Touch.o(.text.TP_pressed)
    USART3_Control                           0x08003a99   Thumb Code    28  USART_STM32F4xx.o(.text.USART3_Control)
    [Anonymous Symbol]                       0x08003a98   Section        0  USART_STM32F4xx.o(.text.USART3_Control)
    USART3_GetCapabilities                   0x08003ab5   Thumb Code    24  USART_STM32F4xx.o(.text.USART3_GetCapabilities)
    [Anonymous Symbol]                       0x08003ab4   Section        0  USART_STM32F4xx.o(.text.USART3_GetCapabilities)
    USART3_GetModemStatus                    0x08003acd   Thumb Code    24  USART_STM32F4xx.o(.text.USART3_GetModemStatus)
    [Anonymous Symbol]                       0x08003acc   Section        0  USART_STM32F4xx.o(.text.USART3_GetModemStatus)
    USART3_GetRxCount                        0x08003ae5   Thumb Code    16  USART_STM32F4xx.o(.text.USART3_GetRxCount)
    [Anonymous Symbol]                       0x08003ae4   Section        0  USART_STM32F4xx.o(.text.USART3_GetRxCount)
    USART3_GetStatus                         0x08003af5   Thumb Code    24  USART_STM32F4xx.o(.text.USART3_GetStatus)
    [Anonymous Symbol]                       0x08003af4   Section        0  USART_STM32F4xx.o(.text.USART3_GetStatus)
    USART3_GetTxCount                        0x08003b0d   Thumb Code    16  USART_STM32F4xx.o(.text.USART3_GetTxCount)
    [Anonymous Symbol]                       0x08003b0c   Section        0  USART_STM32F4xx.o(.text.USART3_GetTxCount)
    [Anonymous Symbol]                       0x08003b1c   Section        0  USART_STM32F4xx.o(.text.USART3_IRQHandler)
    USART3_Initialize                        0x08003b2d   Thumb Code    24  USART_STM32F4xx.o(.text.USART3_Initialize)
    [Anonymous Symbol]                       0x08003b2c   Section        0  USART_STM32F4xx.o(.text.USART3_Initialize)
    USART3_PowerControl                      0x08003b45   Thumb Code    28  USART_STM32F4xx.o(.text.USART3_PowerControl)
    [Anonymous Symbol]                       0x08003b44   Section        0  USART_STM32F4xx.o(.text.USART3_PowerControl)
    USART3_Receive                           0x08003b61   Thumb Code    28  USART_STM32F4xx.o(.text.USART3_Receive)
    [Anonymous Symbol]                       0x08003b60   Section        0  USART_STM32F4xx.o(.text.USART3_Receive)
    USART3_Send                              0x08003b7d   Thumb Code    28  USART_STM32F4xx.o(.text.USART3_Send)
    [Anonymous Symbol]                       0x08003b7c   Section        0  USART_STM32F4xx.o(.text.USART3_Send)
    USART3_SetModemControl                   0x08003b99   Thumb Code    28  USART_STM32F4xx.o(.text.USART3_SetModemControl)
    [Anonymous Symbol]                       0x08003b98   Section        0  USART_STM32F4xx.o(.text.USART3_SetModemControl)
    USART3_Transfer                          0x08003bb5   Thumb Code    32  USART_STM32F4xx.o(.text.USART3_Transfer)
    [Anonymous Symbol]                       0x08003bb4   Section        0  USART_STM32F4xx.o(.text.USART3_Transfer)
    USART3_Uninitialize                      0x08003bd5   Thumb Code    16  USART_STM32F4xx.o(.text.USART3_Uninitialize)
    [Anonymous Symbol]                       0x08003bd4   Section        0  USART_STM32F4xx.o(.text.USART3_Uninitialize)
    USART_Control                            0x08003be5   Thumb Code  3462  USART_STM32F4xx.o(.text.USART_Control)
    [Anonymous Symbol]                       0x08003be4   Section        0  USART_STM32F4xx.o(.text.USART_Control)
    USART_GetCapabilities                    0x0800496d   Thumb Code    16  USART_STM32F4xx.o(.text.USART_GetCapabilities)
    [Anonymous Symbol]                       0x0800496c   Section        0  USART_STM32F4xx.o(.text.USART_GetCapabilities)
    USART_GetModemStatus                     0x0800497d   Thumb Code   106  USART_STM32F4xx.o(.text.USART_GetModemStatus)
    [Anonymous Symbol]                       0x0800497c   Section        0  USART_STM32F4xx.o(.text.USART_GetModemStatus)
    USART_GetRxCount                         0x080049e9   Thumb Code    14  USART_STM32F4xx.o(.text.USART_GetRxCount)
    [Anonymous Symbol]                       0x080049e8   Section        0  USART_STM32F4xx.o(.text.USART_GetRxCount)
    USART_GetStatus                          0x080049f9   Thumb Code   212  USART_STM32F4xx.o(.text.USART_GetStatus)
    [Anonymous Symbol]                       0x080049f8   Section        0  USART_STM32F4xx.o(.text.USART_GetStatus)
    USART_GetTxCount                         0x08004acd   Thumb Code    14  USART_STM32F4xx.o(.text.USART_GetTxCount)
    [Anonymous Symbol]                       0x08004acc   Section        0  USART_STM32F4xx.o(.text.USART_GetTxCount)
    [Anonymous Symbol]                       0x08004adc   Section        0  USART_STM32F4xx.o(.text.USART_IRQHandler)
    USART_Initialize                         0x08004ee1   Thumb Code   224  USART_STM32F4xx.o(.text.USART_Initialize)
    [Anonymous Symbol]                       0x08004ee0   Section        0  USART_STM32F4xx.o(.text.USART_Initialize)
    USART_PeripheralReset                    0x08004fc1   Thumb Code   588  USART_STM32F4xx.o(.text.USART_PeripheralReset)
    [Anonymous Symbol]                       0x08004fc0   Section        0  USART_STM32F4xx.o(.text.USART_PeripheralReset)
    USART_PowerControl                       0x0800520d   Thumb Code  1118  USART_STM32F4xx.o(.text.USART_PowerControl)
    [Anonymous Symbol]                       0x0800520c   Section        0  USART_STM32F4xx.o(.text.USART_PowerControl)
    USART_Receive                            0x0800566d   Thumb Code   228  USART_STM32F4xx.o(.text.USART_Receive)
    [Anonymous Symbol]                       0x0800566c   Section        0  USART_STM32F4xx.o(.text.USART_Receive)
    USART_Send                               0x08005751   Thumb Code   182  USART_STM32F4xx.o(.text.USART_Send)
    [Anonymous Symbol]                       0x08005750   Section        0  USART_STM32F4xx.o(.text.USART_Send)
    USART_SetModemControl                    0x08005809   Thumb Code   226  USART_STM32F4xx.o(.text.USART_SetModemControl)
    [Anonymous Symbol]                       0x08005808   Section        0  USART_STM32F4xx.o(.text.USART_SetModemControl)
    USART_Transfer                           0x080058ed   Thumb Code   150  USART_STM32F4xx.o(.text.USART_Transfer)
    [Anonymous Symbol]                       0x080058ec   Section        0  USART_STM32F4xx.o(.text.USART_Transfer)
    USART_Uninitialize                       0x08005985   Thumb Code   192  USART_STM32F4xx.o(.text.USART_Uninitialize)
    [Anonymous Symbol]                       0x08005984   Section        0  USART_STM32F4xx.o(.text.USART_Uninitialize)
    USARTx_GetVersion                        0x08005a45   Thumb Code    18  USART_STM32F4xx.o(.text.USARTx_GetVersion)
    [Anonymous Symbol]                       0x08005a44   Section        0  USART_STM32F4xx.o(.text.USARTx_GetVersion)
    [Anonymous Symbol]                       0x08005a58   Section        0  stm32f4xx_it.o(.text.UsageFault_Handler)
    __NVIC_ClearPendingIRQ                   0x08005a5d   Thumb Code    48  USART_STM32F4xx.o(.text.__NVIC_ClearPendingIRQ)
    [Anonymous Symbol]                       0x08005a5c   Section        0  USART_STM32F4xx.o(.text.__NVIC_ClearPendingIRQ)
    __NVIC_DisableIRQ                        0x08005a8d   Thumb Code    56  stm32f4xx_hal_cortex.o(.text.__NVIC_DisableIRQ)
    [Anonymous Symbol]                       0x08005a8c   Section        0  stm32f4xx_hal_cortex.o(.text.__NVIC_DisableIRQ)
    __NVIC_EnableIRQ                         0x08005ac5   Thumb Code    48  USART_STM32F4xx.o(.text.__NVIC_EnableIRQ)
    [Anonymous Symbol]                       0x08005ac4   Section        0  USART_STM32F4xx.o(.text.__NVIC_EnableIRQ)
    __NVIC_GetPriorityGrouping               0x08005af5   Thumb Code    16  stm32f4xx_hal_cortex.o(.text.__NVIC_GetPriorityGrouping)
    [Anonymous Symbol]                       0x08005af4   Section        0  stm32f4xx_hal_cortex.o(.text.__NVIC_GetPriorityGrouping)
    __NVIC_SetPriority                       0x08005b05   Thumb Code    66  stm32f4xx_hal_cortex.o(.text.__NVIC_SetPriority)
    [Anonymous Symbol]                       0x08005b04   Section        0  stm32f4xx_hal_cortex.o(.text.__NVIC_SetPriority)
    __NVIC_SetPriorityGrouping               0x08005b49   Thumb Code    60  stm32f4xx_hal_cortex.o(.text.__NVIC_SetPriorityGrouping)
    [Anonymous Symbol]                       0x08005b48   Section        0  stm32f4xx_hal_cortex.o(.text.__NVIC_SetPriorityGrouping)
    check_SPI_SR                             0x08005b85   Thumb Code    72  LCD_SPI.o(.text.check_SPI_SR)
    [Anonymous Symbol]                       0x08005b84   Section        0  LCD_SPI.o(.text.check_SPI_SR)
    [Anonymous Symbol]                       0x08005bcc   Section        0  display.o(.text.clearEchoTerm)
    [Anonymous Symbol]                       0x08005bdc   Section        0  display.o(.text.clearStdout)
    [Anonymous Symbol]                       0x08005bec   Section        0  terminal.o(.text.clearTerm)
    [Anonymous Symbol]                       0x08005c14   Section        0  stack.o(.text.d)
    [Anonymous Symbol]                       0x08005c40   Section        0  terminal.o(.text.genTerm)
    [Anonymous Symbol]                       0x08005d08   Section        0  keypad.o(.text.getKeyPadInput)
    getValidButton                           0x08005d6d   Thumb Code    64  keypad.o(.text.getValidButton)
    [Anonymous Symbol]                       0x08005d6c   Section        0  keypad.o(.text.getValidButton)
    [Anonymous Symbol]                       0x08005dac   Section        0  display.o(.text.initDisplay)
    initGPIOs                                0x08005e7d   Thumb Code   320  init.o(.text.initGPIOs)
    [Anonymous Symbol]                       0x08005e7c   Section        0  init.o(.text.initGPIOs)
    [Anonymous Symbol]                       0x08005fbc   Section        0  init.o(.text.initITSboard)
    [Anonymous Symbol]                       0x08005fd0   Section        0  LCD_Tools.o(.text.itoa)
    [Anonymous Symbol]                       0x08006084   Section        0  lcd.o(.text.lcdPrintS)
    [Anonymous Symbol]                       0x08006258   Section        0  main.o(.text.main)
    [Anonymous Symbol]                       0x08006528   Section        0  keypad.o(.text.makeKeyPad)
    nextChar                                 0x080065fd   Thumb Code     8  scanner.o(.text.nextChar)
    [Anonymous Symbol]                       0x080065fc   Section        0  scanner.o(.text.nextChar)
    [Anonymous Symbol]                       0x08006604   Section        0  scanner.o(.text.nextToken)
    [Anonymous Symbol]                       0x08006750   Section        0  stack.o(.text.p)
    printButton                              0x0800687d   Thumb Code   582  keypad.o(.text.printButton)
    [Anonymous Symbol]                       0x0800687c   Section        0  keypad.o(.text.printButton)
    [Anonymous Symbol]                       0x08006ac4   Section        0  terminal.o(.text.printChar)
    [Anonymous Symbol]                       0x08006b60   Section        0  LCD_Debug.o(.text.printDebugMsg)
    printNewLine                             0x08006c15   Thumb Code    32  terminal.o(.text.printNewLine)
    [Anonymous Symbol]                       0x08006c14   Section        0  terminal.o(.text.printNewLine)
    [Anonymous Symbol]                       0x08006c34   Section        0  display.o(.text.printStdout)
    [Anonymous Symbol]                       0x08006c4c   Section        0  terminal.o(.text.printTerm)
    [Anonymous Symbol]                       0x08006c88   Section        0  display.o(.text.printToEchoLine)
    [Anonymous Symbol]                       0x08006cb0   Section        0  stack.o(.text.r)
    save_restore_AltFn_SPI1_MOSI_Pin         0x08006d19   Thumb Code    48  LCD_SPI.o(.text.save_restore_AltFn_SPI1_MOSI_Pin)
    [Anonymous Symbol]                       0x08006d18   Section        0  LCD_SPI.o(.text.save_restore_AltFn_SPI1_MOSI_Pin)
    selectButton                             0x08006d49   Thumb Code   362  keypad.o(.text.selectButton)
    [Anonymous Symbol]                       0x08006d48   Section        0  keypad.o(.text.selectButton)
    [Anonymous Symbol]                       0x08006eb4   Section        0  stack.o(.text.stack_pop)
    [Anonymous Symbol]                       0x08006efc   Section        0  stack.o(.text.stack_push)
    [Anonymous Symbol]                       0x08006f44   Section        0  stdinout_USART.o(.text.stdinout_init)
    stringCopy                               0x08006ff5   Thumb Code    70  lcd.o(.text.stringCopy)
    [Anonymous Symbol]                       0x08006ff4   Section        0  lcd.o(.text.stringCopy)
    touchCoordinateToKey                     0x0800703d   Thumb Code   234  keypad.o(.text.touchCoordinateToKey)
    [Anonymous Symbol]                       0x0800703c   Section        0  keypad.o(.text.touchCoordinateToKey)
    i.__scatterload_copy                     0x08007126   Section       14  handlers.o(i.__scatterload_copy)
    i.__scatterload_null                     0x08007134   Section        2  handlers.o(i.__scatterload_null)
    i.__scatterload_zeroinit                 0x08007136   Section       14  handlers.o(i.__scatterload_zeroinit)
    USART3_Resources                         0x08007194   Data          52  USART_STM32F4xx.o(.rodata.USART3_Resources)
    [Anonymous Symbol]                       0x08007194   Section        0  USART_STM32F4xx.o(.rodata.USART3_Resources)
    USART3_rx                                0x080071c8   Data          12  USART_STM32F4xx.o(.rodata.USART3_rx)
    [Anonymous Symbol]                       0x080071c8   Section        0  USART_STM32F4xx.o(.rodata.USART3_rx)
    USART3_tx                                0x080071d4   Data          12  USART_STM32F4xx.o(.rodata.USART3_tx)
    [Anonymous Symbol]                       0x080071d4   Section        0  USART_STM32F4xx.o(.rodata.USART3_tx)
    .L.str                                   0x08007398   Data          76  LCD_GUI.o(.rodata.str1.1)
    [Anonymous Symbol]                       0x08007398   Section        0  LCD_GUI.o(.rodata.str1.1)
    .L.str                                   0x080073e4   Data          76  LCD_SPI.o(.rodata.str1.1)
    [Anonymous Symbol]                       0x080073e4   Section        0  LCD_SPI.o(.rodata.str1.1)
    .L.str                                   0x08007430   Data          76  LCD_TIM.o(.rodata.str1.1)
    [Anonymous Symbol]                       0x08007430   Section        0  LCD_TIM.o(.rodata.str1.1)
    .L.str.1                                 0x0800747c   Data           6  LCD_Debug.o(.rodata.str1.1)
    [Anonymous Symbol]                       0x0800747c   Section        0  LCD_Debug.o(.rodata.str1.1)
    .L.str                                   0x08007482   Data          22  LCD_Debug.o(.rodata.str1.1)
    .L.str                                   0x08007498   Data          38  terminal.o(.rodata.str1.1)
    [Anonymous Symbol]                       0x08007498   Section        0  terminal.o(.rodata.str1.1)
    .L.str.1                                 0x080074be   Data          46  terminal.o(.rodata.str1.1)
    .L.str.1                                 0x080074ec   Data          16  main.o(.rodata.str1.1)
    [Anonymous Symbol]                       0x080074ec   Section        0  main.o(.rodata.str1.1)
    .L.str                                   0x080074fc   Data          15  main.o(.rodata.str1.1)
    .L.str.1                                 0x08007509   Data           2  main.o(.rodata.str1.1)
    .L.str.2                                 0x0800750b   Data          30  main.o(.rodata.str1.1)
    .L.str                                   0x08007529   Data           2  stack.o(.rodata.str1.1)
    [Anonymous Symbol]                       0x08007529   Section        0  stack.o(.rodata.str1.1)
    crd                                      0x20000014   Data           4  lcd.o(.data.crd)
    [Anonymous Symbol]                       0x20000014   Section        0  lcd.o(.data.crd)
    echoTerm                                 0x20000018   Data          24  display.o(.data.echoTerm)
    [Anonymous Symbol]                       0x20000018   Section        0  display.o(.data.echoTerm)
    fontHeight                               0x20000030   Data           4  lcd.o(.data.fontHeight)
    [Anonymous Symbol]                       0x20000030   Section        0  lcd.o(.data.fontHeight)
    fontWidth                                0x20000034   Data           4  lcd.o(.data.fontWidth)
    [Anonymous Symbol]                       0x20000034   Section        0  lcd.o(.data.fontWidth)
    lcdFont                                  0x20000038   Data           4  lcd.o(.data.lcdFont)
    [Anonymous Symbol]                       0x20000038   Section        0  lcd.o(.data.lcdFont)
    lcdmaxx                                  0x2000003c   Data           4  lcd.o(.data.lcdmaxx)
    [Anonymous Symbol]                       0x2000003c   Section        0  lcd.o(.data.lcdmaxx)
    lcdmaxy                                  0x20000040   Data           4  lcd.o(.data.lcdmaxy)
    [Anonymous Symbol]                       0x20000040   Section        0  lcd.o(.data.lcdmaxy)
    nextToken.c                              0x20000044   Data           1  scanner.o(.data.nextToken.c)
    [Anonymous Symbol]                       0x20000044   Section        0  scanner.o(.data.nextToken.c)
    save_restore_AltFn_SPI1_MOSI_Pin.saved_AF 0x20000048   Data           4  LCD_SPI.o(.data.save_restore_AltFn_SPI1_MOSI_Pin.saved_AF)
    [Anonymous Symbol]                       0x20000048   Section        0  LCD_SPI.o(.data.save_restore_AltFn_SPI1_MOSI_Pin.saved_AF)
    stdoutTerm                               0x2000004c   Data          24  display.o(.data.stdoutTerm)
    [Anonymous Symbol]                       0x2000004c   Section        0  display.o(.data.stdoutTerm)
    Stack                                    0x200000b8   Data          40  stack.o(.bss.Stack)
    [Anonymous Symbol]                       0x200000b8   Section        0  stack.o(.bss.Stack)
    USART3_Info                              0x200000e0   Data          20  USART_STM32F4xx.o(.bss.USART3_Info)
    [Anonymous Symbol]                       0x200000e0   Section        0  USART_STM32F4xx.o(.bss.USART3_Info)
    USART3_TransferInfo                      0x200000f4   Data          36  USART_STM32F4xx.o(.bss.USART3_TransferInfo)
    [Anonymous Symbol]                       0x200000f4   Section        0  USART_STM32F4xx.o(.bss.USART3_TransferInfo)
    count                                    0x20000118   Data           4  stack.o(.bss.count)
    [Anonymous Symbol]                       0x20000118   Section        0  stack.o(.bss.count)
    htim4                                    0x2000011c   Data          64  LCD_TIM.o(.bss.htim4)
    [Anonymous Symbol]                       0x2000011c   Section        0  LCD_TIM.o(.bss.htim4)
    lcdColor                                 0x2000015c   Data           2  lcd.o(.bss.lcdColor)
    [Anonymous Symbol]                       0x2000015c   Section        0  lcd.o(.bss.lcdColor)
    sTP_DEV                                  0x20000160   Data          24  LCD_Touch.o(.bss.sTP_DEV)
    [Anonymous Symbol]                       0x20000160   Section        0  LCD_Touch.o(.bss.sTP_DEV)
    STACK                                    0x20000180   Section     1024  startup_stm32f429xx.o(STACK)

    Global Symbols

    Symbol Name                              Value     Ov Type        Size  Object(Section)

    BuildAttributes$$THM_ISAv4$E$P$D$K$B$S$7EM$VFPi3$EXTD16$VFPS$VFMA$PE$A:L22UL41UL21$X:L11$S22US41US21$IEEE1$IW$~IW$USESV6$~STKCKD$USESV7$~SHL$OTIME$ROPI$IEEEJ$EBA8$MICROLIB$REQ8$PRES8$EABIv2 0x00000000   Number         0  anon$$obj.o ABSOLUTE
    __cpp_initialize__aeabi_                  - Undefined Weak Reference
    __cxa_finalize                            - Undefined Weak Reference
    __decompress                              - Undefined Weak Reference
    _clock_init                               - Undefined Weak Reference
    _microlib_exit                            - Undefined Weak Reference
    __Vectors_Size                           0x000001ac   Number         0  startup_stm32f429xx.o ABSOLUTE
    __Vectors                                0x08000000   Data           4  startup_stm32f429xx.o(RESET)
    __Vectors_End                            0x080001ac   Data           0  startup_stm32f429xx.o(RESET)
    __main                                   0x080001ad   Thumb Code     0  entry.o(.ARM.Collect$$$$00000000)
    _main_stk                                0x080001ad   Thumb Code     0  entry2.o(.ARM.Collect$$$$00000001)
    _main_scatterload                        0x080001b1   Thumb Code     0  entry5.o(.ARM.Collect$$$$00000004)
    __main_after_scatterload                 0x080001b5   Thumb Code     0  entry5.o(.ARM.Collect$$$$00000004)
    _main_clock                              0x080001b5   Thumb Code     0  entry7b.o(.ARM.Collect$$$$00000008)
    _main_cpp_init                           0x080001b5   Thumb Code     0  entry8b.o(.ARM.Collect$$$$0000000A)
    _main_init                               0x080001b5   Thumb Code     0  entry9a.o(.ARM.Collect$$$$0000000B)
    __rt_final_cpp                           0x080001bd   Thumb Code     0  entry10a.o(.ARM.Collect$$$$0000000D)
    __rt_final_exit                          0x080001bd   Thumb Code     0  entry11a.o(.ARM.Collect$$$$0000000F)
    Reset_Handler                            0x080001c1   Thumb Code     8  startup_stm32f429xx.o(.text)
    ADC_IRQHandler                           0x080001db   Thumb Code     0  startup_stm32f429xx.o(.text)
    CAN1_RX0_IRQHandler                      0x080001db   Thumb Code     0  startup_stm32f429xx.o(.text)
    CAN1_RX1_IRQHandler                      0x080001db   Thumb Code     0  startup_stm32f429xx.o(.text)
    CAN1_SCE_IRQHandler                      0x080001db   Thumb Code     0  startup_stm32f429xx.o(.text)
    CAN1_TX_IRQHandler                       0x080001db   Thumb Code     0  startup_stm32f429xx.o(.text)
    CAN2_RX0_IRQHandler                      0x080001db   Thumb Code     0  startup_stm32f429xx.o(.text)
    CAN2_RX1_IRQHandler                      0x080001db   Thumb Code     0  startup_stm32f429xx.o(.text)
    CAN2_SCE_IRQHandler                      0x080001db   Thumb Code     0  startup_stm32f429xx.o(.text)
    CAN2_TX_IRQHandler                       0x080001db   Thumb Code     0  startup_stm32f429xx.o(.text)
    DCMI_IRQHandler                          0x080001db   Thumb Code     0  startup_stm32f429xx.o(.text)
    DMA1_Stream0_IRQHandler                  0x080001db   Thumb Code     0  startup_stm32f429xx.o(.text)
    DMA1_Stream1_IRQHandler                  0x080001db   Thumb Code     0  startup_stm32f429xx.o(.text)
    DMA1_Stream2_IRQHandler                  0x080001db   Thumb Code     0  startup_stm32f429xx.o(.text)
    DMA1_Stream3_IRQHandler                  0x080001db   Thumb Code     0  startup_stm32f429xx.o(.text)
    DMA1_Stream4_IRQHandler                  0x080001db   Thumb Code     0  startup_stm32f429xx.o(.text)
    DMA1_Stream5_IRQHandler                  0x080001db   Thumb Code     0  startup_stm32f429xx.o(.text)
    DMA1_Stream6_IRQHandler                  0x080001db   Thumb Code     0  startup_stm32f429xx.o(.text)
    DMA1_Stream7_IRQHandler                  0x080001db   Thumb Code     0  startup_stm32f429xx.o(.text)
    DMA2D_IRQHandler                         0x080001db   Thumb Code     0  startup_stm32f429xx.o(.text)
    DMA2_Stream0_IRQHandler                  0x080001db   Thumb Code     0  startup_stm32f429xx.o(.text)
    DMA2_Stream1_IRQHandler                  0x080001db   Thumb Code     0  startup_stm32f429xx.o(.text)
    DMA2_Stream2_IRQHandler                  0x080001db   Thumb Code     0  startup_stm32f429xx.o(.text)
    DMA2_Stream3_IRQHandler                  0x080001db   Thumb Code     0  startup_stm32f429xx.o(.text)
    DMA2_Stream4_IRQHandler                  0x080001db   Thumb Code     0  startup_stm32f429xx.o(.text)
    DMA2_Stream5_IRQHandler                  0x080001db   Thumb Code     0  startup_stm32f429xx.o(.text)
    DMA2_Stream6_IRQHandler                  0x080001db   Thumb Code     0  startup_stm32f429xx.o(.text)
    DMA2_Stream7_IRQHandler                  0x080001db   Thumb Code     0  startup_stm32f429xx.o(.text)
    ETH_WKUP_IRQHandler                      0x080001db   Thumb Code     0  startup_stm32f429xx.o(.text)
    EXTI0_IRQHandler                         0x080001db   Thumb Code     0  startup_stm32f429xx.o(.text)
    EXTI15_10_IRQHandler                     0x080001db   Thumb Code     0  startup_stm32f429xx.o(.text)
    EXTI1_IRQHandler                         0x080001db   Thumb Code     0  startup_stm32f429xx.o(.text)
    EXTI2_IRQHandler                         0x080001db   Thumb Code     0  startup_stm32f429xx.o(.text)
    EXTI3_IRQHandler                         0x080001db   Thumb Code     0  startup_stm32f429xx.o(.text)
    EXTI4_IRQHandler                         0x080001db   Thumb Code     0  startup_stm32f429xx.o(.text)
    EXTI9_5_IRQHandler                       0x080001db   Thumb Code     0  startup_stm32f429xx.o(.text)
    FLASH_IRQHandler                         0x080001db   Thumb Code     0  startup_stm32f429xx.o(.text)
    FMC_IRQHandler                           0x080001db   Thumb Code     0  startup_stm32f429xx.o(.text)
    FPU_IRQHandler                           0x080001db   Thumb Code     0  startup_stm32f429xx.o(.text)
    HASH_RNG_IRQHandler                      0x080001db   Thumb Code     0  startup_stm32f429xx.o(.text)
    I2C1_ER_IRQHandler                       0x080001db   Thumb Code     0  startup_stm32f429xx.o(.text)
    I2C1_EV_IRQHandler                       0x080001db   Thumb Code     0  startup_stm32f429xx.o(.text)
    I2C2_ER_IRQHandler                       0x080001db   Thumb Code     0  startup_stm32f429xx.o(.text)
    I2C2_EV_IRQHandler                       0x080001db   Thumb Code     0  startup_stm32f429xx.o(.text)
    I2C3_ER_IRQHandler                       0x080001db   Thumb Code     0  startup_stm32f429xx.o(.text)
    I2C3_EV_IRQHandler                       0x080001db   Thumb Code     0  startup_stm32f429xx.o(.text)
    LTDC_ER_IRQHandler                       0x080001db   Thumb Code     0  startup_stm32f429xx.o(.text)
    LTDC_IRQHandler                          0x080001db   Thumb Code     0  startup_stm32f429xx.o(.text)
    OTG_FS_IRQHandler                        0x080001db   Thumb Code     0  startup_stm32f429xx.o(.text)
    OTG_FS_WKUP_IRQHandler                   0x080001db   Thumb Code     0  startup_stm32f429xx.o(.text)
    OTG_HS_EP1_IN_IRQHandler                 0x080001db   Thumb Code     0  startup_stm32f429xx.o(.text)
    OTG_HS_EP1_OUT_IRQHandler                0x080001db   Thumb Code     0  startup_stm32f429xx.o(.text)
    OTG_HS_IRQHandler                        0x080001db   Thumb Code     0  startup_stm32f429xx.o(.text)
    OTG_HS_WKUP_IRQHandler                   0x080001db   Thumb Code     0  startup_stm32f429xx.o(.text)
    PVD_IRQHandler                           0x080001db   Thumb Code     0  startup_stm32f429xx.o(.text)
    RCC_IRQHandler                           0x080001db   Thumb Code     0  startup_stm32f429xx.o(.text)
    RTC_Alarm_IRQHandler                     0x080001db   Thumb Code     0  startup_stm32f429xx.o(.text)
    RTC_WKUP_IRQHandler                      0x080001db   Thumb Code     0  startup_stm32f429xx.o(.text)
    SAI1_IRQHandler                          0x080001db   Thumb Code     0  startup_stm32f429xx.o(.text)
    SDIO_IRQHandler                          0x080001db   Thumb Code     0  startup_stm32f429xx.o(.text)
    SPI1_IRQHandler                          0x080001db   Thumb Code     0  startup_stm32f429xx.o(.text)
    SPI2_IRQHandler                          0x080001db   Thumb Code     0  startup_stm32f429xx.o(.text)
    SPI3_IRQHandler                          0x080001db   Thumb Code     0  startup_stm32f429xx.o(.text)
    SPI4_IRQHandler                          0x080001db   Thumb Code     0  startup_stm32f429xx.o(.text)
    SPI5_IRQHandler                          0x080001db   Thumb Code     0  startup_stm32f429xx.o(.text)
    SPI6_IRQHandler                          0x080001db   Thumb Code     0  startup_stm32f429xx.o(.text)
    TAMP_STAMP_IRQHandler                    0x080001db   Thumb Code     0  startup_stm32f429xx.o(.text)
    TIM1_BRK_TIM9_IRQHandler                 0x080001db   Thumb Code     0  startup_stm32f429xx.o(.text)
    TIM1_CC_IRQHandler                       0x080001db   Thumb Code     0  startup_stm32f429xx.o(.text)
    TIM1_TRG_COM_TIM11_IRQHandler            0x080001db   Thumb Code     0  startup_stm32f429xx.o(.text)
    TIM1_UP_TIM10_IRQHandler                 0x080001db   Thumb Code     0  startup_stm32f429xx.o(.text)
    TIM2_IRQHandler                          0x080001db   Thumb Code     0  startup_stm32f429xx.o(.text)
    TIM3_IRQHandler                          0x080001db   Thumb Code     0  startup_stm32f429xx.o(.text)
    TIM4_IRQHandler                          0x080001db   Thumb Code     0  startup_stm32f429xx.o(.text)
    TIM5_IRQHandler                          0x080001db   Thumb Code     0  startup_stm32f429xx.o(.text)
    TIM6_DAC_IRQHandler                      0x080001db   Thumb Code     0  startup_stm32f429xx.o(.text)
    TIM7_IRQHandler                          0x080001db   Thumb Code     0  startup_stm32f429xx.o(.text)
    TIM8_BRK_TIM12_IRQHandler                0x080001db   Thumb Code     0  startup_stm32f429xx.o(.text)
    TIM8_CC_IRQHandler                       0x080001db   Thumb Code     0  startup_stm32f429xx.o(.text)
    TIM8_TRG_COM_TIM14_IRQHandler            0x080001db   Thumb Code     0  startup_stm32f429xx.o(.text)
    TIM8_UP_TIM13_IRQHandler                 0x080001db   Thumb Code     0  startup_stm32f429xx.o(.text)
    UART4_IRQHandler                         0x080001db   Thumb Code     0  startup_stm32f429xx.o(.text)
    UART5_IRQHandler                         0x080001db   Thumb Code     0  startup_stm32f429xx.o(.text)
    UART7_IRQHandler                         0x080001db   Thumb Code     0  startup_stm32f429xx.o(.text)
    UART8_IRQHandler                         0x080001db   Thumb Code     0  startup_stm32f429xx.o(.text)
    USART1_IRQHandler                        0x080001db   Thumb Code     0  startup_stm32f429xx.o(.text)
    USART2_IRQHandler                        0x080001db   Thumb Code     0  startup_stm32f429xx.o(.text)
    USART6_IRQHandler                        0x080001db   Thumb Code     0  startup_stm32f429xx.o(.text)
    WWDG_IRQHandler                          0x080001db   Thumb Code     0  startup_stm32f429xx.o(.text)
    __aeabi_uldivmod                         0x080001e5   Thumb Code    98  uldiv.o(.text)
    __aeabi_ldivmod                          0x08000247   Thumb Code    98  ldiv.o(.text)
    __aeabi_memset                           0x080002a9   Thumb Code    14  memseta.o(.text)
    __aeabi_memset4                          0x080002a9   Thumb Code     0  memseta.o(.text)
    __aeabi_memset8                          0x080002a9   Thumb Code     0  memseta.o(.text)
    __aeabi_memclr                           0x080002b7   Thumb Code     4  memseta.o(.text)
    __aeabi_memclr4                          0x080002b7   Thumb Code     0  memseta.o(.text)
    __aeabi_memclr8                          0x080002b7   Thumb Code     0  memseta.o(.text)
    _memset$wrapper                          0x080002bb   Thumb Code    18  memseta.o(.text)
    strlen                                   0x080002cd   Thumb Code    14  strlen.o(.text)
    __aeabi_llsl                             0x080002db   Thumb Code    30  llshl.o(.text)
    _ll_shift_l                              0x080002db   Thumb Code     0  llshl.o(.text)
    __aeabi_llsr                             0x080002f9   Thumb Code    32  llushr.o(.text)
    _ll_ushift_r                             0x080002f9   Thumb Code     0  llushr.o(.text)
    __scatterload                            0x08000319   Thumb Code    38  init.o(.text)
    __scatterload_rt2                        0x08000319   Thumb Code     0  init.o(.text)
    BusFault_Handler                         0x08000349   Thumb Code     4  stm32f4xx_it.o(.text.BusFault_Handler)
    C                                        0x0800034d   Thumb Code    20  stack.o(.text.C)
    DebugMon_Handler                         0x08000361   Thumb Code     2  stm32f4xx_it.o(.text.DebugMon_Handler)
    Driver_Delay_ms                          0x08000365   Thumb Code    16  LCD_Tools.o(.text.Driver_Delay_ms)
    Driver_Delay_us                          0x08000375   Thumb Code    32  LCD_Tools.o(.text.Driver_Delay_us)
    ETH_IRQHandler                           0x08000395   Thumb Code    16  stm32f4xx_it.o(.text.ETH_IRQHandler)
    Error_Handler                            0x08000581   Thumb Code   232  error.o(.text.Error_Handler)
    GPIO_Init                                0x08000669   Thumb Code     8  LCD_GPIO.o(.text.GPIO_Init)
    GUI_clear                                0x08000671   Thumb Code    20  LCD_GUI.o(.text.GUI_clear)
    GUI_disChar                              0x08000685   Thumb Code   188  LCD_GUI.o(.text.GUI_disChar)
    GUI_disNum                               0x08000741   Thumb Code   104  LCD_GUI.o(.text.GUI_disNum)
    GUI_disStr                               0x080007a9   Thumb Code   276  LCD_GUI.o(.text.GUI_disStr)
    GUI_drawPoint                            0x080008bd   Thumb Code   242  LCD_GUI.o(.text.GUI_drawPoint)
    GUI_drawRectangle                        0x080009b1   Thumb Code   426  LCD_GUI.o(.text.GUI_drawRectangle)
    GUI_init                                 0x08000b5d   Thumb Code    28  LCD_GUI.o(.text.GUI_init)
    HAL_DMA_Abort                            0x08000b79   Thumb Code   234  stm32f4xx_hal_dma.o(.text.HAL_DMA_Abort)
    HAL_Delay                                0x08000c65   Thumb Code    66  stm32f4xx_hal.o(.text.HAL_Delay)
    HAL_ETH_ErrorCallback                    0x08000ca9   Thumb Code     8  stm32f4xx_hal_eth.o(.text.HAL_ETH_ErrorCallback)
    HAL_ETH_IRQHandler                       0x08000cb1   Thumb Code   194  stm32f4xx_hal_eth.o(.text.HAL_ETH_IRQHandler)
    HAL_ETH_RxCpltCallback                   0x08000d75   Thumb Code     8  stm32f4xx_hal_eth.o(.text.HAL_ETH_RxCpltCallback)
    HAL_ETH_TxCpltCallback                   0x08000d7d   Thumb Code     8  stm32f4xx_hal_eth.o(.text.HAL_ETH_TxCpltCallback)
    HAL_GPIO_DeInit                          0x08000d85   Thumb Code   604  stm32f4xx_hal_gpio.o(.text.HAL_GPIO_DeInit)
    HAL_GPIO_Init                            0x08000fe1   Thumb Code  1008  stm32f4xx_hal_gpio.o(.text.HAL_GPIO_Init)
    HAL_GPIO_ReadPin                         0x080013d1   Thumb Code    46  stm32f4xx_hal_gpio.o(.text.HAL_GPIO_ReadPin)
    HAL_GPIO_TogglePin                       0x08001401   Thumb Code    50  stm32f4xx_hal_gpio.o(.text.HAL_GPIO_TogglePin)
    HAL_GPIO_WritePin                        0x08001435   Thumb Code    46  stm32f4xx_hal_gpio.o(.text.HAL_GPIO_WritePin)
    HAL_GetTick                              0x08001465   Thumb Code    12  stm32f4xx_hal.o(.text.HAL_GetTick)
    HAL_IncTick                              0x08001471   Thumb Code    26  stm32f4xx_hal.o(.text.HAL_IncTick)
    HAL_Init                                 0x0800148d   Thumb Code    46  stm32f4xx_hal.o(.text.HAL_Init)
    HAL_InitTick                             0x080014bd   Thumb Code   112  stm32f4xx_hal.o(.text.HAL_InitTick)
    HAL_MspInit                              0x0800152d   Thumb Code     2  stm32f4xx_hal.o(.text.HAL_MspInit)
    HAL_NVIC_DisableIRQ                      0x08001531   Thumb Code    20  stm32f4xx_hal_cortex.o(.text.HAL_NVIC_DisableIRQ)
    HAL_NVIC_SetPriority                     0x08001545   Thumb Code    50  stm32f4xx_hal_cortex.o(.text.HAL_NVIC_SetPriority)
    HAL_NVIC_SetPriorityGrouping             0x08001579   Thumb Code    16  stm32f4xx_hal_cortex.o(.text.HAL_NVIC_SetPriorityGrouping)
    HAL_PWREx_EnableOverDrive                0x08001589   Thumb Code   190  stm32f4xx_hal_pwr_ex.o(.text.HAL_PWREx_EnableOverDrive)
    HAL_RCC_ClockConfig                      0x08001649   Thumb Code   610  stm32f4xx_hal_rcc.o(.text.HAL_RCC_ClockConfig)
    HAL_RCC_GetHCLKFreq                      0x080018ad   Thumb Code    12  stm32f4xx_hal_rcc.o(.text.HAL_RCC_GetHCLKFreq)
    HAL_RCC_GetPCLK1Freq                     0x080018b9   Thumb Code    34  stm32f4xx_hal_rcc.o(.text.HAL_RCC_GetPCLK1Freq)
    HAL_RCC_GetSysClockFreq                  0x080018dd   Thumb Code   230  stm32f4xx_hal_rcc.o(.text.HAL_RCC_GetSysClockFreq)
    HAL_RCC_OscConfig                        0x080019c5   Thumb Code  1700  stm32f4xx_hal_rcc.o(.text.HAL_RCC_OscConfig)
    HAL_SYSTICK_Config                       0x08002069   Thumb Code    16  stm32f4xx_hal_cortex.o(.text.HAL_SYSTICK_Config)
    HAL_TIMEx_MasterConfigSynchronization    0x08002079   Thumb Code   290  stm32f4xx_hal_tim_ex.o(.text.HAL_TIMEx_MasterConfigSynchronization)
    HAL_TIM_PWM_ConfigChannel                0x080021e5   Thumb Code   324  stm32f4xx_hal_tim.o(.text.HAL_TIM_PWM_ConfigChannel)
    HAL_TIM_PWM_Init                         0x08002329   Thumb Code    88  stm32f4xx_hal_tim.o(.text.HAL_TIM_PWM_Init)
    HAL_TIM_PWM_MspInit                      0x08002381   Thumb Code    62  LCD_TIM.o(.text.HAL_TIM_PWM_MspInit)
    HAL_TIM_PWM_Start                        0x080023c1   Thumb Code   128  stm32f4xx_hal_tim.o(.text.HAL_TIM_PWM_Start)
    HardFault_Handler                        0x08002441   Thumb Code     4  stm32f4xx_it.o(.text.HardFault_Handler)
    LCDErrHandler                            0x08002445   Thumb Code   182  LCD_Tools.o(.text.LCDErrHandler)
    LCD_clear                                0x080026a9   Thumb Code    34  LCD_Driver.o(.text.LCD_clear)
    LCD_fillRectangleBW                      0x080026cd   Thumb Code   398  LCD_Driver.o(.text.LCD_fillRectangleBW)
    LCD_fillRectangleMC                      0x0800285d   Thumb Code   202  LCD_Driver.o(.text.LCD_fillRectangleMC)
    LCD_init                                 0x08002929   Thumb Code   112  LCD_Driver.o(.text.LCD_init)
    MemManage_Handler                        0x08002c3d   Thumb Code     4  stm32f4xx_it.o(.text.MemManage_Handler)
    NMI_Handler                              0x08002c41   Thumb Code     2  stm32f4xx_it.o(.text.NMI_Handler)
    P                                        0x08002cb1   Thumb Code    80  stack.o(.text.P)
    PWM_SetValue                             0x08002d01   Thumb Code    56  LCD_TIM.o(.text.PWM_SetValue)
    PendSV_Handler                           0x08002d39   Thumb Code     2  stm32f4xx_it.o(.text.PendSV_Handler)
    SPI4W_Read_Byte                          0x08002d3d   Thumb Code    10  LCD_SPI.o(.text.SPI4W_Read_Byte)
    SPI4W_Write_Byte                         0x08002d49   Thumb Code   184  LCD_SPI.o(.text.SPI4W_Write_Byte)
    SPIinit                                  0x08002f29   Thumb Code    14  LCD_SPI.o(.text.SPIinit)
    SPIsetLCDSpeed                           0x08002f39   Thumb Code    10  LCD_SPI.o(.text.SPIsetLCDSpeed)
    SPIsetTPSpeed                            0x08002f45   Thumb Code    74  LCD_SPI.o(.text.SPIsetTPSpeed)
    SVC_Handler                              0x08002f91   Thumb Code     2  stm32f4xx_it.o(.text.SVC_Handler)
    SysTick_Handler                          0x08002fe9   Thumb Code     8  stm32f4xx_it.o(.text.SysTick_Handler)
    SystemInit                               0x080030a9   Thumb Code   110  system_stm32f4xx.o(.text.SystemInit)
    TIM4_Init                                0x08003119   Thumb Code     8  LCD_TIM.o(.text.TIM4_Init)
    TIM_Base_SetConfig                       0x08003121   Thumb Code   410  stm32f4xx_hal_tim.o(.text.TIM_Base_SetConfig)
    TIM_CCxChannelCmd                        0x080032bd   Thumb Code    54  stm32f4xx_hal_tim.o(.text.TIM_CCxChannelCmd)
    TIM_OC2_SetConfig                        0x080033e1   Thumb Code   244  stm32f4xx_hal_tim.o(.text.TIM_OC2_SetConfig)
    TP_InitBasic                             0x0800366d   Thumb Code    50  LCD_Touch.o(.text.TP_InitBasic)
    TP_get                                   0x08003a75   Thumb Code    28  LCD_Touch.o(.text.TP_get)
    TP_pressed                               0x08003a91   Thumb Code     8  LCD_Touch.o(.text.TP_pressed)
    USART3_IRQHandler                        0x08003b1d   Thumb Code    16  USART_STM32F4xx.o(.text.USART3_IRQHandler)
    USART_IRQHandler                         0x08004add   Thumb Code  1026  USART_STM32F4xx.o(.text.USART_IRQHandler)
    UsageFault_Handler                       0x08005a59   Thumb Code     4  stm32f4xx_it.o(.text.UsageFault_Handler)
    clearEchoTerm                            0x08005bcd   Thumb Code    16  display.o(.text.clearEchoTerm)
    clearStdout                              0x08005bdd   Thumb Code    16  display.o(.text.clearStdout)
    clearTerm                                0x08005bed   Thumb Code    40  terminal.o(.text.clearTerm)
    d                                        0x08005c15   Thumb Code    44  stack.o(.text.d)
    genTerm                                  0x08005c41   Thumb Code   200  terminal.o(.text.genTerm)
    getKeyPadInput                           0x08005d09   Thumb Code   100  keypad.o(.text.getKeyPadInput)
    initDisplay                              0x08005dad   Thumb Code   208  display.o(.text.initDisplay)
    initITSboard                             0x08005fbd   Thumb Code    20  init.o(.text.initITSboard)
    itoa                                     0x08005fd1   Thumb Code   180  LCD_Tools.o(.text.itoa)
    lcdPrintS                                0x08006085   Thumb Code   466  lcd.o(.text.lcdPrintS)
    main                                     0x08006259   Thumb Code   720  main.o(.text.main)
    makeKeyPad                               0x08006529   Thumb Code   210  keypad.o(.text.makeKeyPad)
    nextToken                                0x08006605   Thumb Code   330  scanner.o(.text.nextToken)
    p                                        0x08006751   Thumb Code   298  stack.o(.text.p)
    printChar                                0x08006ac5   Thumb Code   156  terminal.o(.text.printChar)
    printDebugMsg                            0x08006b61   Thumb Code   178  LCD_Debug.o(.text.printDebugMsg)
    printStdout                              0x08006c35   Thumb Code    24  display.o(.text.printStdout)
    printTerm                                0x08006c4d   Thumb Code    60  terminal.o(.text.printTerm)
    printToEchoLine                          0x08006c89   Thumb Code    40  display.o(.text.printToEchoLine)
    r                                        0x08006cb1   Thumb Code   102  stack.o(.text.r)
    stack_pop                                0x08006eb5   Thumb Code    72  stack.o(.text.stack_pop)
    stack_push                               0x08006efd   Thumb Code    70  stack.o(.text.stack_push)
    stdinout_init                            0x08006f45   Thumb Code   174  stdinout_USART.o(.text.stdinout_init)
    __scatterload_copy                       0x08007127   Thumb Code    14  handlers.o(i.__scatterload_copy)
    __scatterload_null                       0x08007135   Thumb Code     2  handlers.o(i.__scatterload_null)
    __scatterload_zeroinit                   0x08007137   Thumb Code    14  handlers.o(i.__scatterload_zeroinit)
    AHBPrescTable                            0x08007144   Data          16  system_stm32f4xx.o(.rodata.AHBPrescTable)
    APBPrescTable                            0x08007154   Data           8  system_stm32f4xx.o(.rodata.APBPrescTable)
    Driver_USART3                            0x0800715c   Data          56  USART_STM32F4xx.o(.rodata.Driver_USART3)
    initCmds                                 0x080071e0   Data         103  LCD_Driver.o(.rodata.initCmds)
    keypad                                   0x08007248   Data         336  keypad.o(.rodata.keypad)
    Region$$Table$$Base                      0x0800752c   Number         0  anon$$obj.o(Region$$Table)
    Region$$Table$$Limit                     0x0800754c   Number         0  anon$$obj.o(Region$$Table)
    Consolas40FLASH                          0x20000000   Data           8  fontsFLASH.o(.data.Consolas40FLASH)
    Font16FLASH                              0x20000008   Data           8  fontsFLASH.o(.data.Font16FLASH)
    SystemCoreClock                          0x20000010   Data           4  system_stm32f4xx.o(.data.SystemCoreClock)
    uwTickFreq                               0x20000064   Data           1  stm32f4xx_hal.o(.data.uwTickFreq)
    uwTickPrio                               0x20000068   Data           4  stm32f4xx_hal.o(.data.uwTickPrio)
    EthHandle                                0x20000070   Data          72  stm32f4xx_it.o(.bss.EthHandle)
    uwTick                                   0x20000178   Data           4  stm32f4xx_hal.o(.bss.uwTick)
    __initial_sp                             0x20000580   Data           0  startup_stm32f429xx.o(STACK)



==============================================================================

Memory Map of the image

  Image Entry point : 0x080001c1

  Load Region LR_IROM1 (Base: 0x08000000, Size: 0x000075c0, Max: 0x00200000, ABSOLUTE)

    Execution Region ER_IROM1 (Exec base: 0x08000000, Load base: 0x08000000, Size: 0x0000754c, Max: 0x00200000, ABSOLUTE)

    Exec Addr    Load Addr    Size         Type   Attr      Idx    E Section Name        Object

    0x08000000   0x08000000   0x000001ac   Data   RO           63    RESET               startup_stm32f429xx.o
    0x080001ac   0x080001ac   0x00000000   Code   RO         1653  * .ARM.Collect$$$$00000000  mc_w.l(entry.o)
    0x080001ac   0x080001ac   0x00000004   Code   RO         1696    .ARM.Collect$$$$00000001  mc_w.l(entry2.o)
    0x080001b0   0x080001b0   0x00000004   Code   RO         1699    .ARM.Collect$$$$00000004  mc_w.l(entry5.o)
    0x080001b4   0x080001b4   0x00000000   Code   RO         1701    .ARM.Collect$$$$00000008  mc_w.l(entry7b.o)
    0x080001b4   0x080001b4   0x00000000   Code   RO         1703    .ARM.Collect$$$$0000000A  mc_w.l(entry8b.o)
    0x080001b4   0x080001b4   0x00000008   Code   RO         1704    .ARM.Collect$$$$0000000B  mc_w.l(entry9a.o)
    0x080001bc   0x080001bc   0x00000000   Code   RO         1706    .ARM.Collect$$$$0000000D  mc_w.l(entry10a.o)
    0x080001bc   0x080001bc   0x00000000   Code   RO         1708    .ARM.Collect$$$$0000000F  mc_w.l(entry11a.o)
    0x080001bc   0x080001bc   0x00000004   Code   RO         1697    .ARM.Collect$$$$00002712  mc_w.l(entry2.o)
    0x080001c0   0x080001c0   0x00000024   Code   RO           64  * .text               startup_stm32f429xx.o
    0x080001e4   0x080001e4   0x00000062   Code   RO         1656    .text               mc_w.l(uldiv.o)
    0x08000246   0x08000246   0x00000062   Code   RO         1658    .text               mc_w.l(ldiv.o)
    0x080002a8   0x080002a8   0x00000024   Code   RO         1660    .text               mc_w.l(memseta.o)
    0x080002cc   0x080002cc   0x0000000e   Code   RO         1662    .text               mc_w.l(strlen.o)
    0x080002da   0x080002da   0x0000001e   Code   RO         1726    .text               mc_w.l(llshl.o)
    0x080002f8   0x080002f8   0x00000020   Code   RO         1728    .text               mc_w.l(llushr.o)
    0x08000318   0x08000318   0x00000030   Code   RO         1752    .text               mc_w.l(init.o)
    0x08000348   0x08000348   0x00000004   Code   RO           91    .text.BusFault_Handler  stm32f4xx_it.o
    0x0800034c   0x0800034c   0x00000014   Code   RO         1632    .text.C             stack.o
    0x08000360   0x08000360   0x00000002   Code   RO           97    .text.DebugMon_Handler  stm32f4xx_it.o
    0x08000362   0x08000362   0x00000002   PAD
    0x08000364   0x08000364   0x00000010   Code   RO         1295    .text.Driver_Delay_ms  LCD_Tools.o
    0x08000374   0x08000374   0x00000020   Code   RO         1297    .text.Driver_Delay_us  LCD_Tools.o
    0x08000394   0x08000394   0x00000010   Code   RO          103    .text.ETH_IRQHandler  stm32f4xx_it.o
    0x080003a4   0x080003a4   0x000001da   Code   RO         1518    .text.Enable_GPIO_Clock  USART_STM32F4xx.o
    0x0800057e   0x0800057e   0x00000002   PAD
    0x08000580   0x08000580   0x000000e8   Code   RO         1359    .text.Error_Handler  error.o
    0x08000668   0x08000668   0x00000008   Code   RO         1263    .text.GPIO_Init     LCD_GPIO.o
    0x08000670   0x08000670   0x00000014   Code   RO         1168    .text.GUI_clear     LCD_GUI.o
    0x08000684   0x08000684   0x000000bc   Code   RO         1174    .text.GUI_disChar   LCD_GUI.o
    0x08000740   0x08000740   0x00000068   Code   RO         1178    .text.GUI_disNum    LCD_GUI.o
    0x080007a8   0x080007a8   0x00000114   Code   RO         1176    .text.GUI_disStr    LCD_GUI.o
    0x080008bc   0x080008bc   0x000000f2   Code   RO         1170    .text.GUI_drawPoint  LCD_GUI.o
    0x080009ae   0x080009ae   0x00000002   PAD
    0x080009b0   0x080009b0   0x000001aa   Code   RO         1172    .text.GUI_drawRectangle  LCD_GUI.o
    0x08000b5a   0x08000b5a   0x00000002   PAD
    0x08000b5c   0x08000b5c   0x0000001c   Code   RO         1166    .text.GUI_init      LCD_GUI.o
    0x08000b78   0x08000b78   0x000000ea   Code   RO          750    .text.HAL_DMA_Abort  stm32f4xx_hal_dma.o
    0x08000c62   0x08000c62   0x00000002   PAD
    0x08000c64   0x08000c64   0x00000042   Code   RO          293    .text.HAL_Delay     stm32f4xx_hal.o
    0x08000ca6   0x08000ca6   0x00000002   PAD
    0x08000ca8   0x08000ca8   0x00000008   Code   RO          889    .text.HAL_ETH_ErrorCallback  stm32f4xx_hal_eth.o
    0x08000cb0   0x08000cb0   0x000000c2   Code   RO          883    .text.HAL_ETH_IRQHandler  stm32f4xx_hal_eth.o
    0x08000d72   0x08000d72   0x00000002   PAD
    0x08000d74   0x08000d74   0x00000008   Code   RO          885    .text.HAL_ETH_RxCpltCallback  stm32f4xx_hal_eth.o
    0x08000d7c   0x08000d7c   0x00000008   Code   RO          887    .text.HAL_ETH_TxCpltCallback  stm32f4xx_hal_eth.o
    0x08000d84   0x08000d84   0x0000025c   Code   RO          227    .text.HAL_GPIO_DeInit  stm32f4xx_hal_gpio.o
    0x08000fe0   0x08000fe0   0x000003f0   Code   RO          225    .text.HAL_GPIO_Init  stm32f4xx_hal_gpio.o
    0x080013d0   0x080013d0   0x0000002e   Code   RO          229    .text.HAL_GPIO_ReadPin  stm32f4xx_hal_gpio.o
    0x080013fe   0x080013fe   0x00000002   PAD
    0x08001400   0x08001400   0x00000032   Code   RO          233    .text.HAL_GPIO_TogglePin  stm32f4xx_hal_gpio.o
    0x08001432   0x08001432   0x00000002   PAD
    0x08001434   0x08001434   0x0000002e   Code   RO          231    .text.HAL_GPIO_WritePin  stm32f4xx_hal_gpio.o
    0x08001462   0x08001462   0x00000002   PAD
    0x08001464   0x08001464   0x0000000c   Code   RO          285    .text.HAL_GetTick   stm32f4xx_hal.o
    0x08001470   0x08001470   0x0000001a   Code   RO          283    .text.HAL_IncTick   stm32f4xx_hal.o
    0x0800148a   0x0800148a   0x00000002   PAD
    0x0800148c   0x0800148c   0x0000002e   Code   RO          273    .text.HAL_Init      stm32f4xx_hal.o
    0x080014ba   0x080014ba   0x00000002   PAD
    0x080014bc   0x080014bc   0x00000070   Code   RO          275    .text.HAL_InitTick  stm32f4xx_hal.o
    0x0800152c   0x0800152c   0x00000002   Code   RO          277    .text.HAL_MspInit   stm32f4xx_hal.o
    0x0800152e   0x0800152e   0x00000002   PAD
    0x08001530   0x08001530   0x00000014   Code   RO          129    .text.HAL_NVIC_DisableIRQ  stm32f4xx_hal_cortex.o
    0x08001544   0x08001544   0x00000032   Code   RO          117    .text.HAL_NVIC_SetPriority  stm32f4xx_hal_cortex.o
    0x08001576   0x08001576   0x00000002   PAD
    0x08001578   0x08001578   0x00000010   Code   RO          113    .text.HAL_NVIC_SetPriorityGrouping  stm32f4xx_hal_cortex.o
    0x08001588   0x08001588   0x000000be   Code   RO          260    .text.HAL_PWREx_EnableOverDrive  stm32f4xx_hal_pwr_ex.o
    0x08001646   0x08001646   0x00000002   PAD
    0x08001648   0x08001648   0x00000262   Code   RO          345    .text.HAL_RCC_ClockConfig  stm32f4xx_hal_rcc.o
    0x080018aa   0x080018aa   0x00000002   PAD
    0x080018ac   0x080018ac   0x0000000c   Code   RO          355    .text.HAL_RCC_GetHCLKFreq  stm32f4xx_hal_rcc.o
    0x080018b8   0x080018b8   0x00000022   Code   RO          357    .text.HAL_RCC_GetPCLK1Freq  stm32f4xx_hal_rcc.o
    0x080018da   0x080018da   0x00000002   PAD
    0x080018dc   0x080018dc   0x000000e6   Code   RO          347    .text.HAL_RCC_GetSysClockFreq  stm32f4xx_hal_rcc.o
    0x080019c2   0x080019c2   0x00000002   PAD
    0x080019c4   0x080019c4   0x000006a4   Code   RO          343    .text.HAL_RCC_OscConfig  stm32f4xx_hal_rcc.o
    0x08002068   0x08002068   0x00000010   Code   RO          137    .text.HAL_SYSTICK_Config  stm32f4xx_hal_cortex.o
    0x08002078   0x08002078   0x00000122   Code   RO          838    .text.HAL_TIMEx_MasterConfigSynchronization  stm32f4xx_hal_tim_ex.o
    0x0800219a   0x0800219a   0x00000002   PAD
    0x0800219c   0x0800219c   0x00000048   Code   RO         1284    .text.HAL_TIM_MspPostInit  LCD_TIM.o
    0x080021e4   0x080021e4   0x00000144   Code   RO          542    .text.HAL_TIM_PWM_ConfigChannel  stm32f4xx_hal_tim.o
    0x08002328   0x08002328   0x00000058   Code   RO          430    .text.HAL_TIM_PWM_Init  stm32f4xx_hal_tim.o
    0x08002380   0x08002380   0x0000003e   Code   RO         1278    .text.HAL_TIM_PWM_MspInit  LCD_TIM.o
    0x080023be   0x080023be   0x00000002   PAD
    0x080023c0   0x080023c0   0x00000080   Code   RO          438    .text.HAL_TIM_PWM_Start  stm32f4xx_hal_tim.o
    0x08002440   0x08002440   0x00000004   Code   RO           87    .text.HardFault_Handler  stm32f4xx_it.o
    0x08002444   0x08002444   0x000000b6   Code   RO         1299    .text.LCDErrHandler  LCD_Tools.o
    0x080024fa   0x080024fa   0x00000002   PAD
    0x080024fc   0x080024fc   0x0000004a   Code   RO         1132    .text.LCD_Reset     LCD_Driver.o
    0x08002546   0x08002546   0x00000002   PAD
    0x08002548   0x08002548   0x00000014   Code   RO         1134    .text.LCD_SetBackLight  LCD_Driver.o
    0x0800255c   0x0800255c   0x00000022   Code   RO         1138    .text.LCD_SetGramScanWay  LCD_Driver.o
    0x0800257e   0x0800257e   0x00000002   PAD
    0x08002580   0x08002580   0x00000048   Code   RO         1140    .text.LCD_WriteCMD  LCD_Driver.o
    0x080025c8   0x080025c8   0x00000056   Code   RO         1136    .text.LCD_WriteCMDList  LCD_Driver.o
    0x0800261e   0x0800261e   0x00000002   PAD
    0x08002620   0x08002620   0x00000016   Code   RO         1150    .text.LCD_WriteParam  LCD_Driver.o
    0x08002636   0x08002636   0x00000002   PAD
    0x08002638   0x08002638   0x00000070   Code   RO         1146    .text.LCD_WriteParameters  LCD_Driver.o
    0x080026a8   0x080026a8   0x00000022   Code   RO         1152    .text.LCD_clear     LCD_Driver.o
    0x080026ca   0x080026ca   0x00000002   PAD
    0x080026cc   0x080026cc   0x0000018e   Code   RO         1148    .text.LCD_fillRectangleBW  LCD_Driver.o
    0x0800285a   0x0800285a   0x00000002   PAD
    0x0800285c   0x0800285c   0x000000ca   Code   RO         1142    .text.LCD_fillRectangleMC  LCD_Driver.o
    0x08002926   0x08002926   0x00000002   PAD
    0x08002928   0x08002928   0x00000070   Code   RO         1130    .text.LCD_init      LCD_Driver.o
    0x08002998   0x08002998   0x00000058   Code   RO         1144    .text.LCD_setWindow  LCD_Driver.o
    0x080029f0   0x080029f0   0x0000019e   Code   RO         1265    .text.MX_GPIO_Init  LCD_GPIO.o
    0x08002b8e   0x08002b8e   0x00000002   PAD
    0x08002b90   0x08002b90   0x000000aa   Code   RO         1276    .text.MX_TIM4_Init  LCD_TIM.o
    0x08002c3a   0x08002c3a   0x00000002   PAD
    0x08002c3c   0x08002c3c   0x00000004   Code   RO           89    .text.MemManage_Handler  stm32f4xx_it.o
    0x08002c40   0x08002c40   0x00000002   Code   RO           85    .text.NMI_Handler   stm32f4xx_it.o
    0x08002c42   0x08002c42   0x00000002   PAD
    0x08002c44   0x08002c44   0x0000006c   Code   RO          123    .text.NVIC_EncodePriority  stm32f4xx_hal_cortex.o
    0x08002cb0   0x08002cb0   0x00000050   Code   RO         1630    .text.P             stack.o
    0x08002d00   0x08002d00   0x00000038   Code   RO         1282    .text.PWM_SetValue  LCD_TIM.o
    0x08002d38   0x08002d38   0x00000002   Code   RO           99    .text.PendSV_Handler  stm32f4xx_it.o
    0x08002d3a   0x08002d3a   0x00000002   PAD
    0x08002d3c   0x08002d3c   0x0000000a   Code   RO         1252    .text.SPI4W_Read_Byte  LCD_SPI.o
    0x08002d46   0x08002d46   0x00000002   PAD
    0x08002d48   0x08002d48   0x000000b8   Code   RO         1246    .text.SPI4W_Write_Byte  LCD_SPI.o
    0x08002e00   0x08002e00   0x0000004c   Code   RO         1240    .text.SPIInitDevWithoutHAL  LCD_SPI.o
    0x08002e4c   0x08002e4c   0x000000da   Code   RO         1238    .text.SPIInitGPIOsWithoutHAL  LCD_SPI.o
    0x08002f26   0x08002f26   0x00000002   PAD
    0x08002f28   0x08002f28   0x0000000e   Code   RO         1236    .text.SPIinit       LCD_SPI.o
    0x08002f36   0x08002f36   0x00000002   PAD
    0x08002f38   0x08002f38   0x0000000a   Code   RO         1244    .text.SPIsetLCDSpeed  LCD_SPI.o
    0x08002f42   0x08002f42   0x00000002   PAD
    0x08002f44   0x08002f44   0x0000004a   Code   RO         1242    .text.SPIsetTPSpeed  LCD_SPI.o
    0x08002f8e   0x08002f8e   0x00000002   PAD
    0x08002f90   0x08002f90   0x00000002   Code   RO           95    .text.SVC_Handler   stm32f4xx_it.o
    0x08002f92   0x08002f92   0x00000002   PAD
    0x08002f94   0x08002f94   0x00000052   Code   RO          139    .text.SysTick_Config  stm32f4xx_hal_cortex.o
    0x08002fe6   0x08002fe6   0x00000002   PAD
    0x08002fe8   0x08002fe8   0x00000008   Code   RO          101    .text.SysTick_Handler  stm32f4xx_it.o
    0x08002ff0   0x08002ff0   0x000000b8   Code   RO         1401    .text.SystemClock_Config  init.o
    0x080030a8   0x080030a8   0x0000006e   Code   RO           71    .text.SystemInit    system_stm32f4xx.o
    0x08003116   0x08003116   0x00000002   PAD
    0x08003118   0x08003118   0x00000008   Code   RO         1274    .text.TIM4_Init     LCD_TIM.o
    0x08003120   0x08003120   0x0000019a   Code   RO          380    .text.TIM_Base_SetConfig  stm32f4xx_hal_tim.o
    0x080032ba   0x080032ba   0x00000002   PAD
    0x080032bc   0x080032bc   0x00000036   Code   RO          414    .text.TIM_CCxChannelCmd  stm32f4xx_hal_tim.o
    0x080032f2   0x080032f2   0x00000002   PAD
    0x080032f4   0x080032f4   0x000000ea   Code   RO          524    .text.TIM_OC1_SetConfig  stm32f4xx_hal_tim.o
    0x080033de   0x080033de   0x00000002   PAD
    0x080033e0   0x080033e0   0x000000f4   Code   RO          526    .text.TIM_OC2_SetConfig  stm32f4xx_hal_tim.o
    0x080034d4   0x080034d4   0x000000f2   Code   RO          528    .text.TIM_OC3_SetConfig  stm32f4xx_hal_tim.o
    0x080035c6   0x080035c6   0x00000002   PAD
    0x080035c8   0x080035c8   0x000000a4   Code   RO          530    .text.TIM_OC4_SetConfig  stm32f4xx_hal_tim.o
    0x0800366c   0x0800366c   0x00000032   Code   RO         1208    .text.TP_InitBasic  LCD_Touch.o
    0x0800369e   0x0800369e   0x00000002   PAD
    0x080036a0   0x080036a0   0x0000006e   Code   RO         1222    .text.TP_Read_ADC   LCD_Touch.o
    0x0800370e   0x0800370e   0x00000002   PAD
    0x08003710   0x08003710   0x00000128   Code   RO         1220    .text.TP_Read_ADC_Average  LCD_Touch.o
    0x08003838   0x08003838   0x00000020   Code   RO         1218    .text.TP_Read_ADC_XY  LCD_Touch.o
    0x08003858   0x08003858   0x000000f4   Code   RO         1216    .text.TP_Read_TwiceADC  LCD_Touch.o
    0x0800394c   0x0800394c   0x000000fc   Code   RO         1212    .text.TP_Scan       LCD_Touch.o
    0x08003a48   0x08003a48   0x0000002a   Code   RO         1210    .text.TP_SetDefaultCalibration  LCD_Touch.o
    0x08003a72   0x08003a72   0x00000002   PAD
    0x08003a74   0x08003a74   0x0000001c   Code   RO         1214    .text.TP_get        LCD_Touch.o
    0x08003a90   0x08003a90   0x00000008   Code   RO         1204    .text.TP_pressed    LCD_Touch.o
    0x08003a98   0x08003a98   0x0000001c   Code   RO         1506    .text.USART3_Control  USART_STM32F4xx.o
    0x08003ab4   0x08003ab4   0x00000018   Code   RO         1488    .text.USART3_GetCapabilities  USART_STM32F4xx.o
    0x08003acc   0x08003acc   0x00000018   Code   RO         1512    .text.USART3_GetModemStatus  USART_STM32F4xx.o
    0x08003ae4   0x08003ae4   0x00000010   Code   RO         1504    .text.USART3_GetRxCount  USART_STM32F4xx.o
    0x08003af4   0x08003af4   0x00000018   Code   RO         1508    .text.USART3_GetStatus  USART_STM32F4xx.o
    0x08003b0c   0x08003b0c   0x00000010   Code   RO         1502    .text.USART3_GetTxCount  USART_STM32F4xx.o
    0x08003b1c   0x08003b1c   0x00000010   Code   RO         1484    .text.USART3_IRQHandler  USART_STM32F4xx.o
    0x08003b2c   0x08003b2c   0x00000018   Code   RO         1490    .text.USART3_Initialize  USART_STM32F4xx.o
    0x08003b44   0x08003b44   0x0000001c   Code   RO         1494    .text.USART3_PowerControl  USART_STM32F4xx.o
    0x08003b60   0x08003b60   0x0000001c   Code   RO         1498    .text.USART3_Receive  USART_STM32F4xx.o
    0x08003b7c   0x08003b7c   0x0000001c   Code   RO         1496    .text.USART3_Send   USART_STM32F4xx.o
    0x08003b98   0x08003b98   0x0000001c   Code   RO         1510    .text.USART3_SetModemControl  USART_STM32F4xx.o
    0x08003bb4   0x08003bb4   0x00000020   Code   RO         1500    .text.USART3_Transfer  USART_STM32F4xx.o
    0x08003bd4   0x08003bd4   0x00000010   Code   RO         1492    .text.USART3_Uninitialize  USART_STM32F4xx.o
    0x08003be4   0x08003be4   0x00000d86   Code   RO         1540    .text.USART_Control  USART_STM32F4xx.o
    0x0800496a   0x0800496a   0x00000002   PAD
    0x0800496c   0x0800496c   0x00000010   Code   RO         1514    .text.USART_GetCapabilities  USART_STM32F4xx.o
    0x0800497c   0x0800497c   0x0000006a   Code   RO         1546    .text.USART_GetModemStatus  USART_STM32F4xx.o
    0x080049e6   0x080049e6   0x00000002   PAD
    0x080049e8   0x080049e8   0x0000000e   Code   RO         1538    .text.USART_GetRxCount  USART_STM32F4xx.o
    0x080049f6   0x080049f6   0x00000002   PAD
    0x080049f8   0x080049f8   0x000000d4   Code   RO         1542    .text.USART_GetStatus  USART_STM32F4xx.o
    0x08004acc   0x08004acc   0x0000000e   Code   RO         1536    .text.USART_GetTxCount  USART_STM32F4xx.o
    0x08004ada   0x08004ada   0x00000002   PAD
    0x08004adc   0x08004adc   0x00000402   Code   RO         1482    .text.USART_IRQHandler  USART_STM32F4xx.o
    0x08004ede   0x08004ede   0x00000002   PAD
    0x08004ee0   0x08004ee0   0x000000e0   Code   RO         1516    .text.USART_Initialize  USART_STM32F4xx.o
    0x08004fc0   0x08004fc0   0x0000024c   Code   RO         1528    .text.USART_PeripheralReset  USART_STM32F4xx.o
    0x0800520c   0x0800520c   0x0000045e   Code   RO         1522    .text.USART_PowerControl  USART_STM32F4xx.o
    0x0800566a   0x0800566a   0x00000002   PAD
    0x0800566c   0x0800566c   0x000000e4   Code   RO         1532    .text.USART_Receive  USART_STM32F4xx.o
    0x08005750   0x08005750   0x000000b6   Code   RO         1530    .text.USART_Send    USART_STM32F4xx.o
    0x08005806   0x08005806   0x00000002   PAD
    0x08005808   0x08005808   0x000000e2   Code   RO         1544    .text.USART_SetModemControl  USART_STM32F4xx.o
    0x080058ea   0x080058ea   0x00000002   PAD
    0x080058ec   0x080058ec   0x00000096   Code   RO         1534    .text.USART_Transfer  USART_STM32F4xx.o
    0x08005982   0x08005982   0x00000002   PAD
    0x08005984   0x08005984   0x000000c0   Code   RO         1520    .text.USART_Uninitialize  USART_STM32F4xx.o
    0x08005a44   0x08005a44   0x00000012   Code   RO         1486    .text.USARTx_GetVersion  USART_STM32F4xx.o
    0x08005a56   0x08005a56   0x00000002   PAD
    0x08005a58   0x08005a58   0x00000004   Code   RO           93    .text.UsageFault_Handler  stm32f4xx_it.o
    0x08005a5c   0x08005a5c   0x00000030   Code   RO         1524    .text.__NVIC_ClearPendingIRQ  USART_STM32F4xx.o
    0x08005a8c   0x08005a8c   0x00000038   Code   RO          131    .text.__NVIC_DisableIRQ  stm32f4xx_hal_cortex.o
    0x08005ac4   0x08005ac4   0x00000030   Code   RO         1526    .text.__NVIC_EnableIRQ  USART_STM32F4xx.o
    0x08005af4   0x08005af4   0x00000010   Code   RO          119    .text.__NVIC_GetPriorityGrouping  stm32f4xx_hal_cortex.o
    0x08005b04   0x08005b04   0x00000042   Code   RO          121    .text.__NVIC_SetPriority  stm32f4xx_hal_cortex.o
    0x08005b46   0x08005b46   0x00000002   PAD
    0x08005b48   0x08005b48   0x0000003c   Code   RO          115    .text.__NVIC_SetPriorityGrouping  stm32f4xx_hal_cortex.o
    0x08005b84   0x08005b84   0x00000048   Code   RO         1250    .text.check_SPI_SR  LCD_SPI.o
    0x08005bcc   0x08005bcc   0x00000010   Code   RO         1587    .text.clearEchoTerm  display.o
    0x08005bdc   0x08005bdc   0x00000010   Code   RO         1585    .text.clearStdout   display.o
    0x08005bec   0x08005bec   0x00000028   Code   RO         1416    .text.clearTerm     terminal.o
    0x08005c14   0x08005c14   0x0000002c   Code   RO         1634    .text.d             stack.o
    0x08005c40   0x08005c40   0x000000c8   Code   RO         1414    .text.genTerm       terminal.o
    0x08005d08   0x08005d08   0x00000064   Code   RO         1445    .text.getKeyPadInput  keypad.o
    0x08005d6c   0x08005d6c   0x00000040   Code   RO         1451    .text.getValidButton  keypad.o
    0x08005dac   0x08005dac   0x000000d0   Code   RO         1591    .text.initDisplay   display.o
    0x08005e7c   0x08005e7c   0x00000140   Code   RO         1403    .text.initGPIOs     init.o
    0x08005fbc   0x08005fbc   0x00000014   Code   RO         1399    .text.initITSboard  init.o
    0x08005fd0   0x08005fd0   0x000000b4   Code   RO         1301    .text.itoa          LCD_Tools.o
    0x08006084   0x08006084   0x000001d2   Code   RO         1367    .text.lcdPrintS     lcd.o
    0x08006256   0x08006256   0x00000002   PAD
    0x08006258   0x08006258   0x000002d0   Code   RO         1575    .text.main          main.o
    0x08006528   0x08006528   0x000000d2   Code   RO         1441    .text.makeKeyPad    keypad.o
    0x080065fa   0x080065fa   0x00000002   PAD
    0x080065fc   0x080065fc   0x00000008   Code   RO         1612    .text.nextChar      scanner.o
    0x08006604   0x08006604   0x0000014a   Code   RO         1610    .text.nextToken     scanner.o
    0x0800674e   0x0800674e   0x00000002   PAD
    0x08006750   0x08006750   0x0000012a   Code   RO         1628    .text.p             stack.o
    0x0800687a   0x0800687a   0x00000002   PAD
    0x0800687c   0x0800687c   0x00000246   Code   RO         1443    .text.printButton   keypad.o
    0x08006ac2   0x08006ac2   0x00000002   PAD
    0x08006ac4   0x08006ac4   0x0000009c   Code   RO         1422    .text.printChar     terminal.o
    0x08006b60   0x08006b60   0x000000b2   Code   RO         1333    .text.printDebugMsg  LCD_Debug.o
    0x08006c12   0x08006c12   0x00000002   PAD
    0x08006c14   0x08006c14   0x00000020   Code   RO         1426    .text.printNewLine  terminal.o
    0x08006c34   0x08006c34   0x00000018   Code   RO         1589    .text.printStdout   display.o
    0x08006c4c   0x08006c4c   0x0000003c   Code   RO         1424    .text.printTerm     terminal.o
    0x08006c88   0x08006c88   0x00000028   Code   RO         1593    .text.printToEchoLine  display.o
    0x08006cb0   0x08006cb0   0x00000066   Code   RO         1636    .text.r             stack.o
    0x08006d16   0x08006d16   0x00000002   PAD
    0x08006d18   0x08006d18   0x00000030   Code   RO         1248    .text.save_restore_AltFn_SPI1_MOSI_Pin  LCD_SPI.o
    0x08006d48   0x08006d48   0x0000016a   Code   RO         1447    .text.selectButton  keypad.o
    0x08006eb2   0x08006eb2   0x00000002   PAD
    0x08006eb4   0x08006eb4   0x00000048   Code   RO         1626    .text.stack_pop     stack.o
    0x08006efc   0x08006efc   0x00000046   Code   RO         1624    .text.stack_push    stack.o
    0x08006f42   0x08006f42   0x00000002   PAD
    0x08006f44   0x08006f44   0x000000ae   Code   RO         1562    .text.stdinout_init  stdinout_USART.o
    0x08006ff2   0x08006ff2   0x00000002   PAD
    0x08006ff4   0x08006ff4   0x00000046   Code   RO         1369    .text.stringCopy    lcd.o
    0x0800703a   0x0800703a   0x00000002   PAD
    0x0800703c   0x0800703c   0x000000ea   Code   RO         1453    .text.touchCoordinateToKey  keypad.o
    0x08007126   0x08007126   0x0000000e   Code   RO         1760    i.__scatterload_copy  mc_w.l(handlers.o)
    0x08007134   0x08007134   0x00000002   Code   RO         1761    i.__scatterload_null  mc_w.l(handlers.o)
    0x08007136   0x08007136   0x0000000e   Code   RO         1762    i.__scatterload_zeroinit  mc_w.l(handlers.o)
    0x08007144   0x08007144   0x00000010   Data   RO           76    .rodata.AHBPrescTable  system_stm32f4xx.o
    0x08007154   0x08007154   0x00000008   Data   RO           77    .rodata.APBPrescTable  system_stm32f4xx.o
    0x0800715c   0x0800715c   0x00000038   Data   RO         1548    .rodata.Driver_USART3  USART_STM32F4xx.o
    0x08007194   0x08007194   0x00000034   Data   RO         1553    .rodata.USART3_Resources  USART_STM32F4xx.o
    0x080071c8   0x080071c8   0x0000000c   Data   RO         1550    .rodata.USART3_rx   USART_STM32F4xx.o
    0x080071d4   0x080071d4   0x0000000c   Data   RO         1549    .rodata.USART3_tx   USART_STM32F4xx.o
    0x080071e0   0x080071e0   0x00000067   Data   RO         1158    .rodata.initCmds    LCD_Driver.o
    0x08007247   0x08007247   0x00000001   PAD
    0x08007248   0x08007248   0x00000150   Data   RO         1455    .rodata.keypad      keypad.o
    0x08007398   0x08007398   0x0000004c   Data   RO         1190    .rodata.str1.1      LCD_GUI.o
    0x080073e4   0x080073e4   0x0000004c   Data   RO         1254    .rodata.str1.1      LCD_SPI.o
    0x08007430   0x08007430   0x0000004c   Data   RO         1287    .rodata.str1.1      LCD_TIM.o
    0x0800747c   0x0800747c   0x0000001c   Data   RO         1336    .rodata.str1.1      LCD_Debug.o
    0x08007498   0x08007498   0x00000054   Data   RO         1432    .rodata.str1.1      terminal.o
    0x080074ec   0x080074ec   0x0000003d   Data   RO         1577    .rodata.str1.1      main.o
    0x08007529   0x08007529   0x00000002   Data   RO         1640    .rodata.str1.1      stack.o
    0x0800752b   0x0800752b   0x00000001   PAD
    0x0800752c   0x0800752c   0x00000020   Data   RO         1759    Region$$Table       anon$$obj.o


    Execution Region RW_IRAM1 (Exec base: 0x20000000, Load base: 0x08007550, Size: 0x00000580, Max: 0x00030000, ABSOLUTE)

    Exec Addr    Load Addr    Size         Type   Attr      Idx    E Section Name        Object

    0x20000000   0x08007550   0x00000008   Data   RW         1108    .data.Consolas40FLASH  fontsFLASH.o
    0x20000008   0x08007558   0x00000008   Data   RW         1102    .data.Font16FLASH   fontsFLASH.o
    0x20000010   0x08007560   0x00000004   Data   RW           75    .data.SystemCoreClock  system_stm32f4xx.o
    0x20000014   0x08007564   0x00000004   Data   RW         1385    .data.crd           lcd.o
    0x20000018   0x08007568   0x00000018   Data   RW         1602    .data.echoTerm      display.o
    0x20000030   0x08007580   0x00000004   Data   RW         1386    .data.fontHeight    lcd.o
    0x20000034   0x08007584   0x00000004   Data   RW         1384    .data.fontWidth     lcd.o
    0x20000038   0x08007588   0x00000004   Data   RW         1387    .data.lcdFont       lcd.o
    0x2000003c   0x0800758c   0x00000004   Data   RW         1383    .data.lcdmaxx       lcd.o
    0x20000040   0x08007590   0x00000004   Data   RW         1389    .data.lcdmaxy       lcd.o
    0x20000044   0x08007594   0x00000001   Data   RW         1614    .data.nextToken.c   scanner.o
    0x20000045   0x08007595   0x00000003   PAD
    0x20000048   0x08007598   0x00000004   Data   RW         1255    .data.save_restore_AltFn_SPI1_MOSI_Pin.saved_AF  LCD_SPI.o
    0x2000004c   0x0800759c   0x00000018   Data   RW         1601    .data.stdoutTerm    display.o
    0x20000064   0x080075b4   0x00000001   Data   RW          332    .data.uwTickFreq    stm32f4xx_hal.o
    0x20000065   0x080075b5   0x00000003   PAD
    0x20000068   0x080075b8   0x00000004   Data   RW          331    .data.uwTickPrio    stm32f4xx_hal.o
    0x2000006c   0x080075bc   0x00000004   PAD
    0x20000070        -       0x00000048   Zero   RW          105    .bss.EthHandle      stm32f4xx_it.o
    0x200000b8        -       0x00000028   Zero   RW         1639    .bss.Stack          stack.o
    0x200000e0        -       0x00000014   Zero   RW         1551    .bss.USART3_Info    USART_STM32F4xx.o
    0x200000f4        -       0x00000024   Zero   RW         1552    .bss.USART3_TransferInfo  USART_STM32F4xx.o
    0x20000118        -       0x00000004   Zero   RW         1638    .bss.count          stack.o
    0x2000011c        -       0x00000040   Zero   RW         1286    .bss.htim4          LCD_TIM.o
    0x2000015c        -       0x00000002   Zero   RW         1388    .bss.lcdColor       lcd.o
    0x2000015e   0x080075bc   0x00000002   PAD
    0x20000160        -       0x00000018   Zero   RW         1227    .bss.sTP_DEV        LCD_Touch.o
    0x20000178        -       0x00000004   Zero   RW          333    .bss.uwTick         stm32f4xx_hal.o
    0x2000017c   0x080075bc   0x00000004   PAD
    0x20000180        -       0x00000400   Zero   RW           61    STACK               startup_stm32f429xx.o


==============================================================================

Image component sizes


      Code (inc. data)   RO Data    RW Data    ZI Data      Debug   Object Name

       178          0         28          0          0       1169   LCD_Debug.o
      1254          0        103          0          0       4536   LCD_Driver.o
       422          0          0          0          0       2670   LCD_GPIO.o
      1284          0         76          0          0       6682   LCD_GUI.o
       706          0         76          4          0       5430   LCD_SPI.o
       368          0         76          0         64       6126   LCD_TIM.o
       410          0          0          0          0       3078   LCD_Tools.o
      1062          8          0          0         24       6421   LCD_Touch.o
      8678         52        132          0         56      22482   USART_STM32F4xx.o
       304          0          0         48          0       2346   display.o
       232          0          0          0          0       2405   error.o
         0          0          0         16          0       1867   fontsFLASH.o
       524          0          0          0          0       3864   init.o
      1552          0        336          0          0       5162   keypad.o
       536          0          0         24          2       3854   lcd.o
       720        146         61          0          0       1321   main.o
       338         74          0          1          0       1062   scanner.o
       686          0          2          0         44       2038   stack.o
        36          8        428          0       1024        996   startup_stm32f429xx.o
       174          0          0          0          0       1534   stdinout_USART.o
       264          0          0          5          4       7887   stm32f4xx_hal.o
       490          0          0          0          0       9948   stm32f4xx_hal_cortex.o
       234          0          0          0          0       8819   stm32f4xx_hal_dma.o
       218          0          0          0          0      16117   stm32f4xx_hal_eth.o
      1754          0          0          0          0       5536   stm32f4xx_hal_gpio.o
       190          0          0          0          0       4792   stm32f4xx_hal_pwr_ex.o
      2586          0          0          0          0       8073   stm32f4xx_hal_rcc.o
      1888         14          0          0          0      31891   stm32f4xx_hal_tim.o
       290          0          0          0          0      13145   stm32f4xx_hal_tim_ex.o
        48          0          0          0         72       4856   stm32f4xx_it.o
       110          0         24          4          0       2849   system_stm32f4xx.o
       488          0         84          0          0       3333   terminal.o

    ----------------------------------------------------------------------
     28162        302       1460        108       1300     202289   Object Totals
         0          0         32          0          0          0   (incl. Generated)
       138          0          2          6         10          0   (incl. Padding)

    ----------------------------------------------------------------------

      Code (inc. data)   RO Data    RW Data    ZI Data      Debug   Library Member Name

         0          0          0          0          0          0   entry.o
         0          0          0          0          0          0   entry10a.o
         0          0          0          0          0          0   entry11a.o
         8          4          0          0          0          0   entry2.o
         4          0          0          0          0          0   entry5.o
         0          0          0          0          0          0   entry7b.o
         0          0          0          0          0          0   entry8b.o
         8          4          0          0          0          0   entry9a.o
        30          0          0          0          0          0   handlers.o
        48         10          0          0          0         68   init.o
        98          0          0          0          0         84   ldiv.o
        30          0          0          0          0         68   llshl.o
        32          0          0          0          0         68   llushr.o
        36          0          0          0          0        108   memseta.o
        14          0          0          0          0         68   strlen.o
        98          0          0          0          0         92   uldiv.o

    ----------------------------------------------------------------------
       406         18          0          0          0        556   Library Totals
         0          0          0          0          0          0   (incl. Padding)

    ----------------------------------------------------------------------

      Code (inc. data)   RO Data    RW Data    ZI Data      Debug   Library Name

       406         18          0          0          0        556   mc_w.l

    ----------------------------------------------------------------------
       406         18          0          0          0        556   Library Totals

    ----------------------------------------------------------------------

==============================================================================


      Code (inc. data)   RO Data    RW Data    ZI Data      Debug   

     28568        320       1460        108       1300     202313   Grand Totals
     28568        320       1460        108       1300     202313   ELF Image Totals
     28568        320       1460        108          0          0   ROM Totals

==============================================================================

    Total RO  Size (Code + RO Data)                30028 (  29.32kB)
    Total RW  Size (RW Data + ZI Data)              1408 (   1.38kB)
    Total ROM Size (Code + RO Data + RW Data)      30136 (  29.43kB)

==============================================================================

